Archive member included to satisfy reference by file (symbol)

c:/st/stm32cubeide_1.8.0/stm32cubeide/plugins/com.st.stm32cube.ide.mcu.externaltools.gnu-tools-for-stm32.9-2020-q2-update.win32_2.0.0.202105311346/tools/bin/../lib/gcc/arm-none-eabi/9.3.1/../../../../arm-none-eabi/lib/thumb/v7e-m+fp/hard\libc_nano.a(lib_a-errno.o)
                              ./Src/syscalls.o (__errno)
c:/st/stm32cubeide_1.8.0/stm32cubeide/plugins/com.st.stm32cube.ide.mcu.externaltools.gnu-tools-for-stm32.9-2020-q2-update.win32_2.0.0.202105311346/tools/bin/../lib/gcc/arm-none-eabi/9.3.1/../../../../arm-none-eabi/lib/thumb/v7e-m+fp/hard\libc_nano.a(lib_a-exit.o)
                              c:/st/stm32cubeide_1.8.0/stm32cubeide/plugins/com.st.stm32cube.ide.mcu.externaltools.gnu-tools-for-stm32.9-2020-q2-update.win32_2.0.0.202105311346/tools/bin/../lib/gcc/arm-none-eabi/9.3.1/../../../../arm-none-eabi/lib/thumb/v7e-m+fp/hard/crt0.o (exit)
c:/st/stm32cubeide_1.8.0/stm32cubeide/plugins/com.st.stm32cube.ide.mcu.externaltools.gnu-tools-for-stm32.9-2020-q2-update.win32_2.0.0.202105311346/tools/bin/../lib/gcc/arm-none-eabi/9.3.1/../../../../arm-none-eabi/lib/thumb/v7e-m+fp/hard\libc_nano.a(lib_a-impure.o)
                              c:/st/stm32cubeide_1.8.0/stm32cubeide/plugins/com.st.stm32cube.ide.mcu.externaltools.gnu-tools-for-stm32.9-2020-q2-update.win32_2.0.0.202105311346/tools/bin/../lib/gcc/arm-none-eabi/9.3.1/../../../../arm-none-eabi/lib/thumb/v7e-m+fp/hard\libc_nano.a(lib_a-exit.o) (_global_impure_ptr)
c:/st/stm32cubeide_1.8.0/stm32cubeide/plugins/com.st.stm32cube.ide.mcu.externaltools.gnu-tools-for-stm32.9-2020-q2-update.win32_2.0.0.202105311346/tools/bin/../lib/gcc/arm-none-eabi/9.3.1/../../../../arm-none-eabi/lib/thumb/v7e-m+fp/hard\libc_nano.a(lib_a-init.o)
                              c:/st/stm32cubeide_1.8.0/stm32cubeide/plugins/com.st.stm32cube.ide.mcu.externaltools.gnu-tools-for-stm32.9-2020-q2-update.win32_2.0.0.202105311346/tools/bin/../lib/gcc/arm-none-eabi/9.3.1/../../../../arm-none-eabi/lib/thumb/v7e-m+fp/hard/crt0.o (__libc_init_array)
c:/st/stm32cubeide_1.8.0/stm32cubeide/plugins/com.st.stm32cube.ide.mcu.externaltools.gnu-tools-for-stm32.9-2020-q2-update.win32_2.0.0.202105311346/tools/bin/../lib/gcc/arm-none-eabi/9.3.1/../../../../arm-none-eabi/lib/thumb/v7e-m+fp/hard\libc_nano.a(lib_a-memcpy-stub.o)
                              ./Src/timer.o (memcpy)
c:/st/stm32cubeide_1.8.0/stm32cubeide/plugins/com.st.stm32cube.ide.mcu.externaltools.gnu-tools-for-stm32.9-2020-q2-update.win32_2.0.0.202105311346/tools/bin/../lib/gcc/arm-none-eabi/9.3.1/../../../../arm-none-eabi/lib/thumb/v7e-m+fp/hard\libc_nano.a(lib_a-memset.o)
                              c:/st/stm32cubeide_1.8.0/stm32cubeide/plugins/com.st.stm32cube.ide.mcu.externaltools.gnu-tools-for-stm32.9-2020-q2-update.win32_2.0.0.202105311346/tools/bin/../lib/gcc/arm-none-eabi/9.3.1/../../../../arm-none-eabi/lib/thumb/v7e-m+fp/hard/crt0.o (memset)
c:/st/stm32cubeide_1.8.0/stm32cubeide/plugins/com.st.stm32cube.ide.mcu.externaltools.gnu-tools-for-stm32.9-2020-q2-update.win32_2.0.0.202105311346/tools/bin/../lib/gcc/arm-none-eabi/9.3.1/../../../../arm-none-eabi/lib/thumb/v7e-m+fp/hard\libc_nano.a(lib_a-printf.o)
                              ./Src/GameScreen.o (printf)
c:/st/stm32cubeide_1.8.0/stm32cubeide/plugins/com.st.stm32cube.ide.mcu.externaltools.gnu-tools-for-stm32.9-2020-q2-update.win32_2.0.0.202105311346/tools/bin/../lib/gcc/arm-none-eabi/9.3.1/../../../../arm-none-eabi/lib/thumb/v7e-m+fp/hard\libc_nano.a(lib_a-putchar.o)
                              ./Src/GameScreen.o (putchar)
c:/st/stm32cubeide_1.8.0/stm32cubeide/plugins/com.st.stm32cube.ide.mcu.externaltools.gnu-tools-for-stm32.9-2020-q2-update.win32_2.0.0.202105311346/tools/bin/../lib/gcc/arm-none-eabi/9.3.1/../../../../arm-none-eabi/lib/thumb/v7e-m+fp/hard\libc_nano.a(lib_a-setbuf.o)
                              ./Src/30010_io.o (setbuf)
c:/st/stm32cubeide_1.8.0/stm32cubeide/plugins/com.st.stm32cube.ide.mcu.externaltools.gnu-tools-for-stm32.9-2020-q2-update.win32_2.0.0.202105311346/tools/bin/../lib/gcc/arm-none-eabi/9.3.1/../../../../arm-none-eabi/lib/thumb/v7e-m+fp/hard\libc_nano.a(lib_a-setvbuf.o)
                              c:/st/stm32cubeide_1.8.0/stm32cubeide/plugins/com.st.stm32cube.ide.mcu.externaltools.gnu-tools-for-stm32.9-2020-q2-update.win32_2.0.0.202105311346/tools/bin/../lib/gcc/arm-none-eabi/9.3.1/../../../../arm-none-eabi/lib/thumb/v7e-m+fp/hard\libc_nano.a(lib_a-setbuf.o) (setvbuf)
c:/st/stm32cubeide_1.8.0/stm32cubeide/plugins/com.st.stm32cube.ide.mcu.externaltools.gnu-tools-for-stm32.9-2020-q2-update.win32_2.0.0.202105311346/tools/bin/../lib/gcc/arm-none-eabi/9.3.1/../../../../arm-none-eabi/lib/thumb/v7e-m+fp/hard\libc_nano.a(lib_a-sprintf.o)
                              ./Src/LCDgameplay.o (sprintf)
[...]
Memory Configuration

Name             Origin             Length             Attributes
RAM              0x0000000020000000 0x0000000000004000 xrw
ROM              0x0000000008000000 0x0000000000010000 xr
*default*        0x0000000000000000 0xffffffffffffffff

Linker script and memory map

LOAD c:/st/stm32cubeide_1.8.0/stm32cubeide/plugins/com.st.stm32cube.ide.mcu.externaltools.gnu-tools-for-stm32.9-2020-q2-update.win32_2.0.0.202105311346/tools/bin/../lib/gcc/arm-none-eabi/9.3.1/thumb/v7e-m+fp/hard/crti.o
LOAD c:/st/stm32cubeide_1.8.0/stm32cubeide/plugins/com.st.stm32cube.ide.mcu.externaltools.gnu-tools-for-stm32.9-2020-q2-update.win32_2.0.0.202105311346/tools/bin/../lib/gcc/arm-none-eabi/9.3.1/thumb/v7e-m+fp/hard/crtbegin.o
LOAD c:/st/stm32cubeide_1.8.0/stm32cubeide/plugins/com.st.stm32cube.ide.mcu.externaltools.gnu-tools-for-stm32.9-2020-q2-update.win32_2.0.0.202105311346/tools/bin/../lib/gcc/arm-none-eabi/9.3.1/../../../../arm-none-eabi/lib/thumb/v7e-m+fp/hard/crt0.o
LOAD ./SPL/src/stm32f30x_adc.o
LOAD ./SPL/src/stm32f30x_can.o
LOAD ./SPL/src/stm32f30x_comp.o
LOAD ./SPL/src/stm32f30x_crc.o
LOAD ./SPL/src/stm32f30x_dac.o
LOAD ./SPL/src/stm32f30x_dbgmcu.o
LOAD ./SPL/src/stm32f30x_dma.o
LOAD ./SPL/src/stm32f30x_exti.o
LOAD ./SPL/src/stm32f30x_flash.o
LOAD ./SPL/src/stm32f30x_gpio.o
LOAD ./SPL/src/stm32f30x_i2c.o
LOAD ./SPL/src/stm32f30x_iwdg.o
LOAD ./SPL/src/stm32f30x_misc.o
LOAD ./SPL/src/stm32f30x_opamp.o
LOAD ./SPL/src/stm32f30x_pwr.o
LOAD ./SPL/src/stm32f30x_rcc.o
LOAD ./SPL/src/stm32f30x_rtc.o
LOAD ./SPL/src/stm32f30x_spi.o
LOAD ./SPL/src/stm32f30x_syscfg.o
LOAD ./SPL/src/stm32f30x_tim.o
LOAD ./SPL/src/stm32f30x_usart.o
LOAD ./SPL/src/stm32f30x_wwdg.o
LOAD ./Src/30010_io.o
LOAD ./Src/GameScreen.o
LOAD ./Src/Joystick.o
LOAD ./Src/LCD.o
LOAD ./Src/LCDgameplay.o
LOAD ./Src/LED.o
LOAD ./Src/ansi_S.o
LOAD ./Src/astroid.o
LOAD ./Src/buzzer.o
LOAD ./Src/charset.o
LOAD ./Src/main.o
LOAD ./Src/menu.o
LOAD ./Src/rocet.o
LOAD ./Src/screen.o
LOAD ./Src/syscalls.o
LOAD ./Src/sysmem.o
LOAD ./Src/system_stm32f30x.o
LOAD ./Src/timer.o
LOAD ./Src/window.o
LOAD ./Startup/startup_stm32f302r8tx.o
START GROUP
LOAD c:/st/stm32cubeide_1.8.0/stm32cubeide/plugins/com.st.stm32cube.ide.mcu.externaltools.gnu-tools-for-stm32.9-2020-q2-update.win32_2.0.0.202105311346/tools/bin/../lib/gcc/arm-none-eabi/9.3.1/../../../../arm-none-eabi/lib/thumb/v7e-m+fp/hard\libc_nano.a
LOAD c:/st/stm32cubeide_1.8.0/stm32cubeide/plugins/com.st.stm32cube.ide.mcu.externaltools.gnu-tools-for-stm32.9-2020-q2-update.win32_2.0.0.202105311346/tools/bin/../lib/gcc/arm-none-eabi/9.3.1/../../../../arm-none-eabi/lib/thumb/v7e-m+fp/hard\libm.a
END GROUP
START GROUP
LOAD c:/st/stm32cubeide_1.8.0/stm32cubeide/plugins/com.st.stm32cube.ide.mcu.externaltools.gnu-tools-for-stm32.9-2020-q2-update.win32_2.0.0.202105311346/tools/bin/../lib/gcc/arm-none-eabi/9.3.1/thumb/v7e-m+fp/hard\libgcc.a
LOAD c:/st/stm32cubeide_1.8.0/stm32cubeide/plugins/com.st.stm32cube.ide.mcu.externaltools.gnu-tools-for-stm32.9-2020-q2-update.win32_2.0.0.202105311346/tools/bin/../lib/gcc/arm-none-eabi/9.3.1/../../../../arm-none-eabi/lib/thumb/v7e-m+fp/hard\libc_nano.a
END GROUP
START GROUP
LOAD c:/st/stm32cubeide_1.8.0/stm32cubeide/plugins/com.st.stm32cube.ide.mcu.externaltools.gnu-tools-for-stm32.9-2020-q2-update.win32_2.0.0.202105311346/tools/bin/../lib/gcc/arm-none-eabi/9.3.1/thumb/v7e-m+fp/hard\libgcc.a
LOAD c:/st/stm32cubeide_1.8.0/stm32cubeide/plugins/com.st.stm32cube.ide.mcu.externaltools.gnu-tools-for-stm32.9-2020-q2-update.win32_2.0.0.202105311346/tools/bin/../lib/gcc/arm-none-eabi/9.3.1/../../../../arm-none-eabi/lib/thumb/v7e-m+fp/hard\libc_nano.a
LOAD c:/st/stm32cubeide_1.8.0/stm32cubeide/plugins/com.st.stm32cube.ide.mcu.externaltools.gnu-tools-for-stm32.9-2020-q2-update.win32_2.0.0.202105311346/tools/bin/../lib/gcc/arm-none-eabi/9.3.1/../../../../arm-none-eabi/lib/thumb/v7e-m+fp/hard\libnosys.a
END GROUP
START GROUP
LOAD c:/st/stm32cubeide_1.8.0/stm32cubeide/plugins/com.st.stm32cube.ide.mcu.externaltools.gnu-tools-for-stm32.9-2020-q2-update.win32_2.0.0.202105311346/tools/bin/../lib/gcc/arm-none-eabi/9.3.1/thumb/v7e-m+fp/hard\libgcc.a
LOAD c:/st/stm32cubeide_1.8.0/stm32cubeide/plugins/com.st.stm32cube.ide.mcu.externaltools.gnu-tools-for-stm32.9-2020-q2-update.win32_2.0.0.202105311346/tools/bin/../lib/gcc/arm-none-eabi/9.3.1/../../../../arm-none-eabi/lib/thumb/v7e-m+fp/hard\libc_nano.a
LOAD c:/st/stm32cubeide_1.8.0/stm32cubeide/plugins/com.st.stm32cube.ide.mcu.externaltools.gnu-tools-for-stm32.9-2020-q2-update.win32_2.0.0.202105311346/tools/bin/../lib/gcc/arm-none-eabi/9.3.1/../../../../arm-none-eabi/lib/thumb/v7e-m+fp/hard\libnosys.a
END GROUP
LOAD c:/st/stm32cubeide_1.8.0/stm32cubeide/plugins/com.st.stm32cube.ide.mcu.externaltools.gnu-tools-for-stm32.9-2020-q2-update.win32_2.0.0.202105311346/tools/bin/../lib/gcc/arm-none-eabi/9.3.1/thumb/v7e-m+fp/hard/crtend.o
LOAD c:/st/stm32cubeide_1.8.0/stm32cubeide/plugins/com.st.stm32cube.ide.mcu.externaltools.gnu-tools-for-stm32.9-2020-q2-update.win32_2.0.0.202105311346/tools/bin/../lib/gcc/arm-none-eabi/9.3.1/thumb/v7e-m+fp/hard/crtn.o
                0x0000000020004000                _estack = (ORIGIN (RAM) + LENGTH (RAM))
                0x0000000000000200                _Min_Heap_Size = 0x200
                0x0000000000000400                _Min_Stack_Size = 0x400

.isr_vector     0x0000000008000000      0x188
                0x0000000008000000                . = ALIGN (0x4)
 *(.isr_vector)
 .isr_vector    0x0000000008000000      0x188 ./Startup/startup_stm32f302r8tx.o
                0x0000000008000000                g_pfnVectors
                0x0000000008000188                . = ALIGN (0x4)

.text           0x0000000008000190     0x93bc
                0x0000000008000190                . = ALIGN (0x4)
 *(.text)
 .text          0x0000000008000190       0x40 c:/st/stm32cubeide_1.8.0/stm32cubeide/plugins/com.st.stm32cube.ide.mcu.externaltools.gnu-tools-for-stm32.9-2020-q2-update.win32_2.0.0.202105311346/tools/bin/../lib/gcc/arm-none-eabi/9.3.1/thumb/v7e-m+fp/hard/crtbegin.o
 .text          0x00000000080001d0       0x10 c:/st/stm32cubeide_1.8.0/stm32cubeide/plugins/com.st.stm32cube.ide.mcu.externaltools.gnu-tools-for-stm32.9-2020-q2-update.win32_2.0.0.202105311346/tools/bin/../lib/gcc/arm-none-eabi/9.3.1/../../../../arm-none-eabi/lib/thumb/v7e-m+fp/hard\libc_nano.a(lib_a-strlen.o)
                0x00000000080001d0                strlen
 .text          0x00000000080001e0       0xa0 c:/st/stm32cubeide_1.8.0/stm32cubeide/plugins/com.st.stm32cube.ide.mcu.externaltools.gnu-tools-for-stm32.9-2020-q2-update.win32_2.0.0.202105311346/tools/bin/../lib/gcc/arm-none-eabi/9.3.1/../../../../arm-none-eabi/lib/thumb/v7e-m+fp/hard\libc_nano.a(lib_a-memchr.o)
                0x00000000080001e0                memchr
 .text          0x0000000008000280      0x378 c:/st/stm32cubeide_1.8.0/stm32cubeide/plugins/com.st.stm32cube.ide.mcu.externaltools.gnu-tools-for-stm32.9-2020-q2-update.win32_2.0.0.202105311346/tools/bin/../lib/gcc/arm-none-eabi/9.3.1/thumb/v7e-m+fp/hard\libgcc.a(_arm_addsubdf3.o)
                0x0000000008000280                __aeabi_drsub
                0x0000000008000288                __aeabi_dsub
                0x0000000008000288                __subdf3
                0x000000000800028c                __aeabi_dadd
                0x000000000800028c                __adddf3
                0x0000000008000504                __floatunsidf
                0x0000000008000504                __aeabi_ui2d
                0x0000000008000524                __floatsidf
                0x0000000008000524                __aeabi_i2d
                0x0000000008000548                __aeabi_f2d
                0x0000000008000548                __extendsfdf2
                0x000000000800058c                __floatundidf
                0x000000000800058c                __aeabi_ul2d
                0x000000000800059c                __floatdidf
                0x000000000800059c                __aeabi_l2d
 .text          0x00000000080005f8      0x424 c:/st/stm32cubeide_1.8.0/stm32cubeide/plugins/com.st.stm32cube.ide.mcu.externaltools.gnu-tools-for-stm32.9-2020-q2-update.win32_2.0.0.202105311346/tools/bin/../lib/gcc/arm-none-eabi/9.3.1/thumb/v7e-m+fp/hard\libgcc.a(_arm_muldivdf3.o)
                0x00000000080005f8                __aeabi_dmul
                0x00000000080005f8                __muldf3
                0x000000000800084c                __divdf3
                0x000000000800084c                __aeabi_ddiv
 .text          0x0000000008000a1c       0x40 c:/st/stm32cubeide_1.8.0/stm32cubeide/plugins/com.st.stm32cube.ide.mcu.externaltools.gnu-tools-for-stm32.9-2020-q2-update.win32_2.0.0.202105311346/tools/bin/../lib/gcc/arm-none-eabi/9.3.1/thumb/v7e-m+fp/hard\libgcc.a(_arm_fixunsdfsi.o)
                0x0000000008000a1c                __aeabi_d2uiz
                0x0000000008000a1c                __fixunsdfsi
 *(.text*)
 .text.GPIO_PinAFConfig
                0x0000000008000a5c       0x92 ./SPL/src/stm32f30x_gpio.o
                0x0000000008000a5c                GPIO_PinAFConfig
 *fill*         0x0000000008000aee        0x2 
 .text.RCC_GetClocksFreq
                0x0000000008000af0      0x428 ./SPL/src/stm32f30x_rcc.o
                0x0000000008000af0                RCC_GetClocksFreq
 .text.SPI_SendData8
                0x0000000008000f18       0x2c ./SPL/src/stm32f30x_spi.o
                0x0000000008000f18                SPI_SendData8
 .text.SPI_I2S_GetFlagStatus
                0x0000000008000f44       0x38 ./SPL/src/stm32f30x_spi.o
                0x0000000008000f44                SPI_I2S_GetFlagStatus
 .text.USART_SendData
                0x0000000008000f7c       0x24 ./SPL/src/stm32f30x_usart.o
                0x0000000008000f7c                USART_SendData
 .text.USART_ITConfig
                0x0000000008000fa0       0x84 ./SPL/src/stm32f30x_usart.o
                0x0000000008000fa0                USART_ITConfig
 .text.USART_GetFlagStatus
                0x0000000008001024       0x32 ./SPL/src/stm32f30x_usart.o
                0x0000000008001024                USART_GetFlagStatus
 .text.USART_GetITStatus
                0x0000000008001056       0xa0 ./SPL/src/stm32f30x_usart.o
                0x0000000008001056                USART_GetITStatus
 *fill*         0x00000000080010f6        0x2 
 .text.NVIC_EnableIRQ
                0x00000000080010f8       0x34 ./Src/30010_io.o
 .text.uart_get_char
                0x000000000800112c       0x54 ./Src/30010_io.o
                0x000000000800112c                uart_get_char
 .text.uart_put_char
                0x0000000008001180       0x34 ./Src/30010_io.o
                0x0000000008001180                uart_put_char
 .text._write_r
                0x00000000080011b4       0x4c ./Src/30010_io.o
                0x00000000080011b4                _write_r
 .text.USART2_IRQHandler
                0x0000000008001200       0x74 ./Src/30010_io.o
                0x0000000008001200                USART2_IRQHandler
 .text.uart_clear
                0x0000000008001274       0x2c ./Src/30010_io.o
                0x0000000008001274                uart_clear
 .text.uart_get_count
                0x00000000080012a0       0x18 ./Src/30010_io.o
                0x00000000080012a0                uart_get_count
 .text.uart_init
                0x00000000080012b8      0x234 ./Src/30010_io.o
                0x00000000080012b8                uart_init
 .text.lcd_transmit_byte
                0x00000000080014ec       0x64 ./Src/30010_io.o
                0x00000000080014ec                lcd_transmit_byte
 .text.lcd_push_buffer
                0x0000000008001550      0x186 ./Src/30010_io.o
                0x0000000008001550                lcd_push_buffer
 *fill*         0x00000000080016d6        0x2 
 .text.lcd_reset
                0x00000000080016d8       0xe0 ./Src/30010_io.o
                0x00000000080016d8                lcd_reset
 .text.lcd_init
                0x00000000080017b8      0x2b8 ./Src/30010_io.o
                0x00000000080017b8                lcd_init
 .text.startWindow
                0x0000000008001a70       0xac ./Src/GameScreen.o
                0x0000000008001a70                startWindow
 .text.spaceship
                0x0000000008001b1c      0x35c ./Src/GameScreen.o
                0x0000000008001b1c                spaceship
 .text.spaceshipDelete
                0x0000000008001e78      0x15c ./Src/GameScreen.o
                0x0000000008001e78                spaceshipDelete
 .text.fire     0x0000000008001fd4      0x3c4 ./Src/GameScreen.o
                0x0000000008001fd4                fire
 .text.fireDelete
                0x0000000008002398       0xc4 ./Src/GameScreen.o
                0x0000000008002398                fireDelete
 .text.playerInShipR
                0x000000000800245c      0x128 ./Src/GameScreen.o
                0x000000000800245c                playerInShipR
 .text.playerInShipL
                0x0000000008002584      0x128 ./Src/GameScreen.o
                0x0000000008002584                playerInShipL
 .text.playerInSpaceR
                0x00000000080026ac      0x158 ./Src/GameScreen.o
                0x00000000080026ac                playerInSpaceR
 .text.playerInSpaceL
                0x0000000008002804      0x158 ./Src/GameScreen.o
                0x0000000008002804                playerInSpaceL
 .text.playerInSpaceUSDL
                0x000000000800295c      0x160 ./Src/GameScreen.o
                0x000000000800295c                playerInSpaceUSDL
 .text.playerInSpaceUSDR
                0x0000000008002abc      0x160 ./Src/GameScreen.o
                0x0000000008002abc                playerInSpaceUSDR
 .text.goDuckUP1
                0x0000000008002c1c      0x20c ./Src/GameScreen.o
                0x0000000008002c1c                goDuckUP1
 .text.goDuckUPMove1
                0x0000000008002e28       0xe0 ./Src/GameScreen.o
                0x0000000008002e28                goDuckUPMove1
 .text.goDuckUP2
                0x0000000008002f08      0x1e0 ./Src/GameScreen.o
                0x0000000008002f08                goDuckUP2
 .text.goDuckUPMove2
                0x00000000080030e8       0x90 ./Src/GameScreen.o
                0x00000000080030e8                goDuckUPMove2
 .text.goDuckMID1
                0x0000000008003178      0x208 ./Src/GameScreen.o
                0x0000000008003178                goDuckMID1
 .text.goDuckMID2
                0x0000000008003380      0x1dc ./Src/GameScreen.o
                0x0000000008003380                goDuckMID2
 .text.goDuckMIDMove2
                0x000000000800355c      0x104 ./Src/GameScreen.o
                0x000000000800355c                goDuckMIDMove2
 .text.goDuckUSD1
                0x0000000008003660      0x208 ./Src/GameScreen.o
                0x0000000008003660                goDuckUSD1
 .text.goDuckUSD2
                0x0000000008003868      0x1dc ./Src/GameScreen.o
                0x0000000008003868                goDuckUSD2
 .text.goDuckUSDMove2
                0x0000000008003a44      0x10c ./Src/GameScreen.o
                0x0000000008003a44                goDuckUSDMove2
 .text.fat      0x0000000008003b50       0x34 ./Src/GameScreen.o
                0x0000000008003b50                fat
 .text.playerDelete
                0x0000000008003b84       0x7e ./Src/GameScreen.o
                0x0000000008003b84                playerDelete
 *fill*         0x0000000008003c02        0x2 
 .text.Broken   0x0000000008003c04      0x168 ./Src/GameScreen.o
                0x0000000008003c04                Broken
 .text.duckExplotion
                0x0000000008003d6c      0x3d4 ./Src/GameScreen.o
                0x0000000008003d6c                duckExplotion
 .text.intiJoystick
                0x0000000008004140      0x12c ./Src/Joystick.o
                0x0000000008004140                intiJoystick
 .text.readJoystick
                0x000000000800426c       0xac ./Src/Joystick.o
                0x000000000800426c                readJoystick
 .text.copyJoystick
                0x0000000008004318       0x48 ./Src/Joystick.o
                0x0000000008004318                copyJoystick
 .text.lcd_write_string
                0x0000000008004360      0x124 ./Src/LCD.o
                0x0000000008004360                lcd_write_string
 .text.lcd_write_string_no_push
                0x0000000008004484      0x120 ./Src/LCD.o
                0x0000000008004484                lcd_write_string_no_push
 .text.lcd_write_string_custom
                0x00000000080045a4      0x110 ./Src/LCD.o
                0x00000000080045a4                lcd_write_string_custom
 .text.draw_gameplay_start
                0x00000000080046b4       0x40 ./Src/LCDgameplay.o
                0x00000000080046b4                draw_gameplay_start
 .text.draw_score
                0x00000000080046f4       0x34 ./Src/LCDgameplay.o
                0x00000000080046f4                draw_score
 .text.LCD_alarm
                0x0000000008004728       0xe4 ./Src/LCDgameplay.o
                0x0000000008004728                LCD_alarm
 .text.LCD_timer
                0x000000000800480c       0xac ./Src/LCDgameplay.o
                0x000000000800480c                LCD_timer
 .text.initLed  0x00000000080048b8      0x134 ./Src/LED.o
                0x00000000080048b8                initLed
 .text.writeLed
                0x00000000080049ec       0xa0 ./Src/LED.o
                0x00000000080049ec                writeLed
 .text.fgcolor  0x0000000008004a8c       0x38 ./Src/ansi_S.o
                0x0000000008004a8c                fgcolor
 .text.bgcolor  0x0000000008004ac4       0x24 ./Src/ansi_S.o
                0x0000000008004ac4                bgcolor
 .text.resetbgcolor
                0x0000000008004ae8       0x14 ./Src/ansi_S.o
                0x0000000008004ae8                resetbgcolor
 .text.clrscr   0x0000000008004afc       0x30 ./Src/ansi_S.o
                0x0000000008004afc                clrscr
 .text.gotoxy   0x0000000008004b2c       0x24 ./Src/ansi_S.o
                0x0000000008004b2c                gotoxy
 .text.blink    0x0000000008004b50       0x30 ./Src/ansi_S.o
                0x0000000008004b50                blink
 .text.initAstro
                0x0000000008004b80       0x48 ./Src/astroid.o
                0x0000000008004b80                initAstro
 .text.asteroidUpdate
                0x0000000008004bc8       0x1a ./Src/astroid.o
                0x0000000008004bc8                asteroidUpdate
 *fill*         0x0000000008004be2        0x2 
 .text.shoot    0x0000000008004be4       0x34 ./Src/astroid.o
                0x0000000008004be4                shoot
 .text.moveBullet
                0x0000000008004c18       0x28 ./Src/astroid.o
                0x0000000008004c18                moveBullet
 .text.drawBullet
                0x0000000008004c40      0x154 ./Src/astroid.o
                0x0000000008004c40                drawBullet
 .text.asteroid1
                0x0000000008004d94      0x160 ./Src/astroid.o
                0x0000000008004d94                asteroid1
 .text.clearAsteroSmall
                0x0000000008004ef4       0xa4 ./Src/astroid.o
                0x0000000008004ef4                clearAsteroSmall
 .text.drawAsteroidSmall
                0x0000000008004f98       0xac ./Src/astroid.o
                0x0000000008004f98                drawAsteroidSmall
 .text.initBuzz
                0x0000000008005044       0x60 ./Src/buzzer.o
                0x0000000008005044                initBuzz
 .text.playTone
                0x00000000080050a4      0x6a8 ./Src/buzzer.o
                0x00000000080050a4                playTone
 *fill*         0x000000000800574c        0x4 
 .text.setFreq  0x0000000008005750       0x90 ./Src/buzzer.o
                0x0000000008005750                setFreq
 .text.main     0x00000000080057e0     0x13b0 ./Src/main.o
                0x00000000080057e0                main
 .text.menu     0x0000000008006b90      0x1ac ./Src/menu.o
                0x0000000008006b90                menu
 .text.player_selection
                0x0000000008006d3c       0xd0 ./Src/menu.o
                0x0000000008006d3c                player_selection
 .text.difficulty
                0x0000000008006e0c      0x150 ./Src/menu.o
                0x0000000008006e0c                difficulty
 .text.help_menu
                0x0000000008006f5c        0xc ./Src/menu.o
                0x0000000008006f5c                help_menu
 .text.draw_main_menu
                0x0000000008006f68       0x6c ./Src/menu.o
                0x0000000008006f68                draw_main_menu
 .text.collision
                0x0000000008006fd4      0x1d0 ./Src/rocet.o
                0x0000000008006fd4                collision
 .text.helpScreen
                0x00000000080071a4      0x428 ./Src/screen.o
                0x00000000080071a4                helpScreen
 .text.GameOver
                0x00000000080075cc       0x54 ./Src/screen.o
                0x00000000080075cc                GameOver
 .text.DrawGO   0x0000000008007620       0x98 ./Src/screen.o
                0x0000000008007620                DrawGO
 .text._read    0x00000000080076b8       0x3a ./Src/syscalls.o
                0x00000000080076b8                _read
 .text._close   0x00000000080076f2       0x18 ./Src/syscalls.o
                0x00000000080076f2                _close
 .text._fstat   0x000000000800770a       0x20 ./Src/syscalls.o
                0x000000000800770a                _fstat
 .text._isatty  0x000000000800772a       0x16 ./Src/syscalls.o
                0x000000000800772a                _isatty
 .text._lseek   0x0000000008007740       0x1a ./Src/syscalls.o
                0x0000000008007740                _lseek
 *fill*         0x000000000800775a        0x2 
 .text._sbrk    0x000000000800775c       0x58 ./Src/sysmem.o
                0x000000000800775c                _sbrk
 .text.SystemInit
                0x00000000080077b4       0x94 ./Src/system_stm32f30x.o
                0x00000000080077b4                SystemInit
 .text.SetSysClock
                0x0000000008007848       0x94 ./Src/system_stm32f30x.o
 .text.NVIC_EnableIRQ
                0x00000000080078dc       0x34 ./Src/timer.o
 .text.NVIC_SetPriority
                0x0000000008007910       0x54 ./Src/timer.o
 .text.initTimer
                0x0000000008007964       0x50 ./Src/timer.o
                0x0000000008007964                initTimer
 .text.initTimer2
                0x00000000080079b4       0xdc ./Src/timer.o
                0x00000000080079b4                initTimer2
 .text.TIM2_IRQHandler
                0x0000000008007a90       0x1e ./Src/timer.o
                0x0000000008007a90                TIM2_IRQHandler
 *fill*         0x0000000008007aae        0x2 
 .text.TIM1_BRK_TIM15_IRQHandler
                0x0000000008007ab0       0xf4 ./Src/timer.o
                0x0000000008007ab0                TIM1_BRK_TIM15_IRQHandler
 .text.drawTime
                0x0000000008007ba4      0x36c ./Src/timer.o
                0x0000000008007ba4                drawTime
 .text.windowSmp
                0x0000000008007f10       0xd8 ./Src/window.o
                0x0000000008007f10                windowSmp
 .text.Reset_Handler
                0x0000000008007fe8       0x50 ./Startup/startup_stm32f302r8tx.o
                0x0000000008007fe8                Reset_Handler
 .text.Default_Handler
                0x0000000008008038        0x2 ./Startup/startup_stm32f302r8tx.o
                0x0000000008008038                TIM8_TRG_COM_IRQHandler
                0x0000000008008038                TIM8_CC_IRQHandler
                0x0000000008008038                DebugMon_Handler
                0x0000000008008038                DMA1_CH4_IRQHandler
                0x0000000008008038                TIM1_CC_IRQHandler
                0x0000000008008038                HardFault_Handler
                0x0000000008008038                USB_HP_IRQHandler
                0x0000000008008038                I2C2_EV_EXTI24_IRQHandler
                0x0000000008008038                SysTick_Handler
                0x0000000008008038                USB_WKUP_EXTI_IRQHandler
                0x0000000008008038                PVD_IRQHandler
                0x0000000008008038                UART4_EXTI34_IRQHandler
                0x0000000008008038                TAMP_STAMP_IRQHandler
                0x0000000008008038                PendSV_Handler
                0x0000000008008038                NMI_Handler
                0x0000000008008038                EXTI3_IRQHandler
                0x0000000008008038                TIM6_DACUNDER_IRQHandler
                0x0000000008008038                USB_HP_CAN_TX_IRQHandler
                0x0000000008008038                EXTI0_IRQHandler
                0x0000000008008038                DMA2_CH1_IRQHandler
                0x0000000008008038                FPU_IRQHandler
                0x0000000008008038                TIM1_UP_TIM16_IRQHandler
                0x0000000008008038                UsageFault_Handler
                0x0000000008008038                ADC1_2_IRQHandler
                0x0000000008008038                SPI1_IRQHandler
                0x0000000008008038                CAN_SCE_IRQHandler
                0x0000000008008038                DMA1_CH7_IRQHandler
                0x0000000008008038                TIM8_UP_IRQHandler
                0x0000000008008038                DMA1_CH6_IRQHandler
                0x0000000008008038                ADC3_IRQHandler
                0x0000000008008038                TIM4_IRQHandler
                0x0000000008008038                CAN_RX1_IRQHandler
                0x0000000008008038                USART1_EXTI25_IRQHandler
                0x0000000008008038                DMA2_CH5_IRQHandler
                0x0000000008008038                I2C1_EV_EXTI23_IRQHandler
                0x0000000008008038                DMA1_CH3_IRQHandler
                0x0000000008008038                TIM3_IRQHandler
                0x0000000008008038                RCC_IRQHandler
                0x0000000008008038                Default_Handler
                0x0000000008008038                EXTI15_10_IRQHandler
                0x0000000008008038                USART2_EXTI26_IRQHandler
                0x0000000008008038                USART3_EXTI28_IRQHandler
                0x0000000008008038                TIM7_IRQHandler
                0x0000000008008038                EXTI9_5_IRQHandler
                0x0000000008008038                DMA1_CH2_IRQHandler
                0x0000000008008038                RTC_WKUP_IRQHandler
                0x0000000008008038                SPI2_IRQHandler
                0x0000000008008038                DMA1_CH1_IRQHandler
                0x0000000008008038                USB_LP_CAN_RX0_IRQHandler
                0x0000000008008038                MemManage_Handler
                0x0000000008008038                SVC_Handler
                0x0000000008008038                USB_LP_IRQHandler
                0x0000000008008038                EXTI4_IRQHandler
                0x0000000008008038                TIM1_TRG_COM_TIM17_IRQHandler
                0x0000000008008038                ADC4_IRQHandler
                0x0000000008008038                WWDG_IRQHandler
                0x0000000008008038                EXTI1_IRQHandler
                0x0000000008008038                RTCAlarm_IRQHandler
                0x0000000008008038                UART5_EXTI35_IRQHandler
                0x0000000008008038                I2C2_ER_IRQHandler
                0x0000000008008038                TIM8_BRK_IRQHandler
                0x0000000008008038                FLASH_IRQHandler
                0x0000000008008038                BusFault_Handler
                0x0000000008008038                SPI3_IRQHandler
                0x0000000008008038                DMA2_CH3_IRQHandler
                0x0000000008008038                DMA2_CH2_IRQHandler
                0x0000000008008038                I2C1_ER_IRQHandler
                0x0000000008008038                FMC_IRQHandler
                0x0000000008008038                DMA1_CH5_IRQHandler
                0x0000000008008038                DMA2_CH4_IRQHandler
                0x0000000008008038                USB_WKUP_IRQHandler
                0x0000000008008038                EXTI2_TSC_IRQHandler
 *fill*         0x000000000800803a        0x2 
 .text.__errno  0x000000000800803c        0xc c:/st/stm32cubeide_1.8.0/stm32cubeide/plugins/com.st.stm32cube.ide.mcu.externaltools.gnu-tools-for-stm32.9-2020-q2-update.win32_2.0.0.202105311346/tools/bin/../lib/gcc/arm-none-eabi/9.3.1/../../../../arm-none-eabi/lib/thumb/v7e-m+fp/hard\libc_nano.a(lib_a-errno.o)
                0x000000000800803c                __errno
 .text.__libc_init_array
                0x0000000008008048       0x48 c:/st/stm32cubeide_1.8.0/stm32cubeide/plugins/com.st.stm32cube.ide.mcu.externaltools.gnu-tools-for-stm32.9-2020-q2-update.win32_2.0.0.202105311346/tools/bin/../lib/gcc/arm-none-eabi/9.3.1/../../../../arm-none-eabi/lib/thumb/v7e-m+fp/hard\libc_nano.a(lib_a-init.o)
                0x0000000008008048                __libc_init_array
 .text.memcpy   0x0000000008008090       0x1c c:/st/stm32cubeide_1.8.0/stm32cubeide/plugins/com.st.stm32cube.ide.mcu.externaltools.gnu-tools-for-stm32.9-2020-q2-update.win32_2.0.0.202105311346/tools/bin/../lib/gcc/arm-none-eabi/9.3.1/../../../../arm-none-eabi/lib/thumb/v7e-m+fp/hard\libc_nano.a(lib_a-memcpy-stub.o)
                0x0000000008008090                memcpy
 .text.memset   0x00000000080080ac       0x10 c:/st/stm32cubeide_1.8.0/stm32cubeide/plugins/com.st.stm32cube.ide.mcu.externaltools.gnu-tools-for-stm32.9-2020-q2-update.win32_2.0.0.202105311346/tools/bin/../lib/gcc/arm-none-eabi/9.3.1/../../../../arm-none-eabi/lib/thumb/v7e-m+fp/hard\libc_nano.a(lib_a-memset.o)
                0x00000000080080ac                memset
 .text.printf   0x00000000080080bc       0x30 c:/st/stm32cubeide_1.8.0/stm32cubeide/plugins/com.st.stm32cube.ide.mcu.externaltools.gnu-tools-for-stm32.9-2020-q2-update.win32_2.0.0.202105311346/tools/bin/../lib/gcc/arm-none-eabi/9.3.1/../../../../arm-none-eabi/lib/thumb/v7e-m+fp/hard\libc_nano.a(lib_a-printf.o)
                0x00000000080080bc                iprintf
                0x00000000080080bc                printf
 .text.putchar  0x00000000080080ec       0x2c c:/st/stm32cubeide_1.8.0/stm32cubeide/plugins/com.st.stm32cube.ide.mcu.externaltools.gnu-tools-for-stm32.9-2020-q2-update.win32_2.0.0.202105311346/tools/bin/../lib/gcc/arm-none-eabi/9.3.1/../../../../arm-none-eabi/lib/thumb/v7e-m+fp/hard\libc_nano.a(lib_a-putchar.o)
                0x00000000080080ec                putchar
 .text.setbuf   0x0000000008008118       0x10 c:/st/stm32cubeide_1.8.0/stm32cubeide/plugins/com.st.stm32cube.ide.mcu.externaltools.gnu-tools-for-stm32.9-2020-q2-update.win32_2.0.0.202105311346/tools/bin/../lib/gcc/arm-none-eabi/9.3.1/../../../../arm-none-eabi/lib/thumb/v7e-m+fp/hard\libc_nano.a(lib_a-setbuf.o)
                0x0000000008008118                setbuf
 .text.setvbuf  0x0000000008008128      0x18c c:/st/stm32cubeide_1.8.0/stm32cubeide/plugins/com.st.stm32cube.ide.mcu.externaltools.gnu-tools-for-stm32.9-2020-q2-update.win32_2.0.0.202105311346/tools/bin/../lib/gcc/arm-none-eabi/9.3.1/../../../../arm-none-eabi/lib/thumb/v7e-m+fp/hard\libc_nano.a(lib_a-setvbuf.o)
                0x0000000008008128                setvbuf
 .text.sprintf  0x00000000080082b4       0x40 c:/st/stm32cubeide_1.8.0/stm32cubeide/plugins/com.st.stm32cube.ide.mcu.externaltools.gnu-tools-for-stm32.9-2020-q2-update.win32_2.0.0.202105311346/tools/bin/../lib/gcc/arm-none-eabi/9.3.1/../../../../arm-none-eabi/lib/thumb/v7e-m+fp/hard\libc_nano.a(lib_a-sprintf.o)
                0x00000000080082b4                siprintf
                0x00000000080082b4                sprintf
 .text.__sflush_r
                0x00000000080082f4      0x10c c:/st/stm32cubeide_1.8.0/stm32cubeide/plugins/com.st.stm32cube.ide.mcu.externaltools.gnu-tools-for-stm32.9-2020-q2-update.win32_2.0.0.202105311346/tools/bin/../lib/gcc/arm-none-eabi/9.3.1/../../../../arm-none-eabi/lib/thumb/v7e-m+fp/hard\libc_nano.a(lib_a-fflush.o)
                0x00000000080082f4                __sflush_r
 .text._fflush_r
                0x0000000008008400       0x78 c:/st/stm32cubeide_1.8.0/stm32cubeide/plugins/com.st.stm32cube.ide.mcu.externaltools.gnu-tools-for-stm32.9-2020-q2-update.win32_2.0.0.202105311346/tools/bin/../lib/gcc/arm-none-eabi/9.3.1/../../../../arm-none-eabi/lib/thumb/v7e-m+fp/hard\libc_nano.a(lib_a-fflush.o)
                0x0000000008008400                _fflush_r
 .text.std      0x0000000008008478       0x48 c:/st/stm32cubeide_1.8.0/stm32cubeide/plugins/com.st.stm32cube.ide.mcu.externaltools.gnu-tools-for-stm32.9-2020-q2-update.win32_2.0.0.202105311346/tools/bin/../lib/gcc/arm-none-eabi/9.3.1/../../../../arm-none-eabi/lib/thumb/v7e-m+fp/hard\libc_nano.a(lib_a-findfp.o)
 .text._cleanup_r
                0x00000000080084c0        0xc c:/st/stm32cubeide_1.8.0/stm32cubeide/plugins/com.st.stm32cube.ide.mcu.externaltools.gnu-tools-for-stm32.9-2020-q2-update.win32_2.0.0.202105311346/tools/bin/../lib/gcc/arm-none-eabi/9.3.1/../../../../arm-none-eabi/lib/thumb/v7e-m+fp/hard\libc_nano.a(lib_a-findfp.o)
                0x00000000080084c0                _cleanup_r
 .text.__sfmoreglue
                0x00000000080084cc       0x2c c:/st/stm32cubeide_1.8.0/stm32cubeide/plugins/com.st.stm32cube.ide.mcu.externaltools.gnu-tools-for-stm32.9-2020-q2-update.win32_2.0.0.202105311346/tools/bin/../lib/gcc/arm-none-eabi/9.3.1/../../../../arm-none-eabi/lib/thumb/v7e-m+fp/hard\libc_nano.a(lib_a-findfp.o)
                0x00000000080084cc                __sfmoreglue
 .text.__sfp_lock_acquire
                0x00000000080084f8        0xc c:/st/stm32cubeide_1.8.0/stm32cubeide/plugins/com.st.stm32cube.ide.mcu.externaltools.gnu-tools-for-stm32.9-2020-q2-update.win32_2.0.0.202105311346/tools/bin/../lib/gcc/arm-none-eabi/9.3.1/../../../../arm-none-eabi/lib/thumb/v7e-m+fp/hard\libc_nano.a(lib_a-findfp.o)
                0x00000000080084f8                __sfp_lock_acquire
 .text.__sfp_lock_release
                0x0000000008008504        0xc c:/st/stm32cubeide_1.8.0/stm32cubeide/plugins/com.st.stm32cube.ide.mcu.externaltools.gnu-tools-for-stm32.9-2020-q2-update.win32_2.0.0.202105311346/tools/bin/../lib/gcc/arm-none-eabi/9.3.1/../../../../arm-none-eabi/lib/thumb/v7e-m+fp/hard\libc_nano.a(lib_a-findfp.o)
                0x0000000008008504                __sfp_lock_release
 .text.__sinit_lock_acquire
                0x0000000008008510        0xc c:/st/stm32cubeide_1.8.0/stm32cubeide/plugins/com.st.stm32cube.ide.mcu.externaltools.gnu-tools-for-stm32.9-2020-q2-update.win32_2.0.0.202105311346/tools/bin/../lib/gcc/arm-none-eabi/9.3.1/../../../../arm-none-eabi/lib/thumb/v7e-m+fp/hard\libc_nano.a(lib_a-findfp.o)
                0x0000000008008510                __sinit_lock_acquire
 .text.__sinit_lock_release
                0x000000000800851c        0xc c:/st/stm32cubeide_1.8.0/stm32cubeide/plugins/com.st.stm32cube.ide.mcu.externaltools.gnu-tools-for-stm32.9-2020-q2-update.win32_2.0.0.202105311346/tools/bin/../lib/gcc/arm-none-eabi/9.3.1/../../../../arm-none-eabi/lib/thumb/v7e-m+fp/hard\libc_nano.a(lib_a-findfp.o)
                0x000000000800851c                __sinit_lock_release
 .text.__sinit  0x0000000008008528       0x70 c:/st/stm32cubeide_1.8.0/stm32cubeide/plugins/com.st.stm32cube.ide.mcu.externaltools.gnu-tools-for-stm32.9-2020-q2-update.win32_2.0.0.202105311346/tools/bin/../lib/gcc/arm-none-eabi/9.3.1/../../../../arm-none-eabi/lib/thumb/v7e-m+fp/hard\libc_nano.a(lib_a-findfp.o)
                0x0000000008008528                __sinit
 .text.__sfp    0x0000000008008598       0x8c c:/st/stm32cubeide_1.8.0/stm32cubeide/plugins/com.st.stm32cube.ide.mcu.externaltools.gnu-tools-for-stm32.9-2020-q2-update.win32_2.0.0.202105311346/tools/bin/../lib/gcc/arm-none-eabi/9.3.1/../../../../arm-none-eabi/lib/thumb/v7e-m+fp/hard\libc_nano.a(lib_a-findfp.o)
                0x0000000008008598                __sfp
 .text._fwalk_reent
                0x0000000008008624       0x3e c:/st/stm32cubeide_1.8.0/stm32cubeide/plugins/com.st.stm32cube.ide.mcu.externaltools.gnu-tools-for-stm32.9-2020-q2-update.win32_2.0.0.202105311346/tools/bin/../lib/gcc/arm-none-eabi/9.3.1/../../../../arm-none-eabi/lib/thumb/v7e-m+fp/hard\libc_nano.a(lib_a-fwalk.o)
                0x0000000008008624                _fwalk_reent
 .text.__retarget_lock_init_recursive
                0x0000000008008662        0x2 c:/st/stm32cubeide_1.8.0/stm32cubeide/plugins/com.st.stm32cube.ide.mcu.externaltools.gnu-tools-for-stm32.9-2020-q2-update.win32_2.0.0.202105311346/tools/bin/../lib/gcc/arm-none-eabi/9.3.1/../../../../arm-none-eabi/lib/thumb/v7e-m+fp/hard\libc_nano.a(lib_a-lock.o)
                0x0000000008008662                __retarget_lock_init_recursive
 .text.__retarget_lock_acquire_recursive
                0x0000000008008664        0x2 c:/st/stm32cubeide_1.8.0/stm32cubeide/plugins/com.st.stm32cube.ide.mcu.externaltools.gnu-tools-for-stm32.9-2020-q2-update.win32_2.0.0.202105311346/tools/bin/../lib/gcc/arm-none-eabi/9.3.1/../../../../arm-none-eabi/lib/thumb/v7e-m+fp/hard\libc_nano.a(lib_a-lock.o)
                0x0000000008008664                __retarget_lock_acquire_recursive
 .text.__retarget_lock_release_recursive
                0x0000000008008666        0x2 c:/st/stm32cubeide_1.8.0/stm32cubeide/plugins/com.st.stm32cube.ide.mcu.externaltools.gnu-tools-for-stm32.9-2020-q2-update.win32_2.0.0.202105311346/tools/bin/../lib/gcc/arm-none-eabi/9.3.1/../../../../arm-none-eabi/lib/thumb/v7e-m+fp/hard\libc_nano.a(lib_a-lock.o)
                0x0000000008008666                __retarget_lock_release_recursive
 .text.__swhatbuf_r
                0x0000000008008668       0x48 c:/st/stm32cubeide_1.8.0/stm32cubeide/plugins/com.st.stm32cube.ide.mcu.externaltools.gnu-tools-for-stm32.9-2020-q2-update.win32_2.0.0.202105311346/tools/bin/../lib/gcc/arm-none-eabi/9.3.1/../../../../arm-none-eabi/lib/thumb/v7e-m+fp/hard\libc_nano.a(lib_a-makebuf.o)
                0x0000000008008668                __swhatbuf_r
 .text.__smakebuf_r
                0x00000000080086b0       0x80 c:/st/stm32cubeide_1.8.0/stm32cubeide/plugins/com.st.stm32cube.ide.mcu.externaltools.gnu-tools-for-stm32.9-2020-q2-update.win32_2.0.0.202105311346/tools/bin/../lib/gcc/arm-none-eabi/9.3.1/../../../../arm-none-eabi/lib/thumb/v7e-m+fp/hard\libc_nano.a(lib_a-makebuf.o)
                0x00000000080086b0                __smakebuf_r
 .text.malloc   0x0000000008008730       0x10 c:/st/stm32cubeide_1.8.0/stm32cubeide/plugins/com.st.stm32cube.ide.mcu.externaltools.gnu-tools-for-stm32.9-2020-q2-update.win32_2.0.0.202105311346/tools/bin/../lib/gcc/arm-none-eabi/9.3.1/../../../../arm-none-eabi/lib/thumb/v7e-m+fp/hard\libc_nano.a(lib_a-malloc.o)
                0x0000000008008730                malloc
 .text._free_r  0x0000000008008740       0xa0 c:/st/stm32cubeide_1.8.0/stm32cubeide/plugins/com.st.stm32cube.ide.mcu.externaltools.gnu-tools-for-stm32.9-2020-q2-update.win32_2.0.0.202105311346/tools/bin/../lib/gcc/arm-none-eabi/9.3.1/../../../../arm-none-eabi/lib/thumb/v7e-m+fp/hard\libc_nano.a(lib_a-nano-freer.o)
                0x0000000008008740                _free_r
 .text._malloc_r
                0x00000000080087e0       0xb4 c:/st/stm32cubeide_1.8.0/stm32cubeide/plugins/com.st.stm32cube.ide.mcu.externaltools.gnu-tools-for-stm32.9-2020-q2-update.win32_2.0.0.202105311346/tools/bin/../lib/gcc/arm-none-eabi/9.3.1/../../../../arm-none-eabi/lib/thumb/v7e-m+fp/hard\libc_nano.a(lib_a-nano-mallocr.o)
                0x00000000080087e0                _malloc_r
 .text.__ssputs_r
                0x0000000008008894       0xb6 c:/st/stm32cubeide_1.8.0/stm32cubeide/plugins/com.st.stm32cube.ide.mcu.externaltools.gnu-tools-for-stm32.9-2020-q2-update.win32_2.0.0.202105311346/tools/bin/../lib/gcc/arm-none-eabi/9.3.1/../../../../arm-none-eabi/lib/thumb/v7e-m+fp/hard\libc_nano.a(lib_a-nano-svfprintf.o)
                0x0000000008008894                __ssputs_r
 *fill*         0x000000000800894a        0x2 
 .text._svfprintf_r
                0x000000000800894c      0x200 c:/st/stm32cubeide_1.8.0/stm32cubeide/plugins/com.st.stm32cube.ide.mcu.externaltools.gnu-tools-for-stm32.9-2020-q2-update.win32_2.0.0.202105311346/tools/bin/../lib/gcc/arm-none-eabi/9.3.1/../../../../arm-none-eabi/lib/thumb/v7e-m+fp/hard\libc_nano.a(lib_a-nano-svfprintf.o)
                0x000000000800894c                _svfiprintf_r
                0x000000000800894c                _svfprintf_r
 .text.__sfputc_r
                0x0000000008008b4c       0x2e c:/st/stm32cubeide_1.8.0/stm32cubeide/plugins/com.st.stm32cube.ide.mcu.externaltools.gnu-tools-for-stm32.9-2020-q2-update.win32_2.0.0.202105311346/tools/bin/../lib/gcc/arm-none-eabi/9.3.1/../../../../arm-none-eabi/lib/thumb/v7e-m+fp/hard\libc_nano.a(lib_a-nano-vfprintf.o)
 .text.__sfputs_r
                0x0000000008008b7a       0x24 c:/st/stm32cubeide_1.8.0/stm32cubeide/plugins/com.st.stm32cube.ide.mcu.externaltools.gnu-tools-for-stm32.9-2020-q2-update.win32_2.0.0.202105311346/tools/bin/../lib/gcc/arm-none-eabi/9.3.1/../../../../arm-none-eabi/lib/thumb/v7e-m+fp/hard\libc_nano.a(lib_a-nano-vfprintf.o)
                0x0000000008008b7a                __sfputs_r
 *fill*         0x0000000008008b9e        0x2 
 .text._vfprintf_r
                0x0000000008008ba0      0x260 c:/st/stm32cubeide_1.8.0/stm32cubeide/plugins/com.st.stm32cube.ide.mcu.externaltools.gnu-tools-for-stm32.9-2020-q2-update.win32_2.0.0.202105311346/tools/bin/../lib/gcc/arm-none-eabi/9.3.1/../../../../arm-none-eabi/lib/thumb/v7e-m+fp/hard\libc_nano.a(lib_a-nano-vfprintf.o)
                0x0000000008008ba0                _vfprintf_r
                0x0000000008008ba0                _vfiprintf_r
 .text._printf_common
                0x0000000008008e00       0xda c:/st/stm32cubeide_1.8.0/stm32cubeide/plugins/com.st.stm32cube.ide.mcu.externaltools.gnu-tools-for-stm32.9-2020-q2-update.win32_2.0.0.202105311346/tools/bin/../lib/gcc/arm-none-eabi/9.3.1/../../../../arm-none-eabi/lib/thumb/v7e-m+fp/hard\libc_nano.a(lib_a-nano-vfprintf_i.o)
                0x0000000008008e00                _printf_common
 *fill*         0x0000000008008eda        0x2 
 .text._printf_i
                0x0000000008008edc      0x24c c:/st/stm32cubeide_1.8.0/stm32cubeide/plugins/com.st.stm32cube.ide.mcu.externaltools.gnu-tools-for-stm32.9-2020-q2-update.win32_2.0.0.202105311346/tools/bin/../lib/gcc/arm-none-eabi/9.3.1/../../../../arm-none-eabi/lib/thumb/v7e-m+fp/hard\libc_nano.a(lib_a-nano-vfprintf_i.o)
                0x0000000008008edc                _printf_i
 .text._putc_r  0x0000000008009128       0x90 c:/st/stm32cubeide_1.8.0/stm32cubeide/plugins/com.st.stm32cube.ide.mcu.externaltools.gnu-tools-for-stm32.9-2020-q2-update.win32_2.0.0.202105311346/tools/bin/../lib/gcc/arm-none-eabi/9.3.1/../../../../arm-none-eabi/lib/thumb/v7e-m+fp/hard\libc_nano.a(lib_a-putc.o)
                0x0000000008009128                _putc_r
 .text._sbrk_r  0x00000000080091b8       0x20 c:/st/stm32cubeide_1.8.0/stm32cubeide/plugins/com.st.stm32cube.ide.mcu.externaltools.gnu-tools-for-stm32.9-2020-q2-update.win32_2.0.0.202105311346/tools/bin/../lib/gcc/arm-none-eabi/9.3.1/../../../../arm-none-eabi/lib/thumb/v7e-m+fp/hard\libc_nano.a(lib_a-sbrkr.o)
                0x00000000080091b8                _sbrk_r
 .text.__sread  0x00000000080091d8       0x22 c:/st/stm32cubeide_1.8.0/stm32cubeide/plugins/com.st.stm32cube.ide.mcu.externaltools.gnu-tools-for-stm32.9-2020-q2-update.win32_2.0.0.202105311346/tools/bin/../lib/gcc/arm-none-eabi/9.3.1/../../../../arm-none-eabi/lib/thumb/v7e-m+fp/hard\libc_nano.a(lib_a-stdio.o)
                0x00000000080091d8                __sread
 .text.__swrite
                0x00000000080091fa       0x38 c:/st/stm32cubeide_1.8.0/stm32cubeide/plugins/com.st.stm32cube.ide.mcu.externaltools.gnu-tools-for-stm32.9-2020-q2-update.win32_2.0.0.202105311346/tools/bin/../lib/gcc/arm-none-eabi/9.3.1/../../../../arm-none-eabi/lib/thumb/v7e-m+fp/hard\libc_nano.a(lib_a-stdio.o)
                0x00000000080091fa                __swrite
 .text.__sseek  0x0000000008009232       0x24 c:/st/stm32cubeide_1.8.0/stm32cubeide/plugins/com.st.stm32cube.ide.mcu.externaltools.gnu-tools-for-stm32.9-2020-q2-update.win32_2.0.0.202105311346/tools/bin/../lib/gcc/arm-none-eabi/9.3.1/../../../../arm-none-eabi/lib/thumb/v7e-m+fp/hard\libc_nano.a(lib_a-stdio.o)
                0x0000000008009232                __sseek
 .text.__sclose
                0x0000000008009256        0x8 c:/st/stm32cubeide_1.8.0/stm32cubeide/plugins/com.st.stm32cube.ide.mcu.externaltools.gnu-tools-for-stm32.9-2020-q2-update.win32_2.0.0.202105311346/tools/bin/../lib/gcc/arm-none-eabi/9.3.1/../../../../arm-none-eabi/lib/thumb/v7e-m+fp/hard\libc_nano.a(lib_a-stdio.o)
                0x0000000008009256                __sclose
 *fill*         0x000000000800925e        0x2 
 .text.__swbuf_r
                0x0000000008009260       0xa4 c:/st/stm32cubeide_1.8.0/stm32cubeide/plugins/com.st.stm32cube.ide.mcu.externaltools.gnu-tools-for-stm32.9-2020-q2-update.win32_2.0.0.202105311346/tools/bin/../lib/gcc/arm-none-eabi/9.3.1/../../../../arm-none-eabi/lib/thumb/v7e-m+fp/hard\libc_nano.a(lib_a-wbuf.o)
                0x0000000008009260                __swbuf_r
 .text.__swsetup_r
                0x0000000008009304       0xdc c:/st/stm32cubeide_1.8.0/stm32cubeide/plugins/com.st.stm32cube.ide.mcu.externaltools.gnu-tools-for-stm32.9-2020-q2-update.win32_2.0.0.202105311346/tools/bin/../lib/gcc/arm-none-eabi/9.3.1/../../../../arm-none-eabi/lib/thumb/v7e-m+fp/hard\libc_nano.a(lib_a-wsetup.o)
                0x0000000008009304                __swsetup_r
 .text._close_r
                0x00000000080093e0       0x20 c:/st/stm32cubeide_1.8.0/stm32cubeide/plugins/com.st.stm32cube.ide.mcu.externaltools.gnu-tools-for-stm32.9-2020-q2-update.win32_2.0.0.202105311346/tools/bin/../lib/gcc/arm-none-eabi/9.3.1/../../../../arm-none-eabi/lib/thumb/v7e-m+fp/hard\libc_nano.a(lib_a-closer.o)
                0x00000000080093e0                _close_r
 .text._fstat_r
                0x0000000008009400       0x24 c:/st/stm32cubeide_1.8.0/stm32cubeide/plugins/com.st.stm32cube.ide.mcu.externaltools.gnu-tools-for-stm32.9-2020-q2-update.win32_2.0.0.202105311346/tools/bin/../lib/gcc/arm-none-eabi/9.3.1/../../../../arm-none-eabi/lib/thumb/v7e-m+fp/hard\libc_nano.a(lib_a-fstatr.o)
                0x0000000008009400                _fstat_r
 .text._isatty_r
                0x0000000008009424       0x20 c:/st/stm32cubeide_1.8.0/stm32cubeide/plugins/com.st.stm32cube.ide.mcu.externaltools.gnu-tools-for-stm32.9-2020-q2-update.win32_2.0.0.202105311346/tools/bin/../lib/gcc/arm-none-eabi/9.3.1/../../../../arm-none-eabi/lib/thumb/v7e-m+fp/hard\libc_nano.a(lib_a-isattyr.o)
                0x0000000008009424                _isatty_r
 .text._lseek_r
                0x0000000008009444       0x24 c:/st/stm32cubeide_1.8.0/stm32cubeide/plugins/com.st.stm32cube.ide.mcu.externaltools.gnu-tools-for-stm32.9-2020-q2-update.win32_2.0.0.202105311346/tools/bin/../lib/gcc/arm-none-eabi/9.3.1/../../../../arm-none-eabi/lib/thumb/v7e-m+fp/hard\libc_nano.a(lib_a-lseekr.o)
                0x0000000008009444                _lseek_r
 .text.memmove  0x0000000008009468       0x34 c:/st/stm32cubeide_1.8.0/stm32cubeide/plugins/com.st.stm32cube.ide.mcu.externaltools.gnu-tools-for-stm32.9-2020-q2-update.win32_2.0.0.202105311346/tools/bin/../lib/gcc/arm-none-eabi/9.3.1/../../../../arm-none-eabi/lib/thumb/v7e-m+fp/hard\libc_nano.a(lib_a-memmove.o)
                0x0000000008009468                memmove
 .text.__malloc_lock
                0x000000000800949c        0xc c:/st/stm32cubeide_1.8.0/stm32cubeide/plugins/com.st.stm32cube.ide.mcu.externaltools.gnu-tools-for-stm32.9-2020-q2-update.win32_2.0.0.202105311346/tools/bin/../lib/gcc/arm-none-eabi/9.3.1/../../../../arm-none-eabi/lib/thumb/v7e-m+fp/hard\libc_nano.a(lib_a-mlock.o)
                0x000000000800949c                __malloc_lock
 .text.__malloc_unlock
                0x00000000080094a8        0xc c:/st/stm32cubeide_1.8.0/stm32cubeide/plugins/com.st.stm32cube.ide.mcu.externaltools.gnu-tools-for-stm32.9-2020-q2-update.win32_2.0.0.202105311346/tools/bin/../lib/gcc/arm-none-eabi/9.3.1/../../../../arm-none-eabi/lib/thumb/v7e-m+fp/hard\libc_nano.a(lib_a-mlock.o)
                0x00000000080094a8                __malloc_unlock
 .text._realloc_r
                0x00000000080094b4       0x4c c:/st/stm32cubeide_1.8.0/stm32cubeide/plugins/com.st.stm32cube.ide.mcu.externaltools.gnu-tools-for-stm32.9-2020-q2-update.win32_2.0.0.202105311346/tools/bin/../lib/gcc/arm-none-eabi/9.3.1/../../../../arm-none-eabi/lib/thumb/v7e-m+fp/hard\libc_nano.a(lib_a-nano-reallocr.o)
                0x00000000080094b4                _realloc_r
 .text._read_r  0x0000000008009500       0x24 c:/st/stm32cubeide_1.8.0/stm32cubeide/plugins/com.st.stm32cube.ide.mcu.externaltools.gnu-tools-for-stm32.9-2020-q2-update.win32_2.0.0.202105311346/tools/bin/../lib/gcc/arm-none-eabi/9.3.1/../../../../arm-none-eabi/lib/thumb/v7e-m+fp/hard\libc_nano.a(lib_a-readr.o)
                0x0000000008009500                _read_r
 .text._malloc_usable_size_r
                0x0000000008009524       0x10 c:/st/stm32cubeide_1.8.0/stm32cubeide/plugins/com.st.stm32cube.ide.mcu.externaltools.gnu-tools-for-stm32.9-2020-q2-update.win32_2.0.0.202105311346/tools/bin/../lib/gcc/arm-none-eabi/9.3.1/../../../../arm-none-eabi/lib/thumb/v7e-m+fp/hard\libc_nano.a(lib_a-nano-msizer.o)
                0x0000000008009524                _malloc_usable_size_r
 *(.glue_7)
 .glue_7        0x0000000008009534        0x0 linker stubs
 *(.glue_7t)
 .glue_7t       0x0000000008009534        0x0 linker stubs
 *(.eh_frame)
 .eh_frame      0x0000000008009534        0x0 c:/st/stm32cubeide_1.8.0/stm32cubeide/plugins/com.st.stm32cube.ide.mcu.externaltools.gnu-tools-for-stm32.9-2020-q2-update.win32_2.0.0.202105311346/tools/bin/../lib/gcc/arm-none-eabi/9.3.1/thumb/v7e-m+fp/hard/crtbegin.o
 *(.init)
 .init          0x0000000008009534        0x4 c:/st/stm32cubeide_1.8.0/stm32cubeide/plugins/com.st.stm32cube.ide.mcu.externaltools.gnu-tools-for-stm32.9-2020-q2-update.win32_2.0.0.202105311346/tools/bin/../lib/gcc/arm-none-eabi/9.3.1/thumb/v7e-m+fp/hard/crti.o
                0x0000000008009534                _init
 .init          0x0000000008009538        0x8 c:/st/stm32cubeide_1.8.0/stm32cubeide/plugins/com.st.stm32cube.ide.mcu.externaltools.gnu-tools-for-stm32.9-2020-q2-update.win32_2.0.0.202105311346/tools/bin/../lib/gcc/arm-none-eabi/9.3.1/thumb/v7e-m+fp/hard/crtn.o
 *(.fini)
 .fini          0x0000000008009540        0x4 c:/st/stm32cubeide_1.8.0/stm32cubeide/plugins/com.st.stm32cube.ide.mcu.externaltools.gnu-tools-for-stm32.9-2020-q2-update.win32_2.0.0.202105311346/tools/bin/../lib/gcc/arm-none-eabi/9.3.1/thumb/v7e-m+fp/hard/crti.o
                0x0000000008009540                _fini
 .fini          0x0000000008009544        0x8 c:/st/stm32cubeide_1.8.0/stm32cubeide/plugins/com.st.stm32cube.ide.mcu.externaltools.gnu-tools-for-stm32.9-2020-q2-update.win32_2.0.0.202105311346/tools/bin/../lib/gcc/arm-none-eabi/9.3.1/thumb/v7e-m+fp/hard/crtn.o
                0x000000000800954c                . = ALIGN (0x4)
                0x000000000800954c                _etext = .

.vfp11_veneer   0x000000000800954c        0x0
 .vfp11_veneer  0x000000000800954c        0x0 linker stubs

.v4_bx          0x000000000800954c        0x0
 .v4_bx         0x000000000800954c        0x0 linker stubs

.iplt           0x000000000800954c        0x0
 .iplt          0x000000000800954c        0x0 c:/st/stm32cubeide_1.8.0/stm32cubeide/plugins/com.st.stm32cube.ide.mcu.externaltools.gnu-tools-for-stm32.9-2020-q2-update.win32_2.0.0.202105311346/tools/bin/../lib/gcc/arm-none-eabi/9.3.1/thumb/v7e-m+fp/hard/crtbegin.o

.rodata         0x000000000800954c     0x13a4
                0x000000000800954c                . = ALIGN (0x4)
 *(.rodata)
 .rodata        0x000000000800954c       0x44 ./Src/GameScreen.o
 .rodata        0x0000000008009590       0x36 ./Src/LCDgameplay.o
 *fill*         0x00000000080095c6        0x2 
 .rodata        0x00000000080095c8       0x54 ./Src/ansi_S.o
 .rodata        0x000000000800961c       0xd4 ./Src/astroid.o
 .rodata        0x00000000080096f0       0x1a ./Src/main.o
 *fill*         0x000000000800970a        0x2 
 .rodata        0x000000000800970c       0xc7 ./Src/menu.o
 *fill*         0x00000000080097d3        0x1 
 .rodata        0x00000000080097d4      0x598 ./Src/screen.o
 .rodata        0x0000000008009d6c      0x8d2 ./Src/timer.o
 *fill*         0x000000000800a63e        0x2 
 .rodata        0x000000000800a640        0x4 ./Src/window.o
 *(.rodata*)
 .rodata.character_data
                0x000000000800a644      0x1db ./Src/charset.o
                0x000000000800a644                character_data
 *fill*         0x000000000800a81f        0x1 
 .rodata.custom_character_data
                0x000000000800a820       0x37 ./Src/charset.o
                0x000000000800a820                custom_character_data
 *fill*         0x000000000800a857        0x1 
 .rodata._global_impure_ptr
                0x000000000800a858        0x4 c:/st/stm32cubeide_1.8.0/stm32cubeide/plugins/com.st.stm32cube.ide.mcu.externaltools.gnu-tools-for-stm32.9-2020-q2-update.win32_2.0.0.202105311346/tools/bin/../lib/gcc/arm-none-eabi/9.3.1/../../../../arm-none-eabi/lib/thumb/v7e-m+fp/hard\libc_nano.a(lib_a-impure.o)
                0x000000000800a858                _global_impure_ptr
 .rodata.__sf_fake_stderr
                0x000000000800a85c       0x20 c:/st/stm32cubeide_1.8.0/stm32cubeide/plugins/com.st.stm32cube.ide.mcu.externaltools.gnu-tools-for-stm32.9-2020-q2-update.win32_2.0.0.202105311346/tools/bin/../lib/gcc/arm-none-eabi/9.3.1/../../../../arm-none-eabi/lib/thumb/v7e-m+fp/hard\libc_nano.a(lib_a-findfp.o)
                0x000000000800a85c                __sf_fake_stderr
 .rodata.__sf_fake_stdin
                0x000000000800a87c       0x20 c:/st/stm32cubeide_1.8.0/stm32cubeide/plugins/com.st.stm32cube.ide.mcu.externaltools.gnu-tools-for-stm32.9-2020-q2-update.win32_2.0.0.202105311346/tools/bin/../lib/gcc/arm-none-eabi/9.3.1/../../../../arm-none-eabi/lib/thumb/v7e-m+fp/hard\libc_nano.a(lib_a-findfp.o)
                0x000000000800a87c                __sf_fake_stdin
 .rodata.__sf_fake_stdout
                0x000000000800a89c       0x20 c:/st/stm32cubeide_1.8.0/stm32cubeide/plugins/com.st.stm32cube.ide.mcu.externaltools.gnu-tools-for-stm32.9-2020-q2-update.win32_2.0.0.202105311346/tools/bin/../lib/gcc/arm-none-eabi/9.3.1/../../../../arm-none-eabi/lib/thumb/v7e-m+fp/hard\libc_nano.a(lib_a-findfp.o)
                0x000000000800a89c                __sf_fake_stdout
 .rodata._svfprintf_r.str1.1
                0x000000000800a8bc       0x11 c:/st/stm32cubeide_1.8.0/stm32cubeide/plugins/com.st.stm32cube.ide.mcu.externaltools.gnu-tools-for-stm32.9-2020-q2-update.win32_2.0.0.202105311346/tools/bin/../lib/gcc/arm-none-eabi/9.3.1/../../../../arm-none-eabi/lib/thumb/v7e-m+fp/hard\libc_nano.a(lib_a-nano-svfprintf.o)
 .rodata._vfprintf_r.str1.1
                0x000000000800a8cd       0x11 c:/st/stm32cubeide_1.8.0/stm32cubeide/plugins/com.st.stm32cube.ide.mcu.externaltools.gnu-tools-for-stm32.9-2020-q2-update.win32_2.0.0.202105311346/tools/bin/../lib/gcc/arm-none-eabi/9.3.1/../../../../arm-none-eabi/lib/thumb/v7e-m+fp/hard\libc_nano.a(lib_a-nano-vfprintf.o)
 .rodata._printf_i.str1.1
                0x000000000800a8cd       0x22 c:/st/stm32cubeide_1.8.0/stm32cubeide/plugins/com.st.stm32cube.ide.mcu.externaltools.gnu-tools-for-stm32.9-2020-q2-update.win32_2.0.0.202105311346/tools/bin/../lib/gcc/arm-none-eabi/9.3.1/../../../../arm-none-eabi/lib/thumb/v7e-m+fp/hard\libc_nano.a(lib_a-nano-vfprintf_i.o)
                0x000000000800a8f0                . = ALIGN (0x4)
 *fill*         0x000000000800a8ef        0x1 

.rel.dyn        0x000000000800a8f0        0x0
 .rel.iplt      0x000000000800a8f0        0x0 c:/st/stm32cubeide_1.8.0/stm32cubeide/plugins/com.st.stm32cube.ide.mcu.externaltools.gnu-tools-for-stm32.9-2020-q2-update.win32_2.0.0.202105311346/tools/bin/../lib/gcc/arm-none-eabi/9.3.1/thumb/v7e-m+fp/hard/crtbegin.o

.ARM.extab      0x000000000800a8f0        0x0
                0x000000000800a8f0                . = ALIGN (0x4)
 *(.ARM.extab* .gnu.linkonce.armextab.*)
                0x000000000800a8f0                . = ALIGN (0x4)

.ARM            0x000000000800a8f0        0x0
                0x000000000800a8f0                . = ALIGN (0x4)
                0x000000000800a8f0                __exidx_start = .
 *(.ARM.exidx*)
                0x000000000800a8f0                __exidx_end = .
                0x000000000800a8f0                . = ALIGN (0x4)

.preinit_array  0x000000000800a8f0        0x0
                0x000000000800a8f0                . = ALIGN (0x4)
                0x000000000800a8f0                PROVIDE (__preinit_array_start = .)
 *(.preinit_array*)
                0x000000000800a8f0                PROVIDE (__preinit_array_end = .)
                0x000000000800a8f0                . = ALIGN (0x4)

.init_array     0x000000000800a8f0        0x4
                0x000000000800a8f0                . = ALIGN (0x4)
                0x000000000800a8f0                PROVIDE (__init_array_start = .)
 *(SORT_BY_NAME(.init_array.*))
 *(.init_array*)
 .init_array    0x000000000800a8f0        0x4 c:/st/stm32cubeide_1.8.0/stm32cubeide/plugins/com.st.stm32cube.ide.mcu.externaltools.gnu-tools-for-stm32.9-2020-q2-update.win32_2.0.0.202105311346/tools/bin/../lib/gcc/arm-none-eabi/9.3.1/thumb/v7e-m+fp/hard/crtbegin.o
                0x000000000800a8f4                PROVIDE (__init_array_end = .)
                0x000000000800a8f4                . = ALIGN (0x4)

.fini_array     0x000000000800a8f4        0x4
                0x000000000800a8f4                . = ALIGN (0x4)
                [!provide]                        PROVIDE (__fini_array_start = .)
 *(SORT_BY_NAME(.fini_array.*))
 *(.fini_array*)
 .fini_array    0x000000000800a8f4        0x4 c:/st/stm32cubeide_1.8.0/stm32cubeide/plugins/com.st.stm32cube.ide.mcu.externaltools.gnu-tools-for-stm32.9-2020-q2-update.win32_2.0.0.202105311346/tools/bin/../lib/gcc/arm-none-eabi/9.3.1/thumb/v7e-m+fp/hard/crtbegin.o
                [!provide]                        PROVIDE (__fini_array_end = .)
                0x000000000800a8f8                . = ALIGN (0x4)
                0x000000000800a8f8                _sidata = LOADADDR (.data)

.data           0x0000000020000000       0x90 load address 0x000000000800a8f8
                0x0000000020000000                . = ALIGN (0x4)
                0x0000000020000000                _sdata = .
 *(.data)
 *(.data*)
 .data.APBAHBPrescTable
                0x0000000020000000       0x10 ./SPL/src/stm32f30x_rcc.o
 .data.ADCPrescTable
                0x0000000020000010       0x1a ./SPL/src/stm32f30x_rcc.o
 *fill*         0x000000002000002a        0x2 
 .data._impure_ptr
                0x000000002000002c        0x4 c:/st/stm32cubeide_1.8.0/stm32cubeide/plugins/com.st.stm32cube.ide.mcu.externaltools.gnu-tools-for-stm32.9-2020-q2-update.win32_2.0.0.202105311346/tools/bin/../lib/gcc/arm-none-eabi/9.3.1/../../../../arm-none-eabi/lib/thumb/v7e-m+fp/hard\libc_nano.a(lib_a-impure.o)
                0x000000002000002c                _impure_ptr
 .data.impure_data
                0x0000000020000030       0x60 c:/st/stm32cubeide_1.8.0/stm32cubeide/plugins/com.st.stm32cube.ide.mcu.externaltools.gnu-tools-for-stm32.9-2020-q2-update.win32_2.0.0.202105311346/tools/bin/../lib/gcc/arm-none-eabi/9.3.1/../../../../arm-none-eabi/lib/thumb/v7e-m+fp/hard\libc_nano.a(lib_a-impure.o)
                0x0000000020000090                . = ALIGN (0x4)
                0x0000000020000090                _edata = .

.igot.plt       0x0000000020000090        0x0 load address 0x000000000800a988
 .igot.plt      0x0000000020000090        0x0 c:/st/stm32cubeide_1.8.0/stm32cubeide/plugins/com.st.stm32cube.ide.mcu.externaltools.gnu-tools-for-stm32.9-2020-q2-update.win32_2.0.0.202105311346/tools/bin/../lib/gcc/arm-none-eabi/9.3.1/thumb/v7e-m+fp/hard/crtbegin.o
                0x0000000020000090                . = ALIGN (0x4)

.bss            0x0000000020000090      0x3c0 load address 0x000000000800a988
                0x0000000020000090                _sbss = .
                0x0000000020000090                __bss_start__ = _sbss
 *(.bss)
 .bss           0x0000000020000090       0x1c c:/st/stm32cubeide_1.8.0/stm32cubeide/plugins/com.st.stm32cube.ide.mcu.externaltools.gnu-tools-for-stm32.9-2020-q2-update.win32_2.0.0.202105311346/tools/bin/../lib/gcc/arm-none-eabi/9.3.1/thumb/v7e-m+fp/hard/crtbegin.o
 *(.bss*)
 .bss.UART_BUFFER
                0x00000000200000ac      0x100 ./Src/30010_io.o
                0x00000000200000ac                UART_BUFFER
 .bss.UART_END_IDX
                0x00000000200001ac        0x1 ./Src/30010_io.o
                0x00000000200001ac                UART_END_IDX
 .bss.UART_START_IDX
                0x00000000200001ad        0x1 ./Src/30010_io.o
                0x00000000200001ad                UART_START_IDX
 .bss.UART_COUNT
                0x00000000200001ae        0x1 ./Src/30010_io.o
                0x00000000200001ae                UART_COUNT
 *fill*         0x00000000200001af        0x1 
 .bss.ani       0x00000000200001b0        0x4 ./Src/GameScreen.o
                0x00000000200001b0                ani
 .bss.i.9727    0x00000000200001b4        0x4 ./Src/astroid.o
 .bss.i.9672    0x00000000200001b8        0x4 ./Src/buzzer.o
 .bss.heap_end.6585
                0x00000000200001bc        0x4 ./Src/sysmem.o
 .bss.hp.9685   0x00000000200001c0        0x4 ./Src/timer.o
 .bss.__malloc_free_list
                0x00000000200001c4        0x4 c:/st/stm32cubeide_1.8.0/stm32cubeide/plugins/com.st.stm32cube.ide.mcu.externaltools.gnu-tools-for-stm32.9-2020-q2-update.win32_2.0.0.202105311346/tools/bin/../lib/gcc/arm-none-eabi/9.3.1/../../../../arm-none-eabi/lib/thumb/v7e-m+fp/hard\libc_nano.a(lib_a-nano-mallocr.o)
                0x00000000200001c4                __malloc_free_list
 .bss.__malloc_sbrk_start
                0x00000000200001c8        0x4 c:/st/stm32cubeide_1.8.0/stm32cubeide/plugins/com.st.stm32cube.ide.mcu.externaltools.gnu-tools-for-stm32.9-2020-q2-update.win32_2.0.0.202105311346/tools/bin/../lib/gcc/arm-none-eabi/9.3.1/../../../../arm-none-eabi/lib/thumb/v7e-m+fp/hard\libc_nano.a(lib_a-nano-mallocr.o)
                0x00000000200001c8                __malloc_sbrk_start
 *(COMMON)
 COMMON         0x00000000200001cc       0x45 ./Src/GameScreen.o
                0x00000000200001cc                Bship1
                0x00000000200001d0                Bup
                0x00000000200001d4                Bship3
                0x00000000200001d8                Bcanon
                0x00000000200001dc                score
                0x00000000200001e0                led
                0x00000000200001ec                Bship2
                0x00000000200001f0                lcdUpdate
                0x00000000200001f4                Bdown
                0x00000000200001f8                key
                0x0000000020000200                refreshRate
                0x0000000020000204                joy
                0x000000002000020c                CJoy
 *fill*         0x0000000020000211        0x3 
 COMMON         0x0000000020000214      0x200 ./Src/LCD.o
                0x0000000020000214                buffer
 COMMON         0x0000000020000414        0x8 ./Src/LCDgameplay.o
                0x0000000020000414                timeState
                0x0000000020000416                buzzTone
                0x0000000020000418                tid
 COMMON         0x000000002000041c       0x24 ./Src/astroid.o
                0x000000002000041c                ast1
                0x0000000020000424                bllt
                0x000000002000042c                force
                0x0000000020000430                ast2
                0x0000000020000438                ast3
 COMMON         0x0000000020000440        0x9 c:/st/stm32cubeide_1.8.0/stm32cubeide/plugins/com.st.stm32cube.ide.mcu.externaltools.gnu-tools-for-stm32.9-2020-q2-update.win32_2.0.0.202105311346/tools/bin/../lib/gcc/arm-none-eabi/9.3.1/../../../../arm-none-eabi/lib/thumb/v7e-m+fp/hard\libc_nano.a(lib_a-lock.o)
                0x0000000020000440                __lock___atexit_recursive_mutex
                0x0000000020000441                __lock___arc4random_mutex
                0x0000000020000442                __lock___env_recursive_mutex
                0x0000000020000443                __lock___sinit_recursive_mutex
                0x0000000020000444                __lock___malloc_recursive_mutex
                0x0000000020000445                __lock___at_quick_exit_mutex
                0x0000000020000446                __lock___dd_hash_mutex
                0x0000000020000447                __lock___tz_mutex
                0x0000000020000448                __lock___sfp_recursive_mutex
 *fill*         0x0000000020000449        0x3 
 COMMON         0x000000002000044c        0x4 c:/st/stm32cubeide_1.8.0/stm32cubeide/plugins/com.st.stm32cube.ide.mcu.externaltools.gnu-tools-for-stm32.9-2020-q2-update.win32_2.0.0.202105311346/tools/bin/../lib/gcc/arm-none-eabi/9.3.1/../../../../arm-none-eabi/lib/thumb/v7e-m+fp/hard\libc_nano.a(lib_a-reent.o)
                0x000000002000044c                errno
                0x0000000020000450                . = ALIGN (0x4)
                0x0000000020000450                _ebss = .
                0x0000000020000450                __bss_end__ = _ebss

._user_heap_stack
                0x0000000020000450      0x600 load address 0x000000000800a988
                0x0000000020000450                . = ALIGN (0x8)
                0x0000000020000450                PROVIDE (end = .)
                [!provide]                        PROVIDE (_end = .)
                0x0000000020000650                . = (. + _Min_Heap_Size)
 *fill*         0x0000000020000450      0x200 
                0x0000000020000a50                . = (. + _Min_Stack_Size)
 *fill*         0x0000000020000650      0x400 
                0x0000000020000a50                . = ALIGN (0x8)

/DISCARD/
 libc.a(*)
 libm.a(*)
 libgcc.a(*)

.ARM.attributes
                0x0000000000000000       0x30
 *(.ARM.attributes)
 .ARM.attributes
                0x0000000000000000       0x1e c:/st/stm32cubeide_1.8.0/stm32cubeide/plugins/com.st.stm32cube.ide.mcu.externaltools.gnu-tools-for-stm32.9-2020-q2-update.win32_2.0.0.202105311346/tools/bin/../lib/gcc/arm-none-eabi/9.3.1/thumb/v7e-m+fp/hard/crti.o
 .ARM.attributes
                0x000000000000001e       0x34 c:/st/stm32cubeide_1.8.0/stm32cubeide/plugins/com.st.stm32cube.ide.mcu.externaltools.gnu-tools-for-stm32.9-2020-q2-update.win32_2.0.0.202105311346/tools/bin/../lib/gcc/arm-none-eabi/9.3.1/thumb/v7e-m+fp/hard/crtbegin.o
 .ARM.attributes
                0x0000000000000052       0x34 ./SPL/src/stm32f30x_gpio.o
 .ARM.attributes
                0x0000000000000086       0x34 ./SPL/src/stm32f30x_rcc.o
 .ARM.attributes
                0x00000000000000ba       0x34 ./SPL/src/stm32f30x_spi.o
 .ARM.attributes
                0x00000000000000ee       0x34 ./SPL/src/stm32f30x_usart.o
 .ARM.attributes
                0x0000000000000122       0x34 ./Src/30010_io.o
 .ARM.attributes
                0x0000000000000156       0x34 ./Src/GameScreen.o
 .ARM.attributes
                0x000000000000018a       0x34 ./Src/Joystick.o
 .ARM.attributes
                0x00000000000001be       0x34 ./Src/LCD.o
 .ARM.attributes
                0x00000000000001f2       0x34 ./Src/LCDgameplay.o
 .ARM.attributes
                0x0000000000000226       0x34 ./Src/LED.o
 .ARM.attributes
                0x000000000000025a       0x34 ./Src/ansi_S.o
 .ARM.attributes
                0x000000000000028e       0x34 ./Src/astroid.o
 .ARM.attributes
                0x00000000000002c2       0x34 ./Src/buzzer.o
 .ARM.attributes
                0x00000000000002f6       0x39 ./Src/charset.o
 .ARM.attributes
                0x000000000000032f       0x34 ./Src/main.o
 .ARM.attributes
                0x0000000000000363       0x34 ./Src/menu.o
 .ARM.attributes
                0x0000000000000397       0x34 ./Src/rocet.o
 .ARM.attributes
                0x00000000000003cb       0x34 ./Src/screen.o
 .ARM.attributes
                0x00000000000003ff       0x34 ./Src/syscalls.o
 .ARM.attributes
                0x0000000000000433       0x34 ./Src/sysmem.o
 .ARM.attributes
                0x0000000000000467       0x34 ./Src/system_stm32f30x.o
 .ARM.attributes
                0x000000000000049b       0x34 ./Src/timer.o
 .ARM.attributes
                0x00000000000004cf       0x34 ./Src/window.o
 .ARM.attributes
                0x0000000000000503       0x21 ./Startup/startup_stm32f302r8tx.o
 .ARM.attributes
                0x0000000000000524       0x34 c:/st/stm32cubeide_1.8.0/stm32cubeide/plugins/com.st.stm32cube.ide.mcu.externaltools.gnu-tools-for-stm32.9-2020-q2-update.win32_2.0.0.202105311346/tools/bin/../lib/gcc/arm-none-eabi/9.3.1/../../../../arm-none-eabi/lib/thumb/v7e-m+fp/hard\libc_nano.a(lib_a-errno.o)
 .ARM.attributes
                0x0000000000000558       0x32 c:/st/stm32cubeide_1.8.0/stm32cubeide/plugins/com.st.stm32cube.ide.mcu.externaltools.gnu-tools-for-stm32.9-2020-q2-update.win32_2.0.0.202105311346/tools/bin/../lib/gcc/arm-none-eabi/9.3.1/../../../../arm-none-eabi/lib/thumb/v7e-m+fp/hard\libc_nano.a(lib_a-impure.o)
 .ARM.attributes
                0x000000000000058a       0x34 c:/st/stm32cubeide_1.8.0/stm32cubeide/plugins/com.st.stm32cube.ide.mcu.externaltools.gnu-tools-for-stm32.9-2020-q2-update.win32_2.0.0.202105311346/tools/bin/../lib/gcc/arm-none-eabi/9.3.1/../../../../arm-none-eabi/lib/thumb/v7e-m+fp/hard\libc_nano.a(lib_a-init.o)
 .ARM.attributes
                0x00000000000005be       0x34 c:/st/stm32cubeide_1.8.0/stm32cubeide/plugins/com.st.stm32cube.ide.mcu.externaltools.gnu-tools-for-stm32.9-2020-q2-update.win32_2.0.0.202105311346/tools/bin/../lib/gcc/arm-none-eabi/9.3.1/../../../../arm-none-eabi/lib/thumb/v7e-m+fp/hard\libc_nano.a(lib_a-memcpy-stub.o)
 .ARM.attributes
                0x00000000000005f2       0x34 c:/st/stm32cubeide_1.8.0/stm32cubeide/plugins/com.st.stm32cube.ide.mcu.externaltools.gnu-tools-for-stm32.9-2020-q2-update.win32_2.0.0.202105311346/tools/bin/../lib/gcc/arm-none-eabi/9.3.1/../../../../arm-none-eabi/lib/thumb/v7e-m+fp/hard\libc_nano.a(lib_a-memset.o)
 .ARM.attributes
                0x0000000000000626       0x34 c:/st/stm32cubeide_1.8.0/stm32cubeide/plugins/com.st.stm32cube.ide.mcu.externaltools.gnu-tools-for-stm32.9-2020-q2-update.win32_2.0.0.202105311346/tools/bin/../lib/gcc/arm-none-eabi/9.3.1/../../../../arm-none-eabi/lib/thumb/v7e-m+fp/hard\libc_nano.a(lib_a-printf.o)
 .ARM.attributes
                0x000000000000065a       0x34 c:/st/stm32cubeide_1.8.0/stm32cubeide/plugins/com.st.stm32cube.ide.mcu.externaltools.gnu-tools-for-stm32.9-2020-q2-update.win32_2.0.0.202105311346/tools/bin/../lib/gcc/arm-none-eabi/9.3.1/../../../../arm-none-eabi/lib/thumb/v7e-m+fp/hard\libc_nano.a(lib_a-putchar.o)
 .ARM.attributes
                0x000000000000068e       0x34 c:/st/stm32cubeide_1.8.0/stm32cubeide/plugins/com.st.stm32cube.ide.mcu.externaltools.gnu-tools-for-stm32.9-2020-q2-update.win32_2.0.0.202105311346/tools/bin/../lib/gcc/arm-none-eabi/9.3.1/../../../../arm-none-eabi/lib/thumb/v7e-m+fp/hard\libc_nano.a(lib_a-setbuf.o)
 .ARM.attributes
                0x00000000000006c2       0x34 c:/st/stm32cubeide_1.8.0/stm32cubeide/plugins/com.st.stm32cube.ide.mcu.externaltools.gnu-tools-for-stm32.9-2020-q2-update.win32_2.0.0.202105311346/tools/bin/../lib/gcc/arm-none-eabi/9.3.1/../../../../arm-none-eabi/lib/thumb/v7e-m+fp/hard\libc_nano.a(lib_a-setvbuf.o)
 .ARM.attributes
                0x00000000000006f6       0x34 c:/st/stm32cubeide_1.8.0/stm32cubeide/plugins/com.st.stm32cube.ide.mcu.externaltools.gnu-tools-for-stm32.9-2020-q2-update.win32_2.0.0.202105311346/tools/bin/../lib/gcc/arm-none-eabi/9.3.1/../../../../arm-none-eabi/lib/thumb/v7e-m+fp/hard\libc_nano.a(lib_a-sprintf.o)
 .ARM.attributes
                0x000000000000072a       0x17 c:/st/stm32cubeide_1.8.0/stm32cubeide/plugins/com.st.stm32cube.ide.mcu.externaltools.gnu-tools-for-stm32.9-2020-q2-update.win32_2.0.0.202105311346/tools/bin/../lib/gcc/arm-none-eabi/9.3.1/../../../../arm-none-eabi/lib/thumb/v7e-m+fp/hard\libc_nano.a(lib_a-strlen.o)
 .ARM.attributes
                0x0000000000000741       0x34 c:/st/stm32cubeide_1.8.0/stm32cubeide/plugins/com.st.stm32cube.ide.mcu.externaltools.gnu-tools-for-stm32.9-2020-q2-update.win32_2.0.0.202105311346/tools/bin/../lib/gcc/arm-none-eabi/9.3.1/../../../../arm-none-eabi/lib/thumb/v7e-m+fp/hard\libc_nano.a(lib_a-fflush.o)
 .ARM.attributes
                0x0000000000000775       0x34 c:/st/stm32cubeide_1.8.0/stm32cubeide/plugins/com.st.stm32cube.ide.mcu.externaltools.gnu-tools-for-stm32.9-2020-q2-update.win32_2.0.0.202105311346/tools/bin/../lib/gcc/arm-none-eabi/9.3.1/../../../../arm-none-eabi/lib/thumb/v7e-m+fp/hard\libc_nano.a(lib_a-findfp.o)
 .ARM.attributes
                0x00000000000007a9       0x34 c:/st/stm32cubeide_1.8.0/stm32cubeide/plugins/com.st.stm32cube.ide.mcu.externaltools.gnu-tools-for-stm32.9-2020-q2-update.win32_2.0.0.202105311346/tools/bin/../lib/gcc/arm-none-eabi/9.3.1/../../../../arm-none-eabi/lib/thumb/v7e-m+fp/hard\libc_nano.a(lib_a-fwalk.o)
 .ARM.attributes
                0x00000000000007dd       0x34 c:/st/stm32cubeide_1.8.0/stm32cubeide/plugins/com.st.stm32cube.ide.mcu.externaltools.gnu-tools-for-stm32.9-2020-q2-update.win32_2.0.0.202105311346/tools/bin/../lib/gcc/arm-none-eabi/9.3.1/../../../../arm-none-eabi/lib/thumb/v7e-m+fp/hard\libc_nano.a(lib_a-lock.o)
 .ARM.attributes
                0x0000000000000811       0x34 c:/st/stm32cubeide_1.8.0/stm32cubeide/plugins/com.st.stm32cube.ide.mcu.externaltools.gnu-tools-for-stm32.9-2020-q2-update.win32_2.0.0.202105311346/tools/bin/../lib/gcc/arm-none-eabi/9.3.1/../../../../arm-none-eabi/lib/thumb/v7e-m+fp/hard\libc_nano.a(lib_a-makebuf.o)
 .ARM.attributes
                0x0000000000000845       0x34 c:/st/stm32cubeide_1.8.0/stm32cubeide/plugins/com.st.stm32cube.ide.mcu.externaltools.gnu-tools-for-stm32.9-2020-q2-update.win32_2.0.0.202105311346/tools/bin/../lib/gcc/arm-none-eabi/9.3.1/../../../../arm-none-eabi/lib/thumb/v7e-m+fp/hard\libc_nano.a(lib_a-malloc.o)
 .ARM.attributes
                0x0000000000000879       0x34 c:/st/stm32cubeide_1.8.0/stm32cubeide/plugins/com.st.stm32cube.ide.mcu.externaltools.gnu-tools-for-stm32.9-2020-q2-update.win32_2.0.0.202105311346/tools/bin/../lib/gcc/arm-none-eabi/9.3.1/../../../../arm-none-eabi/lib/thumb/v7e-m+fp/hard\libc_nano.a(lib_a-nano-freer.o)
 .ARM.attributes
                0x00000000000008ad       0x34 c:/st/stm32cubeide_1.8.0/stm32cubeide/plugins/com.st.stm32cube.ide.mcu.externaltools.gnu-tools-for-stm32.9-2020-q2-update.win32_2.0.0.202105311346/tools/bin/../lib/gcc/arm-none-eabi/9.3.1/../../../../arm-none-eabi/lib/thumb/v7e-m+fp/hard\libc_nano.a(lib_a-nano-mallocr.o)
 .ARM.attributes
                0x00000000000008e1       0x34 c:/st/stm32cubeide_1.8.0/stm32cubeide/plugins/com.st.stm32cube.ide.mcu.externaltools.gnu-tools-for-stm32.9-2020-q2-update.win32_2.0.0.202105311346/tools/bin/../lib/gcc/arm-none-eabi/9.3.1/../../../../arm-none-eabi/lib/thumb/v7e-m+fp/hard\libc_nano.a(lib_a-nano-svfprintf.o)
 .ARM.attributes
                0x0000000000000915       0x34 c:/st/stm32cubeide_1.8.0/stm32cubeide/plugins/com.st.stm32cube.ide.mcu.externaltools.gnu-tools-for-stm32.9-2020-q2-update.win32_2.0.0.202105311346/tools/bin/../lib/gcc/arm-none-eabi/9.3.1/../../../../arm-none-eabi/lib/thumb/v7e-m+fp/hard\libc_nano.a(lib_a-nano-vfprintf.o)
 .ARM.attributes
                0x0000000000000949       0x34 c:/st/stm32cubeide_1.8.0/stm32cubeide/plugins/com.st.stm32cube.ide.mcu.externaltools.gnu-tools-for-stm32.9-2020-q2-update.win32_2.0.0.202105311346/tools/bin/../lib/gcc/arm-none-eabi/9.3.1/../../../../arm-none-eabi/lib/thumb/v7e-m+fp/hard\libc_nano.a(lib_a-nano-vfprintf_i.o)
 .ARM.attributes
                0x000000000000097d       0x34 c:/st/stm32cubeide_1.8.0/stm32cubeide/plugins/com.st.stm32cube.ide.mcu.externaltools.gnu-tools-for-stm32.9-2020-q2-update.win32_2.0.0.202105311346/tools/bin/../lib/gcc/arm-none-eabi/9.3.1/../../../../arm-none-eabi/lib/thumb/v7e-m+fp/hard\libc_nano.a(lib_a-putc.o)
 .ARM.attributes
                0x00000000000009b1       0x34 c:/st/stm32cubeide_1.8.0/stm32cubeide/plugins/com.st.stm32cube.ide.mcu.externaltools.gnu-tools-for-stm32.9-2020-q2-update.win32_2.0.0.202105311346/tools/bin/../lib/gcc/arm-none-eabi/9.3.1/../../../../arm-none-eabi/lib/thumb/v7e-m+fp/hard\libc_nano.a(lib_a-sbrkr.o)
 .ARM.attributes
                0x00000000000009e5       0x34 c:/st/stm32cubeide_1.8.0/stm32cubeide/plugins/com.st.stm32cube.ide.mcu.externaltools.gnu-tools-for-stm32.9-2020-q2-update.win32_2.0.0.202105311346/tools/bin/../lib/gcc/arm-none-eabi/9.3.1/../../../../arm-none-eabi/lib/thumb/v7e-m+fp/hard\libc_nano.a(lib_a-stdio.o)
 .ARM.attributes
                0x0000000000000a19       0x34 c:/st/stm32cubeide_1.8.0/stm32cubeide/plugins/com.st.stm32cube.ide.mcu.externaltools.gnu-tools-for-stm32.9-2020-q2-update.win32_2.0.0.202105311346/tools/bin/../lib/gcc/arm-none-eabi/9.3.1/../../../../arm-none-eabi/lib/thumb/v7e-m+fp/hard\libc_nano.a(lib_a-wbuf.o)
 .ARM.attributes
                0x0000000000000a4d       0x34 c:/st/stm32cubeide_1.8.0/stm32cubeide/plugins/com.st.stm32cube.ide.mcu.externaltools.gnu-tools-for-stm32.9-2020-q2-update.win32_2.0.0.202105311346/tools/bin/../lib/gcc/arm-none-eabi/9.3.1/../../../../arm-none-eabi/lib/thumb/v7e-m+fp/hard\libc_nano.a(lib_a-wsetup.o)
 .ARM.attributes
                0x0000000000000a81       0x34 c:/st/stm32cubeide_1.8.0/stm32cubeide/plugins/com.st.stm32cube.ide.mcu.externaltools.gnu-tools-for-stm32.9-2020-q2-update.win32_2.0.0.202105311346/tools/bin/../lib/gcc/arm-none-eabi/9.3.1/../../../../arm-none-eabi/lib/thumb/v7e-m+fp/hard\libc_nano.a(lib_a-closer.o)
 .ARM.attributes
                0x0000000000000ab5       0x34 c:/st/stm32cubeide_1.8.0/stm32cubeide/plugins/com.st.stm32cube.ide.mcu.externaltools.gnu-tools-for-stm32.9-2020-q2-update.win32_2.0.0.202105311346/tools/bin/../lib/gcc/arm-none-eabi/9.3.1/../../../../arm-none-eabi/lib/thumb/v7e-m+fp/hard\libc_nano.a(lib_a-fstatr.o)
 .ARM.attributes
                0x0000000000000ae9       0x34 c:/st/stm32cubeide_1.8.0/stm32cubeide/plugins/com.st.stm32cube.ide.mcu.externaltools.gnu-tools-for-stm32.9-2020-q2-update.win32_2.0.0.202105311346/tools/bin/../lib/gcc/arm-none-eabi/9.3.1/../../../../arm-none-eabi/lib/thumb/v7e-m+fp/hard\libc_nano.a(lib_a-isattyr.o)
 .ARM.attributes
                0x0000000000000b1d       0x34 c:/st/stm32cubeide_1.8.0/stm32cubeide/plugins/com.st.stm32cube.ide.mcu.externaltools.gnu-tools-for-stm32.9-2020-q2-update.win32_2.0.0.202105311346/tools/bin/../lib/gcc/arm-none-eabi/9.3.1/../../../../arm-none-eabi/lib/thumb/v7e-m+fp/hard\libc_nano.a(lib_a-lseekr.o)
 .ARM.attributes
                0x0000000000000b51       0x1c c:/st/stm32cubeide_1.8.0/stm32cubeide/plugins/com.st.stm32cube.ide.mcu.externaltools.gnu-tools-for-stm32.9-2020-q2-update.win32_2.0.0.202105311346/tools/bin/../lib/gcc/arm-none-eabi/9.3.1/../../../../arm-none-eabi/lib/thumb/v7e-m+fp/hard\libc_nano.a(lib_a-memchr.o)
 .ARM.attributes
                0x0000000000000b6d       0x34 c:/st/stm32cubeide_1.8.0/stm32cubeide/plugins/com.st.stm32cube.ide.mcu.externaltools.gnu-tools-for-stm32.9-2020-q2-update.win32_2.0.0.202105311346/tools/bin/../lib/gcc/arm-none-eabi/9.3.1/../../../../arm-none-eabi/lib/thumb/v7e-m+fp/hard\libc_nano.a(lib_a-memmove.o)
 .ARM.attributes
                0x0000000000000ba1       0x34 c:/st/stm32cubeide_1.8.0/stm32cubeide/plugins/com.st.stm32cube.ide.mcu.externaltools.gnu-tools-for-stm32.9-2020-q2-update.win32_2.0.0.202105311346/tools/bin/../lib/gcc/arm-none-eabi/9.3.1/../../../../arm-none-eabi/lib/thumb/v7e-m+fp/hard\libc_nano.a(lib_a-mlock.o)
 .ARM.attributes
                0x0000000000000bd5       0x34 c:/st/stm32cubeide_1.8.0/stm32cubeide/plugins/com.st.stm32cube.ide.mcu.externaltools.gnu-tools-for-stm32.9-2020-q2-update.win32_2.0.0.202105311346/tools/bin/../lib/gcc/arm-none-eabi/9.3.1/../../../../arm-none-eabi/lib/thumb/v7e-m+fp/hard\libc_nano.a(lib_a-nano-reallocr.o)
 .ARM.attributes
                0x0000000000000c09       0x34 c:/st/stm32cubeide_1.8.0/stm32cubeide/plugins/com.st.stm32cube.ide.mcu.externaltools.gnu-tools-for-stm32.9-2020-q2-update.win32_2.0.0.202105311346/tools/bin/../lib/gcc/arm-none-eabi/9.3.1/../../../../arm-none-eabi/lib/thumb/v7e-m+fp/hard\libc_nano.a(lib_a-readr.o)
 .ARM.attributes
                0x0000000000000c3d       0x34 c:/st/stm32cubeide_1.8.0/stm32cubeide/plugins/com.st.stm32cube.ide.mcu.externaltools.gnu-tools-for-stm32.9-2020-q2-update.win32_2.0.0.202105311346/tools/bin/../lib/gcc/arm-none-eabi/9.3.1/../../../../arm-none-eabi/lib/thumb/v7e-m+fp/hard\libc_nano.a(lib_a-reent.o)
 .ARM.attributes
                0x0000000000000c71       0x34 c:/st/stm32cubeide_1.8.0/stm32cubeide/plugins/com.st.stm32cube.ide.mcu.externaltools.gnu-tools-for-stm32.9-2020-q2-update.win32_2.0.0.202105311346/tools/bin/../lib/gcc/arm-none-eabi/9.3.1/../../../../arm-none-eabi/lib/thumb/v7e-m+fp/hard\libc_nano.a(lib_a-nano-msizer.o)
 .ARM.attributes
                0x0000000000000ca5       0x1e c:/st/stm32cubeide_1.8.0/stm32cubeide/plugins/com.st.stm32cube.ide.mcu.externaltools.gnu-tools-for-stm32.9-2020-q2-update.win32_2.0.0.202105311346/tools/bin/../lib/gcc/arm-none-eabi/9.3.1/thumb/v7e-m+fp/hard\libgcc.a(_arm_addsubdf3.o)
 .ARM.attributes
                0x0000000000000cc3       0x1e c:/st/stm32cubeide_1.8.0/stm32cubeide/plugins/com.st.stm32cube.ide.mcu.externaltools.gnu-tools-for-stm32.9-2020-q2-update.win32_2.0.0.202105311346/tools/bin/../lib/gcc/arm-none-eabi/9.3.1/thumb/v7e-m+fp/hard\libgcc.a(_arm_muldivdf3.o)
 .ARM.attributes
                0x0000000000000ce1       0x1e c:/st/stm32cubeide_1.8.0/stm32cubeide/plugins/com.st.stm32cube.ide.mcu.externaltools.gnu-tools-for-stm32.9-2020-q2-update.win32_2.0.0.202105311346/tools/bin/../lib/gcc/arm-none-eabi/9.3.1/thumb/v7e-m+fp/hard\libgcc.a(_arm_fixunsdfsi.o)
 .ARM.attributes
                0x0000000000000cff       0x1e c:/st/stm32cubeide_1.8.0/stm32cubeide/plugins/com.st.stm32cube.ide.mcu.externaltools.gnu-tools-for-stm32.9-2020-q2-update.win32_2.0.0.202105311346/tools/bin/../lib/gcc/arm-none-eabi/9.3.1/thumb/v7e-m+fp/hard/crtn.o
OUTPUT(BaseProject.elf elf32-littlearm)
LOAD linker stubs
LOAD c:/st/stm32cubeide_1.8.0/stm32cubeide/plugins/com.st.stm32cube.ide.mcu.externaltools.gnu-tools-for-stm32.9-2020-q2-update.win32_2.0.0.202105311346/tools/bin/../lib/gcc/arm-none-eabi/9.3.1/../../../../arm-none-eabi/lib/thumb/v7e-m+fp/hard\libc.a
LOAD c:/st/stm32cubeide_1.8.0/stm32cubeide/plugins/com.st.stm32cube.ide.mcu.externaltools.gnu-tools-for-stm32.9-2020-q2-update.win32_2.0.0.202105311346/tools/bin/../lib/gcc/arm-none-eabi/9.3.1/../../../../arm-none-eabi/lib/thumb/v7e-m+fp/hard\libm.a
LOAD c:/st/stm32cubeide_1.8.0/stm32cubeide/plugins/com.st.stm32cube.ide.mcu.externaltools.gnu-tools-for-stm32.9-2020-q2-update.win32_2.0.0.202105311346/tools/bin/../lib/gcc/arm-none-eabi/9.3.1/thumb/v7e-m+fp/hard\libgcc.a

.debug_info     0x0000000000000000    0x13559
 .debug_info    0x0000000000000000      0x679 ./SPL/src/stm32f30x_gpio.o
 .debug_info    0x0000000000000679      0xb79 ./SPL/src/stm32f30x_rcc.o
 .debug_info    0x00000000000011f2      0xc39 ./SPL/src/stm32f30x_spi.o
 .debug_info    0x0000000000001e2b      0xfb2 ./SPL/src/stm32f30x_usart.o
 .debug_info    0x0000000000002ddd     0x1415 ./Src/30010_io.o
 .debug_info    0x00000000000041f2     0x1af5 ./Src/GameScreen.o
 .debug_info    0x0000000000005ce7      0xd55 ./Src/Joystick.o
 .debug_info    0x0000000000006a3c      0xe0b ./Src/LCD.o
 .debug_info    0x0000000000007847      0xe03 ./Src/LCDgameplay.o
 .debug_info    0x000000000000864a      0xc54 ./Src/LED.o
 .debug_info    0x000000000000929e      0xbb6 ./Src/ansi_S.o
 .debug_info    0x0000000000009e54      0xf67 ./Src/astroid.o
 .debug_info    0x000000000000adbb      0xf3f ./Src/buzzer.o
 .debug_info    0x000000000000bcfa       0x9f ./Src/charset.o
 .debug_info    0x000000000000bd99     0x12c7 ./Src/main.o
 .debug_info    0x000000000000d060      0xdfd ./Src/menu.o
 .debug_info    0x000000000000de5d      0xa8b ./Src/rocet.o
 .debug_info    0x000000000000e8e8      0xcb9 ./Src/screen.o
 .debug_info    0x000000000000f5a1      0xfb4 ./Src/syscalls.o
 .debug_info    0x0000000000010555      0x9b5 ./Src/sysmem.o
 .debug_info    0x0000000000010f0a      0x4ad ./Src/system_stm32f30x.o
 .debug_info    0x00000000000113b7     0x1622 ./Src/timer.o
 .debug_info    0x00000000000129d9      0xb5e ./Src/window.o
 .debug_info    0x0000000000013537       0x22 ./Startup/startup_stm32f302r8tx.o

.debug_abbrev   0x0000000000000000     0x31ea
 .debug_abbrev  0x0000000000000000      0x1d8 ./SPL/src/stm32f30x_gpio.o
 .debug_abbrev  0x00000000000001d8      0x229 ./SPL/src/stm32f30x_rcc.o
 .debug_abbrev  0x0000000000000401      0x1c7 ./SPL/src/stm32f30x_spi.o
 .debug_abbrev  0x00000000000005c8      0x1ab ./SPL/src/stm32f30x_usart.o
 .debug_abbrev  0x0000000000000773      0x375 ./Src/30010_io.o
 .debug_abbrev  0x0000000000000ae8      0x287 ./Src/GameScreen.o
 .debug_abbrev  0x0000000000000d6f      0x1f9 ./Src/Joystick.o
 .debug_abbrev  0x0000000000000f68      0x273 ./Src/LCD.o
 .debug_abbrev  0x00000000000011db      0x261 ./Src/LCDgameplay.o
 .debug_abbrev  0x000000000000143c      0x1ce ./Src/LED.o
 .debug_abbrev  0x000000000000160a      0x228 ./Src/ansi_S.o
 .debug_abbrev  0x0000000000001832      0x285 ./Src/astroid.o
 .debug_abbrev  0x0000000000001ab7      0x2a0 ./Src/buzzer.o
 .debug_abbrev  0x0000000000001d57       0x59 ./Src/charset.o
 .debug_abbrev  0x0000000000001db0      0x26c ./Src/main.o
 .debug_abbrev  0x000000000000201c      0x29c ./Src/menu.o
 .debug_abbrev  0x00000000000022b8      0x1d2 ./Src/rocet.o
 .debug_abbrev  0x000000000000248a      0x24c ./Src/screen.o
 .debug_abbrev  0x00000000000026d6      0x297 ./Src/syscalls.o
 .debug_abbrev  0x000000000000296d      0x1e3 ./Src/sysmem.o
 .debug_abbrev  0x0000000000002b50      0x154 ./Src/system_stm32f30x.o
 .debug_abbrev  0x0000000000002ca4      0x33d ./Src/timer.o
 .debug_abbrev  0x0000000000002fe1      0x1f7 ./Src/window.o
 .debug_abbrev  0x00000000000031d8       0x12 ./Startup/startup_stm32f302r8tx.o

.debug_aranges  0x0000000000000000      0xa48
 .debug_aranges
                0x0000000000000000       0x80 ./SPL/src/stm32f30x_gpio.o
 .debug_aranges
                0x0000000000000080      0x150 ./SPL/src/stm32f30x_rcc.o
 .debug_aranges
                0x00000000000001d0      0x118 ./SPL/src/stm32f30x_spi.o
 .debug_aranges
                0x00000000000002e8      0x1a0 ./SPL/src/stm32f30x_usart.o
 .debug_aranges
                0x0000000000000488       0x78 ./Src/30010_io.o
 .debug_aranges
                0x0000000000000500       0xe8 ./Src/GameScreen.o
 .debug_aranges
                0x00000000000005e8       0x30 ./Src/Joystick.o
 .debug_aranges
                0x0000000000000618       0x40 ./Src/LCD.o
 .debug_aranges
                0x0000000000000658       0x48 ./Src/LCDgameplay.o
 .debug_aranges
                0x00000000000006a0       0x28 ./Src/LED.o
 .debug_aranges
                0x00000000000006c8       0x60 ./Src/ansi_S.o
 .debug_aranges
                0x0000000000000728       0x70 ./Src/astroid.o
 .debug_aranges
                0x0000000000000798       0x38 ./Src/buzzer.o
 .debug_aranges
                0x00000000000007d0       0x18 ./Src/charset.o
 .debug_aranges
                0x00000000000007e8       0x20 ./Src/main.o
 .debug_aranges
                0x0000000000000808       0x40 ./Src/menu.o
 .debug_aranges
                0x0000000000000848       0x20 ./Src/rocet.o
 .debug_aranges
                0x0000000000000868       0x30 ./Src/screen.o
 .debug_aranges
                0x0000000000000898       0xa8 ./Src/syscalls.o
 .debug_aranges
                0x0000000000000940       0x20 ./Src/sysmem.o
 .debug_aranges
                0x0000000000000960       0x30 ./Src/system_stm32f30x.o
 .debug_aranges
                0x0000000000000990       0x70 ./Src/timer.o
 .debug_aranges
                0x0000000000000a00       0x20 ./Src/window.o
 .debug_aranges
                0x0000000000000a20       0x28 ./Startup/startup_stm32f302r8tx.o

.debug_ranges   0x0000000000000000      0x8c8
 .debug_ranges  0x0000000000000000       0x70 ./SPL/src/stm32f30x_gpio.o
 .debug_ranges  0x0000000000000070      0x140 ./SPL/src/stm32f30x_rcc.o
 .debug_ranges  0x00000000000001b0      0x108 ./SPL/src/stm32f30x_spi.o
 .debug_ranges  0x00000000000002b8      0x190 ./SPL/src/stm32f30x_usart.o
 .debug_ranges  0x0000000000000448       0x68 ./Src/30010_io.o
 .debug_ranges  0x00000000000004b0       0xd8 ./Src/GameScreen.o
 .debug_ranges  0x0000000000000588       0x20 ./Src/Joystick.o
 .debug_ranges  0x00000000000005a8       0x30 ./Src/LCD.o
 .debug_ranges  0x00000000000005d8       0x38 ./Src/LCDgameplay.o
 .debug_ranges  0x0000000000000610       0x18 ./Src/LED.o
 .debug_ranges  0x0000000000000628       0x50 ./Src/ansi_S.o
 .debug_ranges  0x0000000000000678       0x60 ./Src/astroid.o
 .debug_ranges  0x00000000000006d8       0x28 ./Src/buzzer.o
 .debug_ranges  0x0000000000000700       0x10 ./Src/main.o
 .debug_ranges  0x0000000000000710       0x30 ./Src/menu.o
 .debug_ranges  0x0000000000000740       0x10 ./Src/rocet.o
 .debug_ranges  0x0000000000000750       0x20 ./Src/screen.o
 .debug_ranges  0x0000000000000770       0x98 ./Src/syscalls.o
 .debug_ranges  0x0000000000000808       0x10 ./Src/sysmem.o
 .debug_ranges  0x0000000000000818       0x20 ./Src/system_stm32f30x.o
 .debug_ranges  0x0000000000000838       0x60 ./Src/timer.o
 .debug_ranges  0x0000000000000898       0x10 ./Src/window.o
 .debug_ranges  0x00000000000008a8       0x20 ./Startup/startup_stm32f302r8tx.o

.debug_macro    0x0000000000000000     0x6159
 .debug_macro   0x0000000000000000      0x19b ./SPL/src/stm32f30x_gpio.o
 .debug_macro   0x000000000000019b      0x1b0 ./SPL/src/stm32f30x_gpio.o
 .debug_macro   0x000000000000034b      0x238 ./SPL/src/stm32f30x_rcc.o
 .debug_macro   0x0000000000000583      0x5c0 ./SPL/src/stm32f30x_rcc.o
 .debug_macro   0x0000000000000b43      0x1b0 ./SPL/src/stm32f30x_spi.o
 .debug_macro   0x0000000000000cf3      0x3a5 ./SPL/src/stm32f30x_spi.o
 .debug_macro   0x0000000000001098      0x1b3 ./SPL/src/stm32f30x_usart.o
 .debug_macro   0x000000000000124b      0x35e ./SPL/src/stm32f30x_usart.o
 .debug_macro   0x00000000000015a9      0x305 ./Src/30010_io.o
 .debug_macro   0x00000000000018ae       0x52 ./Src/30010_io.o
 .debug_macro   0x0000000000001900       0x18 ./Src/30010_io.o
 .debug_macro   0x0000000000001918       0x3c ./Src/30010_io.o
 .debug_macro   0x0000000000001954       0x34 ./Src/30010_io.o
 .debug_macro   0x0000000000001988       0x16 ./Src/30010_io.o
 .debug_macro   0x000000000000199e       0x97 ./Src/30010_io.o
 .debug_macro   0x0000000000001a35      0x339 ./Src/30010_io.o
 .debug_macro   0x0000000000001d6e       0xfd ./Src/30010_io.o
 .debug_macro   0x0000000000001e6b       0x10 ./Src/30010_io.o
 .debug_macro   0x0000000000001e7b       0x16 ./Src/30010_io.o
 .debug_macro   0x0000000000001e91       0x43 ./Src/30010_io.o
 .debug_macro   0x0000000000001ed4       0x34 ./Src/30010_io.o
 .debug_macro   0x0000000000001f08       0x10 ./Src/30010_io.o
 .debug_macro   0x0000000000001f18       0x58 ./Src/30010_io.o
 .debug_macro   0x0000000000001f70       0x71 ./Src/30010_io.o
 .debug_macro   0x0000000000001fe1       0x1c ./Src/30010_io.o
 .debug_macro   0x0000000000001ffd      0x12a ./Src/30010_io.o
 .debug_macro   0x0000000000002127       0x10 ./Src/30010_io.o
 .debug_macro   0x0000000000002137       0x1c ./Src/30010_io.o
 .debug_macro   0x0000000000002153       0x52 ./Src/30010_io.o
 .debug_macro   0x00000000000021a5       0x22 ./Src/30010_io.o
 .debug_macro   0x00000000000021c7       0x10 ./Src/30010_io.o
 .debug_macro   0x00000000000021d7       0x40 ./Src/30010_io.o
 .debug_macro   0x0000000000002217       0xd5 ./Src/30010_io.o
 .debug_macro   0x00000000000022ec       0x1c ./Src/30010_io.o
 .debug_macro   0x0000000000002308       0x3d ./Src/30010_io.o
 .debug_macro   0x0000000000002345       0x16 ./Src/30010_io.o
 .debug_macro   0x000000000000235b      0x145 ./Src/30010_io.o
 .debug_macro   0x00000000000024a0      0x31c ./Src/GameScreen.o
 .debug_macro   0x00000000000027bc      0x309 ./Src/Joystick.o
 .debug_macro   0x0000000000002ac5      0x312 ./Src/LCD.o
 .debug_macro   0x0000000000002dd7      0x31b ./Src/LCDgameplay.o
 .debug_macro   0x00000000000030f2       0x16 ./Src/LCDgameplay.o
 .debug_macro   0x0000000000003108      0x2ff ./Src/LED.o
 .debug_macro   0x0000000000003407      0x2fe ./Src/ansi_S.o
 .debug_macro   0x0000000000003705      0x314 ./Src/astroid.o
 .debug_macro   0x0000000000003a19       0x4c ./Src/astroid.o
 .debug_macro   0x0000000000003a65       0x94 ./Src/astroid.o
 .debug_macro   0x0000000000003af9       0x57 ./Src/astroid.o
 .debug_macro   0x0000000000003b50       0x16 ./Src/astroid.o
 .debug_macro   0x0000000000003b66      0x312 ./Src/buzzer.o
 .debug_macro   0x0000000000003e78       0x1b ./Src/charset.o
 .debug_macro   0x0000000000003e93      0x343 ./Src/main.o
 .debug_macro   0x00000000000041d6      0x31c ./Src/menu.o
 .debug_macro   0x00000000000044f2      0x2fe ./Src/rocet.o
 .debug_macro   0x00000000000047f0      0x312 ./Src/screen.o
 .debug_macro   0x0000000000004b02      0x24c ./Src/syscalls.o
 .debug_macro   0x0000000000004d4e      0x174 ./Src/syscalls.o
 .debug_macro   0x0000000000004ec2       0x10 ./Src/syscalls.o
 .debug_macro   0x0000000000004ed2       0x35 ./Src/syscalls.o
 .debug_macro   0x0000000000004f07       0x10 ./Src/syscalls.o
 .debug_macro   0x0000000000004f17       0x10 ./Src/syscalls.o
 .debug_macro   0x0000000000004f27       0x35 ./Src/syscalls.o
 .debug_macro   0x0000000000004f5c      0x12c ./Src/syscalls.o
 .debug_macro   0x0000000000005088       0x16 ./Src/syscalls.o
 .debug_macro   0x000000000000509e       0x16 ./Src/syscalls.o
 .debug_macro   0x00000000000050b4       0x29 ./Src/syscalls.o
 .debug_macro   0x00000000000050dd       0x10 ./Src/syscalls.o
 .debug_macro   0x00000000000050ed      0x241 ./Src/syscalls.o