Archive member included to satisfy reference by file (symbol)

c:/st/stm32cubeide_1.8.0/stm32cubeide/plugins/com.st.stm32cube.ide.mcu.externaltools.gnu-tools-for-stm32.9-2020-q2-update.win32_2.0.0.202105311346/tools/bin/../lib/gcc/arm-none-eabi/9.3.1/../../../../arm-none-eabi/lib/thumb/v7e-m+fp/hard\libc_nano.a(lib_a-errno.o)
                              ./Src/syscalls.o (__errno)
c:/st/stm32cubeide_1.8.0/stm32cubeide/plugins/com.st.stm32cube.ide.mcu.externaltools.gnu-tools-for-stm32.9-2020-q2-update.win32_2.0.0.202105311346/tools/bin/../lib/gcc/arm-none-eabi/9.3.1/../../../../arm-none-eabi/lib/thumb/v7e-m+fp/hard\libc_nano.a(lib_a-exit.o)
                              c:/st/stm32cubeide_1.8.0/stm32cubeide/plugins/com.st.stm32cube.ide.mcu.externaltools.gnu-tools-for-stm32.9-2020-q2-update.win32_2.0.0.202105311346/tools/bin/../lib/gcc/arm-none-eabi/9.3.1/../../../../arm-none-eabi/lib/thumb/v7e-m+fp/hard/crt0.o (exit)
c:/st/stm32cubeide_1.8.0/stm32cubeide/plugins/com.st.stm32cube.ide.mcu.externaltools.gnu-tools-for-stm32.9-2020-q2-update.win32_2.0.0.202105311346/tools/bin/../lib/gcc/arm-none-eabi/9.3.1/../../../../arm-none-eabi/lib/thumb/v7e-m+fp/hard\libc_nano.a(lib_a-impure.o)
                              c:/st/stm32cubeide_1.8.0/stm32cubeide/plugins/com.st.stm32cube.ide.mcu.externaltools.gnu-tools-for-stm32.9-2020-q2-update.win32_2.0.0.202105311346/tools/bin/../lib/gcc/arm-none-eabi/9.3.1/../../../../arm-none-eabi/lib/thumb/v7e-m+fp/hard\libc_nano.a(lib_a-exit.o) (_global_impure_ptr)
c:/st/stm32cubeide_1.8.0/stm32cubeide/plugins/com.st.stm32cube.ide.mcu.externaltools.gnu-tools-for-stm32.9-2020-q2-update.win32_2.0.0.202105311346/tools/bin/../lib/gcc/arm-none-eabi/9.3.1/../../../../arm-none-eabi/lib/thumb/v7e-m+fp/hard\libc_nano.a(lib_a-init.o)
                              c:/st/stm32cubeide_1.8.0/stm32cubeide/plugins/com.st.stm32cube.ide.mcu.externaltools.gnu-tools-for-stm32.9-2020-q2-update.win32_2.0.0.202105311346/tools/bin/../lib/gcc/arm-none-eabi/9.3.1/../../../../arm-none-eabi/lib/thumb/v7e-m+fp/hard/crt0.o (__libc_init_array)
c:/st/stm32cubeide_1.8.0/stm32cubeide/plugins/com.st.stm32cube.ide.mcu.externaltools.gnu-tools-for-stm32.9-2020-q2-update.win32_2.0.0.202105311346/tools/bin/../lib/gcc/arm-none-eabi/9.3.1/../../../../arm-none-eabi/lib/thumb/v7e-m+fp/hard\libc_nano.a(lib_a-memset.o)
                              c:/st/stm32cubeide_1.8.0/stm32cubeide/plugins/com.st.stm32cube.ide.mcu.externaltools.gnu-tools-for-stm32.9-2020-q2-update.win32_2.0.0.202105311346/tools/bin/../lib/gcc/arm-none-eabi/9.3.1/../../../../arm-none-eabi/lib/thumb/v7e-m+fp/hard/crt0.o (memset)
c:/st/stm32cubeide_1.8.0/stm32cubeide/plugins/com.st.stm32cube.ide.mcu.externaltools.gnu-tools-for-stm32.9-2020-q2-update.win32_2.0.0.202105311346/tools/bin/../lib/gcc/arm-none-eabi/9.3.1/../../../../arm-none-eabi/lib/thumb/v7e-m+fp/hard\libc_nano.a(lib_a-printf.o)
                              ./Src/LCDgameplay.o (printf)
c:/st/stm32cubeide_1.8.0/stm32cubeide/plugins/com.st.stm32cube.ide.mcu.externaltools.gnu-tools-for-stm32.9-2020-q2-update.win32_2.0.0.202105311346/tools/bin/../lib/gcc/arm-none-eabi/9.3.1/../../../../arm-none-eabi/lib/thumb/v7e-m+fp/hard\libc_nano.a(lib_a-putchar.o)
                              ./Src/Vector.o (putchar)
c:/st/stm32cubeide_1.8.0/stm32cubeide/plugins/com.st.stm32cube.ide.mcu.externaltools.gnu-tools-for-stm32.9-2020-q2-update.win32_2.0.0.202105311346/tools/bin/../lib/gcc/arm-none-eabi/9.3.1/../../../../arm-none-eabi/lib/thumb/v7e-m+fp/hard\libc_nano.a(lib_a-setbuf.o)
                              ./Src/30010_io.o (setbuf)
c:/st/stm32cubeide_1.8.0/stm32cubeide/plugins/com.st.stm32cube.ide.mcu.externaltools.gnu-tools-for-stm32.9-2020-q2-update.win32_2.0.0.202105311346/tools/bin/../lib/gcc/arm-none-eabi/9.3.1/../../../../arm-none-eabi/lib/thumb/v7e-m+fp/hard\libc_nano.a(lib_a-setvbuf.o)
                              c:/st/stm32cubeide_1.8.0/stm32cubeide/plugins/com.st.stm32cube.ide.mcu.externaltools.gnu-tools-for-stm32.9-2020-q2-update.win32_2.0.0.202105311346/tools/bin/../lib/gcc/arm-none-eabi/9.3.1/../../../../arm-none-eabi/lib/thumb/v7e-m+fp/hard\libc_nano.a(lib_a-setbuf.o) (setvbuf)
c:/st/stm32cubeide_1.8.0/stm32cubeide/plugins/com.st.stm32cube.ide.mcu.externaltools.gnu-tools-for-stm32.9-2020-q2-update.win32_2.0.0.202105311346/tools/bin/../lib/gcc/arm-none-eabi/9.3.1/../../../../arm-none-eabi/lib/thumb/v7e-m+fp/hard\libc_nano.a(lib_a-sprintf.o)
                              ./Src/LCDgameplay.o (sprintf)
c:/st/stm32cubeide_1.8.0/stm32cubeide/plugins/com.st.stm32cube.ide.mcu.externaltools.gnu-tools-for-stm32.9-2020-q2-update.win32_2.0.0.202105311346/tools/bin/../lib/gcc/arm-none-eabi/9.3.1/../../../../arm-none-eabi/lib/thumb/v7e-m+fp/hard\libc_nano.a(lib_a-strlen.o)
                              ./Src/LCD.o (strlen)
[...]
Memory Configuration

Name             Origin             Length             Attributes
RAM              0x0000000020000000 0x0000000000004000 xrw
ROM              0x0000000008000000 0x0000000000010000 xr
*default*        0x0000000000000000 0xffffffffffffffff

Linker script and memory map

LOAD c:/st/stm32cubeide_1.8.0/stm32cubeide/plugins/com.st.stm32cube.ide.mcu.externaltools.gnu-tools-for-stm32.9-2020-q2-update.win32_2.0.0.202105311346/tools/bin/../lib/gcc/arm-none-eabi/9.3.1/thumb/v7e-m+fp/hard/crti.o
LOAD c:/st/stm32cubeide_1.8.0/stm32cubeide/plugins/com.st.stm32cube.ide.mcu.externaltools.gnu-tools-for-stm32.9-2020-q2-update.win32_2.0.0.202105311346/tools/bin/../lib/gcc/arm-none-eabi/9.3.1/thumb/v7e-m+fp/hard/crtbegin.o
LOAD c:/st/stm32cubeide_1.8.0/stm32cubeide/plugins/com.st.stm32cube.ide.mcu.externaltools.gnu-tools-for-stm32.9-2020-q2-update.win32_2.0.0.202105311346/tools/bin/../lib/gcc/arm-none-eabi/9.3.1/../../../../arm-none-eabi/lib/thumb/v7e-m+fp/hard/crt0.o
LOAD ./SPL/src/stm32f30x_adc.o
LOAD ./SPL/src/stm32f30x_can.o
LOAD ./SPL/src/stm32f30x_comp.o
LOAD ./SPL/src/stm32f30x_crc.o
LOAD ./SPL/src/stm32f30x_dac.o
LOAD ./SPL/src/stm32f30x_dbgmcu.o
LOAD ./SPL/src/stm32f30x_dma.o
LOAD ./SPL/src/stm32f30x_exti.o
LOAD ./SPL/src/stm32f30x_flash.o
LOAD ./SPL/src/stm32f30x_gpio.o
LOAD ./SPL/src/stm32f30x_i2c.o
LOAD ./SPL/src/stm32f30x_iwdg.o
LOAD ./SPL/src/stm32f30x_misc.o
LOAD ./SPL/src/stm32f30x_opamp.o
LOAD ./SPL/src/stm32f30x_pwr.o
LOAD ./SPL/src/stm32f30x_rcc.o
LOAD ./SPL/src/stm32f30x_rtc.o
LOAD ./SPL/src/stm32f30x_spi.o
LOAD ./SPL/src/stm32f30x_syscfg.o
LOAD ./SPL/src/stm32f30x_tim.o
LOAD ./SPL/src/stm32f30x_usart.o
LOAD ./SPL/src/stm32f30x_wwdg.o
LOAD ./Src/30010_io.o
LOAD ./Src/Joystick.o
LOAD ./Src/LCD.o
LOAD ./Src/LCDgameplay.o
LOAD ./Src/LED.o
LOAD ./Src/LUTsin.o
LOAD ./Src/Vector.o
LOAD ./Src/Window.o
LOAD ./Src/ansi.o
LOAD ./Src/ball.o
LOAD ./Src/buzzer.o
LOAD ./Src/charset.o
LOAD ./Src/main.o
LOAD ./Src/menu.o
LOAD ./Src/syscalls.o
LOAD ./Src/sysmem.o
LOAD ./Src/system_stm32f30x.o
LOAD ./Src/timer.o
LOAD ./Startup/startup_stm32f302r8tx.o
START GROUP
LOAD c:/st/stm32cubeide_1.8.0/stm32cubeide/plugins/com.st.stm32cube.ide.mcu.externaltools.gnu-tools-for-stm32.9-2020-q2-update.win32_2.0.0.202105311346/tools/bin/../lib/gcc/arm-none-eabi/9.3.1/../../../../arm-none-eabi/lib/thumb/v7e-m+fp/hard\libc_nano.a
LOAD c:/st/stm32cubeide_1.8.0/stm32cubeide/plugins/com.st.stm32cube.ide.mcu.externaltools.gnu-tools-for-stm32.9-2020-q2-update.win32_2.0.0.202105311346/tools/bin/../lib/gcc/arm-none-eabi/9.3.1/../../../../arm-none-eabi/lib/thumb/v7e-m+fp/hard\libm.a
END GROUP
START GROUP
LOAD c:/st/stm32cubeide_1.8.0/stm32cubeide/plugins/com.st.stm32cube.ide.mcu.externaltools.gnu-tools-for-stm32.9-2020-q2-update.win32_2.0.0.202105311346/tools/bin/../lib/gcc/arm-none-eabi/9.3.1/thumb/v7e-m+fp/hard\libgcc.a
LOAD c:/st/stm32cubeide_1.8.0/stm32cubeide/plugins/com.st.stm32cube.ide.mcu.externaltools.gnu-tools-for-stm32.9-2020-q2-update.win32_2.0.0.202105311346/tools/bin/../lib/gcc/arm-none-eabi/9.3.1/../../../../arm-none-eabi/lib/thumb/v7e-m+fp/hard\libc_nano.a
END GROUP
START GROUP
LOAD c:/st/stm32cubeide_1.8.0/stm32cubeide/plugins/com.st.stm32cube.ide.mcu.externaltools.gnu-tools-for-stm32.9-2020-q2-update.win32_2.0.0.202105311346/tools/bin/../lib/gcc/arm-none-eabi/9.3.1/thumb/v7e-m+fp/hard\libgcc.a
LOAD c:/st/stm32cubeide_1.8.0/stm32cubeide/plugins/com.st.stm32cube.ide.mcu.externaltools.gnu-tools-for-stm32.9-2020-q2-update.win32_2.0.0.202105311346/tools/bin/../lib/gcc/arm-none-eabi/9.3.1/../../../../arm-none-eabi/lib/thumb/v7e-m+fp/hard\libc_nano.a
LOAD c:/st/stm32cubeide_1.8.0/stm32cubeide/plugins/com.st.stm32cube.ide.mcu.externaltools.gnu-tools-for-stm32.9-2020-q2-update.win32_2.0.0.202105311346/tools/bin/../lib/gcc/arm-none-eabi/9.3.1/../../../../arm-none-eabi/lib/thumb/v7e-m+fp/hard\libnosys.a
END GROUP
START GROUP
LOAD c:/st/stm32cubeide_1.8.0/stm32cubeide/plugins/com.st.stm32cube.ide.mcu.externaltools.gnu-tools-for-stm32.9-2020-q2-update.win32_2.0.0.202105311346/tools/bin/../lib/gcc/arm-none-eabi/9.3.1/thumb/v7e-m+fp/hard\libgcc.a
LOAD c:/st/stm32cubeide_1.8.0/stm32cubeide/plugins/com.st.stm32cube.ide.mcu.externaltools.gnu-tools-for-stm32.9-2020-q2-update.win32_2.0.0.202105311346/tools/bin/../lib/gcc/arm-none-eabi/9.3.1/../../../../arm-none-eabi/lib/thumb/v7e-m+fp/hard\libc_nano.a
LOAD c:/st/stm32cubeide_1.8.0/stm32cubeide/plugins/com.st.stm32cube.ide.mcu.externaltools.gnu-tools-for-stm32.9-2020-q2-update.win32_2.0.0.202105311346/tools/bin/../lib/gcc/arm-none-eabi/9.3.1/../../../../arm-none-eabi/lib/thumb/v7e-m+fp/hard\libnosys.a
END GROUP
LOAD c:/st/stm32cubeide_1.8.0/stm32cubeide/plugins/com.st.stm32cube.ide.mcu.externaltools.gnu-tools-for-stm32.9-2020-q2-update.win32_2.0.0.202105311346/tools/bin/../lib/gcc/arm-none-eabi/9.3.1/thumb/v7e-m+fp/hard/crtend.o
LOAD c:/st/stm32cubeide_1.8.0/stm32cubeide/plugins/com.st.stm32cube.ide.mcu.externaltools.gnu-tools-for-stm32.9-2020-q2-update.win32_2.0.0.202105311346/tools/bin/../lib/gcc/arm-none-eabi/9.3.1/thumb/v7e-m+fp/hard/crtn.o
                0x0000000020004000                _estack = (ORIGIN (RAM) + LENGTH (RAM))
                0x0000000000000200                _Min_Heap_Size = 0x200
                0x0000000000000400                _Min_Stack_Size = 0x400

.isr_vector     0x0000000008000000      0x188
                0x0000000008000000                . = ALIGN (0x4)
 *(.isr_vector)
 .isr_vector    0x0000000008000000      0x188 ./Startup/startup_stm32f302r8tx.o
                0x0000000008000000                g_pfnVectors
                0x0000000008000188                . = ALIGN (0x4)

.text           0x0000000008000190     0x38ec
                0x0000000008000190                . = ALIGN (0x4)
 *(.text)
 .text          0x0000000008000190       0x40 c:/st/stm32cubeide_1.8.0/stm32cubeide/plugins/com.st.stm32cube.ide.mcu.externaltools.gnu-tools-for-stm32.9-2020-q2-update.win32_2.0.0.202105311346/tools/bin/../lib/gcc/arm-none-eabi/9.3.1/thumb/v7e-m+fp/hard/crtbegin.o
 .text          0x00000000080001d0       0x10 c:/st/stm32cubeide_1.8.0/stm32cubeide/plugins/com.st.stm32cube.ide.mcu.externaltools.gnu-tools-for-stm32.9-2020-q2-update.win32_2.0.0.202105311346/tools/bin/../lib/gcc/arm-none-eabi/9.3.1/../../../../arm-none-eabi/lib/thumb/v7e-m+fp/hard\libc_nano.a(lib_a-strlen.o)
                0x00000000080001d0                strlen
 .text          0x00000000080001e0       0xa0 c:/st/stm32cubeide_1.8.0/stm32cubeide/plugins/com.st.stm32cube.ide.mcu.externaltools.gnu-tools-for-stm32.9-2020-q2-update.win32_2.0.0.202105311346/tools/bin/../lib/gcc/arm-none-eabi/9.3.1/../../../../arm-none-eabi/lib/thumb/v7e-m+fp/hard\libc_nano.a(lib_a-memchr.o)
                0x00000000080001e0                memchr
 *(.text*)
 .text.RCC_GetClocksFreq
                0x0000000008000280      0x428 ./SPL/src/stm32f30x_rcc.o
                0x0000000008000280                RCC_GetClocksFreq
 .text.SPI_SendData8
                0x00000000080006a8       0x2c ./SPL/src/stm32f30x_spi.o
                0x00000000080006a8                SPI_SendData8
 .text.SPI_I2S_GetFlagStatus
                0x00000000080006d4       0x38 ./SPL/src/stm32f30x_spi.o
                0x00000000080006d4                SPI_I2S_GetFlagStatus
 .text.USART_SendData
                0x000000000800070c       0x24 ./SPL/src/stm32f30x_usart.o
                0x000000000800070c                USART_SendData
 .text.USART_ITConfig
                0x0000000008000730       0x84 ./SPL/src/stm32f30x_usart.o
                0x0000000008000730                USART_ITConfig
 .text.USART_GetFlagStatus
                0x00000000080007b4       0x32 ./SPL/src/stm32f30x_usart.o
                0x00000000080007b4                USART_GetFlagStatus
 .text.USART_GetITStatus
                0x00000000080007e6       0xa0 ./SPL/src/stm32f30x_usart.o
                0x00000000080007e6                USART_GetITStatus
 *fill*         0x0000000008000886        0x2 
 .text.NVIC_EnableIRQ
                0x0000000008000888       0x34 ./Src/30010_io.o
 .text.uart_put_char
                0x00000000080008bc       0x34 ./Src/30010_io.o
                0x00000000080008bc                uart_put_char
 .text._write_r
                0x00000000080008f0       0x4c ./Src/30010_io.o
                0x00000000080008f0                _write_r
 .text.USART2_IRQHandler
                0x000000000800093c       0x74 ./Src/30010_io.o
                0x000000000800093c                USART2_IRQHandler
 .text.uart_init
                0x00000000080009b0      0x234 ./Src/30010_io.o
                0x00000000080009b0                uart_init
 .text.lcd_transmit_byte
                0x0000000008000be4       0x64 ./Src/30010_io.o
                0x0000000008000be4                lcd_transmit_byte
 .text.lcd_push_buffer
                0x0000000008000c48      0x186 ./Src/30010_io.o
                0x0000000008000c48                lcd_push_buffer
 *fill*         0x0000000008000dce        0x2 
 .text.lcd_reset
                0x0000000008000dd0       0xe0 ./Src/30010_io.o
                0x0000000008000dd0                lcd_reset
 .text.lcd_init
                0x0000000008000eb0      0x2b8 ./Src/30010_io.o
                0x0000000008000eb0                lcd_init
 .text.intiJoystick
                0x0000000008001168      0x12c ./Src/Joystick.o
                0x0000000008001168                intiJoystick
 .text.readJoystick
                0x0000000008001294       0xd4 ./Src/Joystick.o
                0x0000000008001294                readJoystick
 .text.lcd_write_string
                0x0000000008001368      0x124 ./Src/LCD.o
                0x0000000008001368                lcd_write_string
 .text.lcd_write_string_no_push
                0x000000000800148c      0x120 ./Src/LCD.o
                0x000000000800148c                lcd_write_string_no_push
 .text.lcd_write_string_custom
                0x00000000080015ac      0x110 ./Src/LCD.o
                0x00000000080015ac                lcd_write_string_custom
 .text.draw_gameplay_start
                0x00000000080016bc       0x40 ./Src/LCDgameplay.o
                0x00000000080016bc                draw_gameplay_start
 .text.draw_score
                0x00000000080016fc       0x30 ./Src/LCDgameplay.o
                0x00000000080016fc                draw_score
 .text.LCD_alarm
                0x000000000800172c       0xe4 ./Src/LCDgameplay.o
                0x000000000800172c                LCD_alarm
 .text.LCD_timer
                0x0000000008001810       0xac ./Src/LCDgameplay.o
                0x0000000008001810                LCD_timer
 .text.initLed  0x00000000080018bc      0x10c ./Src/LED.o
                0x00000000080018bc                initLed
 .text.writeLed
                0x00000000080019c8       0xa0 ./Src/LED.o
                0x00000000080019c8                writeLed
 .text.windowSmp
                0x0000000008001a68       0xd8 ./Src/Window.o
                0x0000000008001a68                windowSmp
 .text.resetbgcolor
                0x0000000008001b40       0x14 ./Src/ansi.o
                0x0000000008001b40                resetbgcolor
 .text.clrscr   0x0000000008001b54       0x34 ./Src/ansi.o
                0x0000000008001b54                clrscr
 .text.gotoxy   0x0000000008001b88       0x24 ./Src/ansi.o
                0x0000000008001b88                gotoxy
 .text.TIM2_IRQHandler
                0x0000000008001bac       0x1e ./Src/buzzer.o
                0x0000000008001bac                TIM2_IRQHandler
 *fill*         0x0000000008001bca        0x2 
 .text.main     0x0000000008001bcc       0xc8 ./Src/main.o
                0x0000000008001bcc                main
 .text.menu     0x0000000008001c94      0x1c4 ./Src/menu.o
                0x0000000008001c94                menu
 .text.player_selection
                0x0000000008001e58       0xd0 ./Src/menu.o
                0x0000000008001e58                player_selection
 .text.difficulty
                0x0000000008001f28      0x150 ./Src/menu.o
                0x0000000008001f28                difficulty
 .text.help_menu
                0x0000000008002078       0x50 ./Src/menu.o
                0x0000000008002078                help_menu
 .text.draw_main_menu
                0x00000000080020c8       0x6c ./Src/menu.o
                0x00000000080020c8                draw_main_menu
 .text._read    0x0000000008002134       0x3a ./Src/syscalls.o
                0x0000000008002134                _read
 .text._close   0x000000000800216e       0x18 ./Src/syscalls.o
                0x000000000800216e                _close
 .text._fstat   0x0000000008002186       0x20 ./Src/syscalls.o
                0x0000000008002186                _fstat
 .text._isatty  0x00000000080021a6       0x16 ./Src/syscalls.o
                0x00000000080021a6                _isatty
 .text._lseek   0x00000000080021bc       0x1a ./Src/syscalls.o
                0x00000000080021bc                _lseek
 *fill*         0x00000000080021d6        0x2 
 .text._sbrk    0x00000000080021d8       0x58 ./Src/sysmem.o
                0x00000000080021d8                _sbrk
 .text.SystemInit
                0x0000000008002230       0x94 ./Src/system_stm32f30x.o
                0x0000000008002230                SystemInit
 .text.SetSysClock
                0x00000000080022c4       0x94 ./Src/system_stm32f30x.o
 .text.NVIC_EnableIRQ
                0x0000000008002358       0x34 ./Src/timer.o
 .text.NVIC_SetPriority
                0x000000000800238c       0x54 ./Src/timer.o
 .text.initTimer
                0x00000000080023e0       0x50 ./Src/timer.o
                0x00000000080023e0                initTimer
 .text.TIM1_BRK_TIM15_IRQHandler
                0x0000000008002430       0xe8 ./Src/timer.o
                0x0000000008002430                TIM1_BRK_TIM15_IRQHandler
 .text.Reset_Handler
                0x0000000008002518       0x50 ./Startup/startup_stm32f302r8tx.o
                0x0000000008002518                Reset_Handler
 .text.Default_Handler
                0x0000000008002568        0x2 ./Startup/startup_stm32f302r8tx.o
                0x0000000008002568                TIM8_TRG_COM_IRQHandler
                0x0000000008002568                TIM8_CC_IRQHandler
                0x0000000008002568                DebugMon_Handler
                0x0000000008002568                DMA1_CH4_IRQHandler
                0x0000000008002568                TIM1_CC_IRQHandler
                0x0000000008002568                HardFault_Handler
                0x0000000008002568                USB_HP_IRQHandler
                0x0000000008002568                I2C2_EV_EXTI24_IRQHandler
                0x0000000008002568                SysTick_Handler
                0x0000000008002568                USB_WKUP_EXTI_IRQHandler
                0x0000000008002568                PVD_IRQHandler
                0x0000000008002568                UART4_EXTI34_IRQHandler
                0x0000000008002568                TAMP_STAMP_IRQHandler
                0x0000000008002568                PendSV_Handler
                0x0000000008002568                NMI_Handler
                0x0000000008002568                EXTI3_IRQHandler
                0x0000000008002568                TIM6_DACUNDER_IRQHandler
                0x0000000008002568                USB_HP_CAN_TX_IRQHandler
                0x0000000008002568                EXTI0_IRQHandler
                0x0000000008002568                DMA2_CH1_IRQHandler
                0x0000000008002568                FPU_IRQHandler
                0x0000000008002568                TIM1_UP_TIM16_IRQHandler
                0x0000000008002568                UsageFault_Handler
                0x0000000008002568                ADC1_2_IRQHandler
                0x0000000008002568                SPI1_IRQHandler
                0x0000000008002568                CAN_SCE_IRQHandler
                0x0000000008002568                DMA1_CH7_IRQHandler
                0x0000000008002568                TIM8_UP_IRQHandler
                0x0000000008002568                DMA1_CH6_IRQHandler
                0x0000000008002568                ADC3_IRQHandler
                0x0000000008002568                TIM4_IRQHandler
                0x0000000008002568                CAN_RX1_IRQHandler
                0x0000000008002568                USART1_EXTI25_IRQHandler
                0x0000000008002568                DMA2_CH5_IRQHandler
                0x0000000008002568                I2C1_EV_EXTI23_IRQHandler
                0x0000000008002568                DMA1_CH3_IRQHandler
                0x0000000008002568                TIM3_IRQHandler
                0x0000000008002568                RCC_IRQHandler
                0x0000000008002568                Default_Handler
                0x0000000008002568                EXTI15_10_IRQHandler
                0x0000000008002568                USART2_EXTI26_IRQHandler
                0x0000000008002568                USART3_EXTI28_IRQHandler
                0x0000000008002568                TIM7_IRQHandler
                0x0000000008002568                EXTI9_5_IRQHandler
                0x0000000008002568                DMA1_CH2_IRQHandler
                0x0000000008002568                RTC_WKUP_IRQHandler
                0x0000000008002568                SPI2_IRQHandler
                0x0000000008002568                DMA1_CH1_IRQHandler
                0x0000000008002568                USB_LP_CAN_RX0_IRQHandler
                0x0000000008002568                MemManage_Handler
                0x0000000008002568                SVC_Handler
                0x0000000008002568                USB_LP_IRQHandler
                0x0000000008002568                EXTI4_IRQHandler
                0x0000000008002568                TIM1_TRG_COM_TIM17_IRQHandler
                0x0000000008002568                ADC4_IRQHandler
                0x0000000008002568                WWDG_IRQHandler
                0x0000000008002568                EXTI1_IRQHandler
                0x0000000008002568                RTCAlarm_IRQHandler
                0x0000000008002568                UART5_EXTI35_IRQHandler
                0x0000000008002568                I2C2_ER_IRQHandler
                0x0000000008002568                TIM8_BRK_IRQHandler
                0x0000000008002568                FLASH_IRQHandler
                0x0000000008002568                BusFault_Handler
                0x0000000008002568                SPI3_IRQHandler
                0x0000000008002568                DMA2_CH3_IRQHandler
                0x0000000008002568                DMA2_CH2_IRQHandler
                0x0000000008002568                I2C1_ER_IRQHandler
                0x0000000008002568                FMC_IRQHandler
                0x0000000008002568                DMA1_CH5_IRQHandler
                0x0000000008002568                DMA2_CH4_IRQHandler
                0x0000000008002568                USB_WKUP_IRQHandler
                0x0000000008002568                EXTI2_TSC_IRQHandler
 *fill*         0x000000000800256a        0x2 
 .text.__errno  0x000000000800256c        0xc c:/st/stm32cubeide_1.8.0/stm32cubeide/plugins/com.st.stm32cube.ide.mcu.externaltools.gnu-tools-for-stm32.9-2020-q2-update.win32_2.0.0.202105311346/tools/bin/../lib/gcc/arm-none-eabi/9.3.1/../../../../arm-none-eabi/lib/thumb/v7e-m+fp/hard\libc_nano.a(lib_a-errno.o)
                0x000000000800256c                __errno
 .text.__libc_init_array
                0x0000000008002578       0x48 c:/st/stm32cubeide_1.8.0/stm32cubeide/plugins/com.st.stm32cube.ide.mcu.externaltools.gnu-tools-for-stm32.9-2020-q2-update.win32_2.0.0.202105311346/tools/bin/../lib/gcc/arm-none-eabi/9.3.1/../../../../arm-none-eabi/lib/thumb/v7e-m+fp/hard\libc_nano.a(lib_a-init.o)
                0x0000000008002578                __libc_init_array
 .text.memset   0x00000000080025c0       0x10 c:/st/stm32cubeide_1.8.0/stm32cubeide/plugins/com.st.stm32cube.ide.mcu.externaltools.gnu-tools-for-stm32.9-2020-q2-update.win32_2.0.0.202105311346/tools/bin/../lib/gcc/arm-none-eabi/9.3.1/../../../../arm-none-eabi/lib/thumb/v7e-m+fp/hard\libc_nano.a(lib_a-memset.o)
                0x00000000080025c0                memset
 .text.printf   0x00000000080025d0       0x30 c:/st/stm32cubeide_1.8.0/stm32cubeide/plugins/com.st.stm32cube.ide.mcu.externaltools.gnu-tools-for-stm32.9-2020-q2-update.win32_2.0.0.202105311346/tools/bin/../lib/gcc/arm-none-eabi/9.3.1/../../../../arm-none-eabi/lib/thumb/v7e-m+fp/hard\libc_nano.a(lib_a-printf.o)
                0x00000000080025d0                iprintf
                0x00000000080025d0                printf
 .text.putchar  0x0000000008002600       0x2c c:/st/stm32cubeide_1.8.0/stm32cubeide/plugins/com.st.stm32cube.ide.mcu.externaltools.gnu-tools-for-stm32.9-2020-q2-update.win32_2.0.0.202105311346/tools/bin/../lib/gcc/arm-none-eabi/9.3.1/../../../../arm-none-eabi/lib/thumb/v7e-m+fp/hard\libc_nano.a(lib_a-putchar.o)
                0x0000000008002600                putchar
 .text.setbuf   0x000000000800262c       0x10 c:/st/stm32cubeide_1.8.0/stm32cubeide/plugins/com.st.stm32cube.ide.mcu.externaltools.gnu-tools-for-stm32.9-2020-q2-update.win32_2.0.0.202105311346/tools/bin/../lib/gcc/arm-none-eabi/9.3.1/../../../../arm-none-eabi/lib/thumb/v7e-m+fp/hard\libc_nano.a(lib_a-setbuf.o)
                0x000000000800262c                setbuf
 .text.setvbuf  0x000000000800263c      0x18c c:/st/stm32cubeide_1.8.0/stm32cubeide/plugins/com.st.stm32cube.ide.mcu.externaltools.gnu-tools-for-stm32.9-2020-q2-update.win32_2.0.0.202105311346/tools/bin/../lib/gcc/arm-none-eabi/9.3.1/../../../../arm-none-eabi/lib/thumb/v7e-m+fp/hard\libc_nano.a(lib_a-setvbuf.o)
                0x000000000800263c                setvbuf
 .text.sprintf  0x00000000080027c8       0x40 c:/st/stm32cubeide_1.8.0/stm32cubeide/plugins/com.st.stm32cube.ide.mcu.externaltools.gnu-tools-for-stm32.9-2020-q2-update.win32_2.0.0.202105311346/tools/bin/../lib/gcc/arm-none-eabi/9.3.1/../../../../arm-none-eabi/lib/thumb/v7e-m+fp/hard\libc_nano.a(lib_a-sprintf.o)
                0x00000000080027c8                siprintf
                0x00000000080027c8                sprintf
 .text.__sflush_r
                0x0000000008002808      0x10c c:/st/stm32cubeide_1.8.0/stm32cubeide/plugins/com.st.stm32cube.ide.mcu.externaltools.gnu-tools-for-stm32.9-2020-q2-update.win32_2.0.0.202105311346/tools/bin/../lib/gcc/arm-none-eabi/9.3.1/../../../../arm-none-eabi/lib/thumb/v7e-m+fp/hard\libc_nano.a(lib_a-fflush.o)
                0x0000000008002808                __sflush_r
 .text._fflush_r
                0x0000000008002914       0x78 c:/st/stm32cubeide_1.8.0/stm32cubeide/plugins/com.st.stm32cube.ide.mcu.externaltools.gnu-tools-for-stm32.9-2020-q2-update.win32_2.0.0.202105311346/tools/bin/../lib/gcc/arm-none-eabi/9.3.1/../../../../arm-none-eabi/lib/thumb/v7e-m+fp/hard\libc_nano.a(lib_a-fflush.o)
                0x0000000008002914                _fflush_r
 .text.std      0x000000000800298c       0x48 c:/st/stm32cubeide_1.8.0/stm32cubeide/plugins/com.st.stm32cube.ide.mcu.externaltools.gnu-tools-for-stm32.9-2020-q2-update.win32_2.0.0.202105311346/tools/bin/../lib/gcc/arm-none-eabi/9.3.1/../../../../arm-none-eabi/lib/thumb/v7e-m+fp/hard\libc_nano.a(lib_a-findfp.o)
 .text._cleanup_r
                0x00000000080029d4        0xc c:/st/stm32cubeide_1.8.0/stm32cubeide/plugins/com.st.stm32cube.ide.mcu.externaltools.gnu-tools-for-stm32.9-2020-q2-update.win32_2.0.0.202105311346/tools/bin/../lib/gcc/arm-none-eabi/9.3.1/../../../../arm-none-eabi/lib/thumb/v7e-m+fp/hard\libc_nano.a(lib_a-findfp.o)
                0x00000000080029d4                _cleanup_r
 .text.__sfmoreglue
                0x00000000080029e0       0x2c c:/st/stm32cubeide_1.8.0/stm32cubeide/plugins/com.st.stm32cube.ide.mcu.externaltools.gnu-tools-for-stm32.9-2020-q2-update.win32_2.0.0.202105311346/tools/bin/../lib/gcc/arm-none-eabi/9.3.1/../../../../arm-none-eabi/lib/thumb/v7e-m+fp/hard\libc_nano.a(lib_a-findfp.o)
                0x00000000080029e0                __sfmoreglue
 .text.__sfp_lock_acquire
                0x0000000008002a0c        0xc c:/st/stm32cubeide_1.8.0/stm32cubeide/plugins/com.st.stm32cube.ide.mcu.externaltools.gnu-tools-for-stm32.9-2020-q2-update.win32_2.0.0.202105311346/tools/bin/../lib/gcc/arm-none-eabi/9.3.1/../../../../arm-none-eabi/lib/thumb/v7e-m+fp/hard\libc_nano.a(lib_a-findfp.o)
                0x0000000008002a0c                __sfp_lock_acquire
 .text.__sfp_lock_release
                0x0000000008002a18        0xc c:/st/stm32cubeide_1.8.0/stm32cubeide/plugins/com.st.stm32cube.ide.mcu.externaltools.gnu-tools-for-stm32.9-2020-q2-update.win32_2.0.0.202105311346/tools/bin/../lib/gcc/arm-none-eabi/9.3.1/../../../../arm-none-eabi/lib/thumb/v7e-m+fp/hard\libc_nano.a(lib_a-findfp.o)
                0x0000000008002a18                __sfp_lock_release
 .text.__sinit_lock_acquire
                0x0000000008002a24        0xc c:/st/stm32cubeide_1.8.0/stm32cubeide/plugins/com.st.stm32cube.ide.mcu.externaltools.gnu-tools-for-stm32.9-2020-q2-update.win32_2.0.0.202105311346/tools/bin/../lib/gcc/arm-none-eabi/9.3.1/../../../../arm-none-eabi/lib/thumb/v7e-m+fp/hard\libc_nano.a(lib_a-findfp.o)
                0x0000000008002a24                __sinit_lock_acquire
 .text.__sinit_lock_release
                0x0000000008002a30        0xc c:/st/stm32cubeide_1.8.0/stm32cubeide/plugins/com.st.stm32cube.ide.mcu.externaltools.gnu-tools-for-stm32.9-2020-q2-update.win32_2.0.0.202105311346/tools/bin/../lib/gcc/arm-none-eabi/9.3.1/../../../../arm-none-eabi/lib/thumb/v7e-m+fp/hard\libc_nano.a(lib_a-findfp.o)
                0x0000000008002a30                __sinit_lock_release
 .text.__sinit  0x0000000008002a3c       0x70 c:/st/stm32cubeide_1.8.0/stm32cubeide/plugins/com.st.stm32cube.ide.mcu.externaltools.gnu-tools-for-stm32.9-2020-q2-update.win32_2.0.0.202105311346/tools/bin/../lib/gcc/arm-none-eabi/9.3.1/../../../../arm-none-eabi/lib/thumb/v7e-m+fp/hard\libc_nano.a(lib_a-findfp.o)
                0x0000000008002a3c                __sinit
 .text.__sfp    0x0000000008002aac       0x8c c:/st/stm32cubeide_1.8.0/stm32cubeide/plugins/com.st.stm32cube.ide.mcu.externaltools.gnu-tools-for-stm32.9-2020-q2-update.win32_2.0.0.202105311346/tools/bin/../lib/gcc/arm-none-eabi/9.3.1/../../../../arm-none-eabi/lib/thumb/v7e-m+fp/hard\libc_nano.a(lib_a-findfp.o)
                0x0000000008002aac                __sfp
 .text._fwalk_reent
                0x0000000008002b38       0x3e c:/st/stm32cubeide_1.8.0/stm32cubeide/plugins/com.st.stm32cube.ide.mcu.externaltools.gnu-tools-for-stm32.9-2020-q2-update.win32_2.0.0.202105311346/tools/bin/../lib/gcc/arm-none-eabi/9.3.1/../../../../arm-none-eabi/lib/thumb/v7e-m+fp/hard\libc_nano.a(lib_a-fwalk.o)
                0x0000000008002b38                _fwalk_reent
 .text.__retarget_lock_init_recursive
                0x0000000008002b76        0x2 c:/st/stm32cubeide_1.8.0/stm32cubeide/plugins/com.st.stm32cube.ide.mcu.externaltools.gnu-tools-for-stm32.9-2020-q2-update.win32_2.0.0.202105311346/tools/bin/../lib/gcc/arm-none-eabi/9.3.1/../../../../arm-none-eabi/lib/thumb/v7e-m+fp/hard\libc_nano.a(lib_a-lock.o)
                0x0000000008002b76                __retarget_lock_init_recursive
 .text.__retarget_lock_acquire_recursive
                0x0000000008002b78        0x2 c:/st/stm32cubeide_1.8.0/stm32cubeide/plugins/com.st.stm32cube.ide.mcu.externaltools.gnu-tools-for-stm32.9-2020-q2-update.win32_2.0.0.202105311346/tools/bin/../lib/gcc/arm-none-eabi/9.3.1/../../../../arm-none-eabi/lib/thumb/v7e-m+fp/hard\libc_nano.a(lib_a-lock.o)
                0x0000000008002b78                __retarget_lock_acquire_recursive
 .text.__retarget_lock_release_recursive
                0x0000000008002b7a        0x2 c:/st/stm32cubeide_1.8.0/stm32cubeide/plugins/com.st.stm32cube.ide.mcu.externaltools.gnu-tools-for-stm32.9-2020-q2-update.win32_2.0.0.202105311346/tools/bin/../lib/gcc/arm-none-eabi/9.3.1/../../../../arm-none-eabi/lib/thumb/v7e-m+fp/hard\libc_nano.a(lib_a-lock.o)
                0x0000000008002b7a                __retarget_lock_release_recursive
 .text.__swhatbuf_r
                0x0000000008002b7c       0x48 c:/st/stm32cubeide_1.8.0/stm32cubeide/plugins/com.st.stm32cube.ide.mcu.externaltools.gnu-tools-for-stm32.9-2020-q2-update.win32_2.0.0.202105311346/tools/bin/../lib/gcc/arm-none-eabi/9.3.1/../../../../arm-none-eabi/lib/thumb/v7e-m+fp/hard\libc_nano.a(lib_a-makebuf.o)
                0x0000000008002b7c                __swhatbuf_r
 .text.__smakebuf_r
                0x0000000008002bc4       0x80 c:/st/stm32cubeide_1.8.0/stm32cubeide/plugins/com.st.stm32cube.ide.mcu.externaltools.gnu-tools-for-stm32.9-2020-q2-update.win32_2.0.0.202105311346/tools/bin/../lib/gcc/arm-none-eabi/9.3.1/../../../../arm-none-eabi/lib/thumb/v7e-m+fp/hard\libc_nano.a(lib_a-makebuf.o)
                0x0000000008002bc4                __smakebuf_r
 .text.malloc   0x0000000008002c44       0x10 c:/st/stm32cubeide_1.8.0/stm32cubeide/plugins/com.st.stm32cube.ide.mcu.externaltools.gnu-tools-for-stm32.9-2020-q2-update.win32_2.0.0.202105311346/tools/bin/../lib/gcc/arm-none-eabi/9.3.1/../../../../arm-none-eabi/lib/thumb/v7e-m+fp/hard\libc_nano.a(lib_a-malloc.o)
                0x0000000008002c44                malloc
 .text._free_r  0x0000000008002c54       0xa0 c:/st/stm32cubeide_1.8.0/stm32cubeide/plugins/com.st.stm32cube.ide.mcu.externaltools.gnu-tools-for-stm32.9-2020-q2-update.win32_2.0.0.202105311346/tools/bin/../lib/gcc/arm-none-eabi/9.3.1/../../../../arm-none-eabi/lib/thumb/v7e-m+fp/hard\libc_nano.a(lib_a-nano-freer.o)
                0x0000000008002c54                _free_r
 .text._malloc_r
                0x0000000008002cf4       0xb4 c:/st/stm32cubeide_1.8.0/stm32cubeide/plugins/com.st.stm32cube.ide.mcu.externaltools.gnu-tools-for-stm32.9-2020-q2-update.win32_2.0.0.202105311346/tools/bin/../lib/gcc/arm-none-eabi/9.3.1/../../../../arm-none-eabi/lib/thumb/v7e-m+fp/hard\libc_nano.a(lib_a-nano-mallocr.o)
                0x0000000008002cf4                _malloc_r
 .text.__ssputs_r
                0x0000000008002da8       0xb6 c:/st/stm32cubeide_1.8.0/stm32cubeide/plugins/com.st.stm32cube.ide.mcu.externaltools.gnu-tools-for-stm32.9-2020-q2-update.win32_2.0.0.202105311346/tools/bin/../lib/gcc/arm-none-eabi/9.3.1/../../../../arm-none-eabi/lib/thumb/v7e-m+fp/hard\libc_nano.a(lib_a-nano-svfprintf.o)
                0x0000000008002da8                __ssputs_r
 *fill*         0x0000000008002e5e        0x2 
 .text._svfprintf_r
                0x0000000008002e60      0x200 c:/st/stm32cubeide_1.8.0/stm32cubeide/plugins/com.st.stm32cube.ide.mcu.externaltools.gnu-tools-for-stm32.9-2020-q2-update.win32_2.0.0.202105311346/tools/bin/../lib/gcc/arm-none-eabi/9.3.1/../../../../arm-none-eabi/lib/thumb/v7e-m+fp/hard\libc_nano.a(lib_a-nano-svfprintf.o)
                0x0000000008002e60                _svfiprintf_r
                0x0000000008002e60                _svfprintf_r
 .text.__sfputc_r
                0x0000000008003060       0x2e c:/st/stm32cubeide_1.8.0/stm32cubeide/plugins/com.st.stm32cube.ide.mcu.externaltools.gnu-tools-for-stm32.9-2020-q2-update.win32_2.0.0.202105311346/tools/bin/../lib/gcc/arm-none-eabi/9.3.1/../../../../arm-none-eabi/lib/thumb/v7e-m+fp/hard\libc_nano.a(lib_a-nano-vfprintf.o)
 .text.__sfputs_r
                0x000000000800308e       0x24 c:/st/stm32cubeide_1.8.0/stm32cubeide/plugins/com.st.stm32cube.ide.mcu.externaltools.gnu-tools-for-stm32.9-2020-q2-update.win32_2.0.0.202105311346/tools/bin/../lib/gcc/arm-none-eabi/9.3.1/../../../../arm-none-eabi/lib/thumb/v7e-m+fp/hard\libc_nano.a(lib_a-nano-vfprintf.o)
                0x000000000800308e                __sfputs_r
 *fill*         0x00000000080030b2        0x2 
 .text._vfprintf_r
                0x00000000080030b4      0x260 c:/st/stm32cubeide_1.8.0/stm32cubeide/plugins/com.st.stm32cube.ide.mcu.externaltools.gnu-tools-for-stm32.9-2020-q2-update.win32_2.0.0.202105311346/tools/bin/../lib/gcc/arm-none-eabi/9.3.1/../../../../arm-none-eabi/lib/thumb/v7e-m+fp/hard\libc_nano.a(lib_a-nano-vfprintf.o)
                0x00000000080030b4                _vfprintf_r
                0x00000000080030b4                _vfiprintf_r
 .text._printf_common
                0x0000000008003314       0xda c:/st/stm32cubeide_1.8.0/stm32cubeide/plugins/com.st.stm32cube.ide.mcu.externaltools.gnu-tools-for-stm32.9-2020-q2-update.win32_2.0.0.202105311346/tools/bin/../lib/gcc/arm-none-eabi/9.3.1/../../../../arm-none-eabi/lib/thumb/v7e-m+fp/hard\libc_nano.a(lib_a-nano-vfprintf_i.o)
                0x0000000008003314                _printf_common
 *fill*         0x00000000080033ee        0x2 
 .text._printf_i
                0x00000000080033f0      0x24c c:/st/stm32cubeide_1.8.0/stm32cubeide/plugins/com.st.stm32cube.ide.mcu.externaltools.gnu-tools-for-stm32.9-2020-q2-update.win32_2.0.0.202105311346/tools/bin/../lib/gcc/arm-none-eabi/9.3.1/../../../../arm-none-eabi/lib/thumb/v7e-m+fp/hard\libc_nano.a(lib_a-nano-vfprintf_i.o)
                0x00000000080033f0                _printf_i
 .text._putc_r  0x000000000800363c       0x90 c:/st/stm32cubeide_1.8.0/stm32cubeide/plugins/com.st.stm32cube.ide.mcu.externaltools.gnu-tools-for-stm32.9-2020-q2-update.win32_2.0.0.202105311346/tools/bin/../lib/gcc/arm-none-eabi/9.3.1/../../../../arm-none-eabi/lib/thumb/v7e-m+fp/hard\libc_nano.a(lib_a-putc.o)
                0x000000000800363c                _putc_r
 .text._sbrk_r  0x00000000080036cc       0x20 c:/st/stm32cubeide_1.8.0/stm32cubeide/plugins/com.st.stm32cube.ide.mcu.externaltools.gnu-tools-for-stm32.9-2020-q2-update.win32_2.0.0.202105311346/tools/bin/../lib/gcc/arm-none-eabi/9.3.1/../../../../arm-none-eabi/lib/thumb/v7e-m+fp/hard\libc_nano.a(lib_a-sbrkr.o)
                0x00000000080036cc                _sbrk_r
 .text.__sread  0x00000000080036ec       0x22 c:/st/stm32cubeide_1.8.0/stm32cubeide/plugins/com.st.stm32cube.ide.mcu.externaltools.gnu-tools-for-stm32.9-2020-q2-update.win32_2.0.0.202105311346/tools/bin/../lib/gcc/arm-none-eabi/9.3.1/../../../../arm-none-eabi/lib/thumb/v7e-m+fp/hard\libc_nano.a(lib_a-stdio.o)
                0x00000000080036ec                __sread
 .text.__swrite
                0x000000000800370e       0x38 c:/st/stm32cubeide_1.8.0/stm32cubeide/plugins/com.st.stm32cube.ide.mcu.externaltools.gnu-tools-for-stm32.9-2020-q2-update.win32_2.0.0.202105311346/tools/bin/../lib/gcc/arm-none-eabi/9.3.1/../../../../arm-none-eabi/lib/thumb/v7e-m+fp/hard\libc_nano.a(lib_a-stdio.o)
                0x000000000800370e                __swrite
 .text.__sseek  0x0000000008003746       0x24 c:/st/stm32cubeide_1.8.0/stm32cubeide/plugins/com.st.stm32cube.ide.mcu.externaltools.gnu-tools-for-stm32.9-2020-q2-update.win32_2.0.0.202105311346/tools/bin/../lib/gcc/arm-none-eabi/9.3.1/../../../../arm-none-eabi/lib/thumb/v7e-m+fp/hard\libc_nano.a(lib_a-stdio.o)
                0x0000000008003746                __sseek
 .text.__sclose
                0x000000000800376a        0x8 c:/st/stm32cubeide_1.8.0/stm32cubeide/plugins/com.st.stm32cube.ide.mcu.externaltools.gnu-tools-for-stm32.9-2020-q2-update.win32_2.0.0.202105311346/tools/bin/../lib/gcc/arm-none-eabi/9.3.1/../../../../arm-none-eabi/lib/thumb/v7e-m+fp/hard\libc_nano.a(lib_a-stdio.o)
                0x000000000800376a                __sclose
 *fill*         0x0000000008003772        0x2 
 .text.__swbuf_r
                0x0000000008003774       0xa4 c:/st/stm32cubeide_1.8.0/stm32cubeide/plugins/com.st.stm32cube.ide.mcu.externaltools.gnu-tools-for-stm32.9-2020-q2-update.win32_2.0.0.202105311346/tools/bin/../lib/gcc/arm-none-eabi/9.3.1/../../../../arm-none-eabi/lib/thumb/v7e-m+fp/hard\libc_nano.a(lib_a-wbuf.o)
                0x0000000008003774                __swbuf_r
 .text.__swsetup_r
                0x0000000008003818       0xdc c:/st/stm32cubeide_1.8.0/stm32cubeide/plugins/com.st.stm32cube.ide.mcu.externaltools.gnu-tools-for-stm32.9-2020-q2-update.win32_2.0.0.202105311346/tools/bin/../lib/gcc/arm-none-eabi/9.3.1/../../../../arm-none-eabi/lib/thumb/v7e-m+fp/hard\libc_nano.a(lib_a-wsetup.o)
                0x0000000008003818                __swsetup_r
 .text._close_r
                0x00000000080038f4       0x20 c:/st/stm32cubeide_1.8.0/stm32cubeide/plugins/com.st.stm32cube.ide.mcu.externaltools.gnu-tools-for-stm32.9-2020-q2-update.win32_2.0.0.202105311346/tools/bin/../lib/gcc/arm-none-eabi/9.3.1/../../../../arm-none-eabi/lib/thumb/v7e-m+fp/hard\libc_nano.a(lib_a-closer.o)
                0x00000000080038f4                _close_r
 .text._fstat_r
                0x0000000008003914       0x24 c:/st/stm32cubeide_1.8.0/stm32cubeide/plugins/com.st.stm32cube.ide.mcu.externaltools.gnu-tools-for-stm32.9-2020-q2-update.win32_2.0.0.202105311346/tools/bin/../lib/gcc/arm-none-eabi/9.3.1/../../../../arm-none-eabi/lib/thumb/v7e-m+fp/hard\libc_nano.a(lib_a-fstatr.o)
                0x0000000008003914                _fstat_r
 .text._isatty_r
                0x0000000008003938       0x20 c:/st/stm32cubeide_1.8.0/stm32cubeide/plugins/com.st.stm32cube.ide.mcu.externaltools.gnu-tools-for-stm32.9-2020-q2-update.win32_2.0.0.202105311346/tools/bin/../lib/gcc/arm-none-eabi/9.3.1/../../../../arm-none-eabi/lib/thumb/v7e-m+fp/hard\libc_nano.a(lib_a-isattyr.o)
                0x0000000008003938                _isatty_r
 .text._lseek_r
                0x0000000008003958       0x24 c:/st/stm32cubeide_1.8.0/stm32cubeide/plugins/com.st.stm32cube.ide.mcu.externaltools.gnu-tools-for-stm32.9-2020-q2-update.win32_2.0.0.202105311346/tools/bin/../lib/gcc/arm-none-eabi/9.3.1/../../../../arm-none-eabi/lib/thumb/v7e-m+fp/hard\libc_nano.a(lib_a-lseekr.o)
                0x0000000008003958                _lseek_r
 .text.memcpy   0x000000000800397c       0x1c c:/st/stm32cubeide_1.8.0/stm32cubeide/plugins/com.st.stm32cube.ide.mcu.externaltools.gnu-tools-for-stm32.9-2020-q2-update.win32_2.0.0.202105311346/tools/bin/../lib/gcc/arm-none-eabi/9.3.1/../../../../arm-none-eabi/lib/thumb/v7e-m+fp/hard\libc_nano.a(lib_a-memcpy-stub.o)
                0x000000000800397c                memcpy
 .text.memmove  0x0000000008003998       0x34 c:/st/stm32cubeide_1.8.0/stm32cubeide/plugins/com.st.stm32cube.ide.mcu.externaltools.gnu-tools-for-stm32.9-2020-q2-update.win32_2.0.0.202105311346/tools/bin/../lib/gcc/arm-none-eabi/9.3.1/../../../../arm-none-eabi/lib/thumb/v7e-m+fp/hard\libc_nano.a(lib_a-memmove.o)
                0x0000000008003998                memmove
 .text.__malloc_lock
                0x00000000080039cc        0xc c:/st/stm32cubeide_1.8.0/stm32cubeide/plugins/com.st.stm32cube.ide.mcu.externaltools.gnu-tools-for-stm32.9-2020-q2-update.win32_2.0.0.202105311346/tools/bin/../lib/gcc/arm-none-eabi/9.3.1/../../../../arm-none-eabi/lib/thumb/v7e-m+fp/hard\libc_nano.a(lib_a-mlock.o)
                0x00000000080039cc                __malloc_lock
 .text.__malloc_unlock
                0x00000000080039d8        0xc c:/st/stm32cubeide_1.8.0/stm32cubeide/plugins/com.st.stm32cube.ide.mcu.externaltools.gnu-tools-for-stm32.9-2020-q2-update.win32_2.0.0.202105311346/tools/bin/../lib/gcc/arm-none-eabi/9.3.1/../../../../arm-none-eabi/lib/thumb/v7e-m+fp/hard\libc_nano.a(lib_a-mlock.o)
                0x00000000080039d8                __malloc_unlock
 .text._realloc_r
                0x00000000080039e4       0x4c c:/st/stm32cubeide_1.8.0/stm32cubeide/plugins/com.st.stm32cube.ide.mcu.externaltools.gnu-tools-for-stm32.9-2020-q2-update.win32_2.0.0.202105311346/tools/bin/../lib/gcc/arm-none-eabi/9.3.1/../../../../arm-none-eabi/lib/thumb/v7e-m+fp/hard\libc_nano.a(lib_a-nano-reallocr.o)
                0x00000000080039e4                _realloc_r
 .text._read_r  0x0000000008003a30       0x24 c:/st/stm32cubeide_1.8.0/stm32cubeide/plugins/com.st.stm32cube.ide.mcu.externaltools.gnu-tools-for-stm32.9-2020-q2-update.win32_2.0.0.202105311346/tools/bin/../lib/gcc/arm-none-eabi/9.3.1/../../../../arm-none-eabi/lib/thumb/v7e-m+fp/hard\libc_nano.a(lib_a-readr.o)
                0x0000000008003a30                _read_r
 .text._malloc_usable_size_r
                0x0000000008003a54       0x10 c:/st/stm32cubeide_1.8.0/stm32cubeide/plugins/com.st.stm32cube.ide.mcu.externaltools.gnu-tools-for-stm32.9-2020-q2-update.win32_2.0.0.202105311346/tools/bin/../lib/gcc/arm-none-eabi/9.3.1/../../../../arm-none-eabi/lib/thumb/v7e-m+fp/hard\libc_nano.a(lib_a-nano-msizer.o)
                0x0000000008003a54                _malloc_usable_size_r
 *(.glue_7)
 .glue_7        0x0000000008003a64        0x0 linker stubs
 *(.glue_7t)
 .glue_7t       0x0000000008003a64        0x0 linker stubs
 *(.eh_frame)
 .eh_frame      0x0000000008003a64        0x0 c:/st/stm32cubeide_1.8.0/stm32cubeide/plugins/com.st.stm32cube.ide.mcu.externaltools.gnu-tools-for-stm32.9-2020-q2-update.win32_2.0.0.202105311346/tools/bin/../lib/gcc/arm-none-eabi/9.3.1/thumb/v7e-m+fp/hard/crtbegin.o
 *(.init)
 .init          0x0000000008003a64        0x4 c:/st/stm32cubeide_1.8.0/stm32cubeide/plugins/com.st.stm32cube.ide.mcu.externaltools.gnu-tools-for-stm32.9-2020-q2-update.win32_2.0.0.202105311346/tools/bin/../lib/gcc/arm-none-eabi/9.3.1/thumb/v7e-m+fp/hard/crti.o
                0x0000000008003a64                _init
 .init          0x0000000008003a68        0x8 c:/st/stm32cubeide_1.8.0/stm32cubeide/plugins/com.st.stm32cube.ide.mcu.externaltools.gnu-tools-for-stm32.9-2020-q2-update.win32_2.0.0.202105311346/tools/bin/../lib/gcc/arm-none-eabi/9.3.1/thumb/v7e-m+fp/hard/crtn.o
 *(.fini)
 .fini          0x0000000008003a70        0x4 c:/st/stm32cubeide_1.8.0/stm32cubeide/plugins/com.st.stm32cube.ide.mcu.externaltools.gnu-tools-for-stm32.9-2020-q2-update.win32_2.0.0.202105311346/tools/bin/../lib/gcc/arm-none-eabi/9.3.1/thumb/v7e-m+fp/hard/crti.o
                0x0000000008003a70                _fini
 .fini          0x0000000008003a74        0x8 c:/st/stm32cubeide_1.8.0/stm32cubeide/plugins/com.st.stm32cube.ide.mcu.externaltools.gnu-tools-for-stm32.9-2020-q2-update.win32_2.0.0.202105311346/tools/bin/../lib/gcc/arm-none-eabi/9.3.1/thumb/v7e-m+fp/hard/crtn.o
                0x0000000008003a7c                . = ALIGN (0x4)
                0x0000000008003a7c                _etext = .

.vfp11_veneer   0x0000000008003a7c        0x0
 .vfp11_veneer  0x0000000008003a7c        0x0 linker stubs

.v4_bx          0x0000000008003a7c        0x0
 .v4_bx         0x0000000008003a7c        0x0 linker stubs

.iplt           0x0000000008003a7c        0x0
 .iplt          0x0000000008003a7c        0x0 c:/st/stm32cubeide_1.8.0/stm32cubeide/plugins/com.st.stm32cube.ide.mcu.externaltools.gnu-tools-for-stm32.9-2020-q2-update.win32_2.0.0.202105311346/tools/bin/../lib/gcc/arm-none-eabi/9.3.1/thumb/v7e-m+fp/hard/crtbegin.o

.rodata         0x0000000008003a7c      0x498
                0x0000000008003a7c                . = ALIGN (0x4)
 *(.rodata)
 .rodata        0x0000000008003a7c       0x36 ./Src/LCDgameplay.o
 *fill*         0x0000000008003ab2        0x2 
 .rodata        0x0000000008003ab4       0x1c ./Src/Window.o
 .rodata        0x0000000008003ad0       0x4a ./Src/ansi.o
 *fill*         0x0000000008003b1a        0x2 
 .rodata        0x0000000008003b1c        0x5 ./Src/main.o
 *fill*         0x0000000008003b21        0x3 
 .rodata        0x0000000008003b24      0x143 ./Src/menu.o
 *(.rodata*)
 *fill*         0x0000000008003c67        0x1 
 .rodata.character_data
                0x0000000008003c68      0x1db ./Src/charset.o
                0x0000000008003c68                character_data
 *fill*         0x0000000008003e43        0x1 
 .rodata.custom_character_data
                0x0000000008003e44       0x37 ./Src/charset.o
                0x0000000008003e44                custom_character_data
 *fill*         0x0000000008003e7b        0x1 
 .rodata._global_impure_ptr
                0x0000000008003e7c        0x4 c:/st/stm32cubeide_1.8.0/stm32cubeide/plugins/com.st.stm32cube.ide.mcu.externaltools.gnu-tools-for-stm32.9-2020-q2-update.win32_2.0.0.202105311346/tools/bin/../lib/gcc/arm-none-eabi/9.3.1/../../../../arm-none-eabi/lib/thumb/v7e-m+fp/hard\libc_nano.a(lib_a-impure.o)
                0x0000000008003e7c                _global_impure_ptr
 .rodata.__sf_fake_stderr
                0x0000000008003e80       0x20 c:/st/stm32cubeide_1.8.0/stm32cubeide/plugins/com.st.stm32cube.ide.mcu.externaltools.gnu-tools-for-stm32.9-2020-q2-update.win32_2.0.0.202105311346/tools/bin/../lib/gcc/arm-none-eabi/9.3.1/../../../../arm-none-eabi/lib/thumb/v7e-m+fp/hard\libc_nano.a(lib_a-findfp.o)
                0x0000000008003e80                __sf_fake_stderr
 .rodata.__sf_fake_stdin
                0x0000000008003ea0       0x20 c:/st/stm32cubeide_1.8.0/stm32cubeide/plugins/com.st.stm32cube.ide.mcu.externaltools.gnu-tools-for-stm32.9-2020-q2-update.win32_2.0.0.202105311346/tools/bin/../lib/gcc/arm-none-eabi/9.3.1/../../../../arm-none-eabi/lib/thumb/v7e-m+fp/hard\libc_nano.a(lib_a-findfp.o)
                0x0000000008003ea0                __sf_fake_stdin
 .rodata.__sf_fake_stdout
                0x0000000008003ec0       0x20 c:/st/stm32cubeide_1.8.0/stm32cubeide/plugins/com.st.stm32cube.ide.mcu.externaltools.gnu-tools-for-stm32.9-2020-q2-update.win32_2.0.0.202105311346/tools/bin/../lib/gcc/arm-none-eabi/9.3.1/../../../../arm-none-eabi/lib/thumb/v7e-m+fp/hard\libc_nano.a(lib_a-findfp.o)
                0x0000000008003ec0                __sf_fake_stdout
 .rodata._svfprintf_r.str1.1
                0x0000000008003ee0       0x11 c:/st/stm32cubeide_1.8.0/stm32cubeide/plugins/com.st.stm32cube.ide.mcu.externaltools.gnu-tools-for-stm32.9-2020-q2-update.win32_2.0.0.202105311346/tools/bin/../lib/gcc/arm-none-eabi/9.3.1/../../../../arm-none-eabi/lib/thumb/v7e-m+fp/hard\libc_nano.a(lib_a-nano-svfprintf.o)
 .rodata._vfprintf_r.str1.1
                0x0000000008003ef1       0x11 c:/st/stm32cubeide_1.8.0/stm32cubeide/plugins/com.st.stm32cube.ide.mcu.externaltools.gnu-tools-for-stm32.9-2020-q2-update.win32_2.0.0.202105311346/tools/bin/../lib/gcc/arm-none-eabi/9.3.1/../../../../arm-none-eabi/lib/thumb/v7e-m+fp/hard\libc_nano.a(lib_a-nano-vfprintf.o)
 .rodata._printf_i.str1.1
                0x0000000008003ef1       0x22 c:/st/stm32cubeide_1.8.0/stm32cubeide/plugins/com.st.stm32cube.ide.mcu.externaltools.gnu-tools-for-stm32.9-2020-q2-update.win32_2.0.0.202105311346/tools/bin/../lib/gcc/arm-none-eabi/9.3.1/../../../../arm-none-eabi/lib/thumb/v7e-m+fp/hard\libc_nano.a(lib_a-nano-vfprintf_i.o)
                0x0000000008003f14                . = ALIGN (0x4)
 *fill*         0x0000000008003f13        0x1 

.rel.dyn        0x0000000008003f14        0x0
 .rel.iplt      0x0000000008003f14        0x0 c:/st/stm32cubeide_1.8.0/stm32cubeide/plugins/com.st.stm32cube.ide.mcu.externaltools.gnu-tools-for-stm32.9-2020-q2-update.win32_2.0.0.202105311346/tools/bin/../lib/gcc/arm-none-eabi/9.3.1/thumb/v7e-m+fp/hard/crtbegin.o

.ARM.extab      0x0000000008003f14        0x0
                0x0000000008003f14                . = ALIGN (0x4)
 *(.ARM.extab* .gnu.linkonce.armextab.*)
                0x0000000008003f14                . = ALIGN (0x4)

.ARM            0x0000000008003f14        0x0
                0x0000000008003f14                . = ALIGN (0x4)
                0x0000000008003f14                __exidx_start = .
 *(.ARM.exidx*)
                0x0000000008003f14                __exidx_end = .
                0x0000000008003f14                . = ALIGN (0x4)

.preinit_array  0x0000000008003f14        0x0
                0x0000000008003f14                . = ALIGN (0x4)
                0x0000000008003f14                PROVIDE (__preinit_array_start = .)
 *(.preinit_array*)
                0x0000000008003f14                PROVIDE (__preinit_array_end = .)
                0x0000000008003f14                . = ALIGN (0x4)

.init_array     0x0000000008003f14        0x4
                0x0000000008003f14                . = ALIGN (0x4)
                0x0000000008003f14                PROVIDE (__init_array_start = .)
 *(SORT_BY_NAME(.init_array.*))
 *(.init_array*)
 .init_array    0x0000000008003f14        0x4 c:/st/stm32cubeide_1.8.0/stm32cubeide/plugins/com.st.stm32cube.ide.mcu.externaltools.gnu-tools-for-stm32.9-2020-q2-update.win32_2.0.0.202105311346/tools/bin/../lib/gcc/arm-none-eabi/9.3.1/thumb/v7e-m+fp/hard/crtbegin.o
                0x0000000008003f18                PROVIDE (__init_array_end = .)
                0x0000000008003f18                . = ALIGN (0x4)

.fini_array     0x0000000008003f18        0x4
                0x0000000008003f18                . = ALIGN (0x4)
                [!provide]                        PROVIDE (__fini_array_start = .)
 *(SORT_BY_NAME(.fini_array.*))
 *(.fini_array*)
 .fini_array    0x0000000008003f18        0x4 c:/st/stm32cubeide_1.8.0/stm32cubeide/plugins/com.st.stm32cube.ide.mcu.externaltools.gnu-tools-for-stm32.9-2020-q2-update.win32_2.0.0.202105311346/tools/bin/../lib/gcc/arm-none-eabi/9.3.1/thumb/v7e-m+fp/hard/crtbegin.o
                [!provide]                        PROVIDE (__fini_array_end = .)
                0x0000000008003f1c                . = ALIGN (0x4)
                0x0000000008003f1c                _sidata = LOADADDR (.data)

.data           0x0000000020000000       0x90 load address 0x0000000008003f1c
                0x0000000020000000                . = ALIGN (0x4)
                0x0000000020000000                _sdata = .
 *(.data)
 *(.data*)
 .data.APBAHBPrescTable
                0x0000000020000000       0x10 ./SPL/src/stm32f30x_rcc.o
 .data.ADCPrescTable
                0x0000000020000010       0x1a ./SPL/src/stm32f30x_rcc.o
 *fill*         0x000000002000002a        0x2 
 .data._impure_ptr
                0x000000002000002c        0x4 c:/st/stm32cubeide_1.8.0/stm32cubeide/plugins/com.st.stm32cube.ide.mcu.externaltools.gnu-tools-for-stm32.9-2020-q2-update.win32_2.0.0.202105311346/tools/bin/../lib/gcc/arm-none-eabi/9.3.1/../../../../arm-none-eabi/lib/thumb/v7e-m+fp/hard\libc_nano.a(lib_a-impure.o)
                0x000000002000002c                _impure_ptr
 .data.impure_data
                0x0000000020000030       0x60 c:/st/stm32cubeide_1.8.0/stm32cubeide/plugins/com.st.stm32cube.ide.mcu.externaltools.gnu-tools-for-stm32.9-2020-q2-update.win32_2.0.0.202105311346/tools/bin/../lib/gcc/arm-none-eabi/9.3.1/../../../../arm-none-eabi/lib/thumb/v7e-m+fp/hard\libc_nano.a(lib_a-impure.o)
                0x0000000020000090                . = ALIGN (0x4)
                0x0000000020000090                _edata = .

.igot.plt       0x0000000020000090        0x0 load address 0x0000000008003fac
 .igot.plt      0x0000000020000090        0x0 c:/st/stm32cubeide_1.8.0/stm32cubeide/plugins/com.st.stm32cube.ide.mcu.externaltools.gnu-tools-for-stm32.9-2020-q2-update.win32_2.0.0.202105311346/tools/bin/../lib/gcc/arm-none-eabi/9.3.1/thumb/v7e-m+fp/hard/crtbegin.o
                0x0000000020000090                . = ALIGN (0x4)

.bss            0x0000000020000090      0x36c load address 0x0000000008003fac
                0x0000000020000090                _sbss = .
                0x0000000020000090                __bss_start__ = _sbss
 *(.bss)
 .bss           0x0000000020000090       0x1c c:/st/stm32cubeide_1.8.0/stm32cubeide/plugins/com.st.stm32cube.ide.mcu.externaltools.gnu-tools-for-stm32.9-2020-q2-update.win32_2.0.0.202105311346/tools/bin/../lib/gcc/arm-none-eabi/9.3.1/thumb/v7e-m+fp/hard/crtbegin.o
 *(.bss*)
 .bss.UART_BUFFER
                0x00000000200000ac      0x100 ./Src/30010_io.o
                0x00000000200000ac                UART_BUFFER
 .bss.UART_END_IDX
                0x00000000200001ac        0x1 ./Src/30010_io.o
                0x00000000200001ac                UART_END_IDX
 .bss.UART_START_IDX
                0x00000000200001ad        0x1 ./Src/30010_io.o
                0x00000000200001ad                UART_START_IDX
 .bss.UART_COUNT
                0x00000000200001ae        0x1 ./Src/30010_io.o
                0x00000000200001ae                UART_COUNT
 *fill*         0x00000000200001af        0x1 
 .bss.heap_end.6585
                0x00000000200001b0        0x4 ./Src/sysmem.o
 .bss.i.9569    0x00000000200001b4        0x4 ./Src/timer.o
 .bss.__malloc_free_list
                0x00000000200001b8        0x4 c:/st/stm32cubeide_1.8.0/stm32cubeide/plugins/com.st.stm32cube.ide.mcu.externaltools.gnu-tools-for-stm32.9-2020-q2-update.win32_2.0.0.202105311346/tools/bin/../lib/gcc/arm-none-eabi/9.3.1/../../../../arm-none-eabi/lib/thumb/v7e-m+fp/hard\libc_nano.a(lib_a-nano-mallocr.o)
                0x00000000200001b8                __malloc_free_list
 .bss.__malloc_sbrk_start
                0x00000000200001bc        0x4 c:/st/stm32cubeide_1.8.0/stm32cubeide/plugins/com.st.stm32cube.ide.mcu.externaltools.gnu-tools-for-stm32.9-2020-q2-update.win32_2.0.0.202105311346/tools/bin/../lib/gcc/arm-none-eabi/9.3.1/../../../../arm-none-eabi/lib/thumb/v7e-m+fp/hard\libc_nano.a(lib_a-nano-mallocr.o)
                0x00000000200001bc                __malloc_sbrk_start
 *(COMMON)
 COMMON         0x00000000200001c0       0x29 ./Src/Joystick.o
                0x00000000200001c0                t
                0x00000000200001c8                score
                0x00000000200001cc                buzzTone
                0x00000000200001d0                led
                0x00000000200001dc                lcdUpdate
                0x00000000200001e0                refreshRate
                0x00000000200001e4                joy
 *fill*         0x00000000200001e9        0x3 
 COMMON         0x00000000200001ec      0x200 ./Src/LCD.o
                0x00000000200001ec                buffer
 COMMON         0x00000000200003ec        0x9 c:/st/stm32cubeide_1.8.0/stm32cubeide/plugins/com.st.stm32cube.ide.mcu.externaltools.gnu-tools-for-stm32.9-2020-q2-update.win32_2.0.0.202105311346/tools/bin/../lib/gcc/arm-none-eabi/9.3.1/../../../../arm-none-eabi/lib/thumb/v7e-m+fp/hard\libc_nano.a(lib_a-lock.o)
                0x00000000200003ec                __lock___atexit_recursive_mutex
                0x00000000200003ed                __lock___arc4random_mutex
                0x00000000200003ee                __lock___env_recursive_mutex
                0x00000000200003ef                __lock___sinit_recursive_mutex
                0x00000000200003f0                __lock___malloc_recursive_mutex
                0x00000000200003f1                __lock___at_quick_exit_mutex
                0x00000000200003f2                __lock___dd_hash_mutex
                0x00000000200003f3                __lock___tz_mutex
                0x00000000200003f4                __lock___sfp_recursive_mutex
 *fill*         0x00000000200003f5        0x3 
 COMMON         0x00000000200003f8        0x4 c:/st/stm32cubeide_1.8.0/stm32cubeide/plugins/com.st.stm32cube.ide.mcu.externaltools.gnu-tools-for-stm32.9-2020-q2-update.win32_2.0.0.202105311346/tools/bin/../lib/gcc/arm-none-eabi/9.3.1/../../../../arm-none-eabi/lib/thumb/v7e-m+fp/hard\libc_nano.a(lib_a-reent.o)
                0x00000000200003f8                errno
                0x00000000200003fc                . = ALIGN (0x4)
                0x00000000200003fc                _ebss = .
                0x00000000200003fc                __bss_end__ = _ebss

._user_heap_stack
                0x00000000200003fc      0x604 load address 0x0000000008003fac
                0x0000000020000400                . = ALIGN (0x8)
 *fill*         0x00000000200003fc        0x4 
                0x0000000020000400                PROVIDE (end = .)
                [!provide]                        PROVIDE (_end = .)
                0x0000000020000600                . = (. + _Min_Heap_Size)
 *fill*         0x0000000020000400      0x200 
                0x0000000020000a00                . = (. + _Min_Stack_Size)
 *fill*         0x0000000020000600      0x400 
                0x0000000020000a00                . = ALIGN (0x8)

/DISCARD/
 libc.a(*)
 libm.a(*)
 libgcc.a(*)

.ARM.attributes
                0x0000000000000000       0x30
 *(.ARM.attributes)
 .ARM.attributes
                0x0000000000000000       0x1e c:/st/stm32cubeide_1.8.0/stm32cubeide/plugins/com.st.stm32cube.ide.mcu.externaltools.gnu-tools-for-stm32.9-2020-q2-update.win32_2.0.0.202105311346/tools/bin/../lib/gcc/arm-none-eabi/9.3.1/thumb/v7e-m+fp/hard/crti.o
 .ARM.attributes
                0x000000000000001e       0x34 c:/st/stm32cubeide_1.8.0/stm32cubeide/plugins/com.st.stm32cube.ide.mcu.externaltools.gnu-tools-for-stm32.9-2020-q2-update.win32_2.0.0.202105311346/tools/bin/../lib/gcc/arm-none-eabi/9.3.1/thumb/v7e-m+fp/hard/crtbegin.o
 .ARM.attributes
                0x0000000000000052       0x34 ./SPL/src/stm32f30x_rcc.o
 .ARM.attributes
                0x0000000000000086       0x34 ./SPL/src/stm32f30x_spi.o
 .ARM.attributes
                0x00000000000000ba       0x34 ./SPL/src/stm32f30x_usart.o
 .ARM.attributes
                0x00000000000000ee       0x34 ./Src/30010_io.o
 .ARM.attributes
                0x0000000000000122       0x34 ./Src/Joystick.o
 .ARM.attributes
                0x0000000000000156       0x34 ./Src/LCD.o
 .ARM.attributes
                0x000000000000018a       0x34 ./Src/LCDgameplay.o
 .ARM.attributes
                0x00000000000001be       0x34 ./Src/LED.o
 .ARM.attributes
                0x00000000000001f2       0x34 ./Src/Window.o
 .ARM.attributes
                0x0000000000000226       0x34 ./Src/ansi.o
 .ARM.attributes
                0x000000000000025a       0x34 ./Src/buzzer.o
 .ARM.attributes
                0x000000000000028e       0x39 ./Src/charset.o
 .ARM.attributes
                0x00000000000002c7       0x34 ./Src/main.o
 .ARM.attributes
                0x00000000000002fb       0x34 ./Src/menu.o
 .ARM.attributes
                0x000000000000032f       0x34 ./Src/syscalls.o
 .ARM.attributes
                0x0000000000000363       0x34 ./Src/sysmem.o
 .ARM.attributes
                0x0000000000000397       0x34 ./Src/system_stm32f30x.o
 .ARM.attributes
                0x00000000000003cb       0x34 ./Src/timer.o
 .ARM.attributes
                0x00000000000003ff       0x21 ./Startup/startup_stm32f302r8tx.o
 .ARM.attributes
                0x0000000000000420       0x34 c:/st/stm32cubeide_1.8.0/stm32cubeide/plugins/com.st.stm32cube.ide.mcu.externaltools.gnu-tools-for-stm32.9-2020-q2-update.win32_2.0.0.202105311346/tools/bin/../lib/gcc/arm-none-eabi/9.3.1/../../../../arm-none-eabi/lib/thumb/v7e-m+fp/hard\libc_nano.a(lib_a-errno.o)
 .ARM.attributes
                0x0000000000000454       0x32 c:/st/stm32cubeide_1.8.0/stm32cubeide/plugins/com.st.stm32cube.ide.mcu.externaltools.gnu-tools-for-stm32.9-2020-q2-update.win32_2.0.0.202105311346/tools/bin/../lib/gcc/arm-none-eabi/9.3.1/../../../../arm-none-eabi/lib/thumb/v7e-m+fp/hard\libc_nano.a(lib_a-impure.o)
 .ARM.attributes
                0x0000000000000486       0x34 c:/st/stm32cubeide_1.8.0/stm32cubeide/plugins/com.st.stm32cube.ide.mcu.externaltools.gnu-tools-for-stm32.9-2020-q2-update.win32_2.0.0.202105311346/tools/bin/../lib/gcc/arm-none-eabi/9.3.1/../../../../arm-none-eabi/lib/thumb/v7e-m+fp/hard\libc_nano.a(lib_a-init.o)
 .ARM.attributes
                0x00000000000004ba       0x34 c:/st/stm32cubeide_1.8.0/stm32cubeide/plugins/com.st.stm32cube.ide.mcu.externaltools.gnu-tools-for-stm32.9-2020-q2-update.win32_2.0.0.202105311346/tools/bin/../lib/gcc/arm-none-eabi/9.3.1/../../../../arm-none-eabi/lib/thumb/v7e-m+fp/hard\libc_nano.a(lib_a-memset.o)
 .ARM.attributes
                0x00000000000004ee       0x34 c:/st/stm32cubeide_1.8.0/stm32cubeide/plugins/com.st.stm32cube.ide.mcu.externaltools.gnu-tools-for-stm32.9-2020-q2-update.win32_2.0.0.202105311346/tools/bin/../lib/gcc/arm-none-eabi/9.3.1/../../../../arm-none-eabi/lib/thumb/v7e-m+fp/hard\libc_nano.a(lib_a-printf.o)
 .ARM.attributes
                0x0000000000000522       0x34 c:/st/stm32cubeide_1.8.0/stm32cubeide/plugins/com.st.stm32cube.ide.mcu.externaltools.gnu-tools-for-stm32.9-2020-q2-update.win32_2.0.0.202105311346/tools/bin/../lib/gcc/arm-none-eabi/9.3.1/../../../../arm-none-eabi/lib/thumb/v7e-m+fp/hard\libc_nano.a(lib_a-putchar.o)
 .ARM.attributes
                0x0000000000000556       0x34 c:/st/stm32cubeide_1.8.0/stm32cubeide/plugins/com.st.stm32cube.ide.mcu.externaltools.gnu-tools-for-stm32.9-2020-q2-update.win32_2.0.0.202105311346/tools/bin/../lib/gcc/arm-none-eabi/9.3.1/../../../../arm-none-eabi/lib/thumb/v7e-m+fp/hard\libc_nano.a(lib_a-setbuf.o)
 .ARM.attributes
                0x000000000000058a       0x34 c:/st/stm32cubeide_1.8.0/stm32cubeide/plugins/com.st.stm32cube.ide.mcu.externaltools.gnu-tools-for-stm32.9-2020-q2-update.win32_2.0.0.202105311346/tools/bin/../lib/gcc/arm-none-eabi/9.3.1/../../../../arm-none-eabi/lib/thumb/v7e-m+fp/hard\libc_nano.a(lib_a-setvbuf.o)
 .ARM.attributes
                0x00000000000005be       0x34 c:/st/stm32cubeide_1.8.0/stm32cubeide/plugins/com.st.stm32cube.ide.mcu.externaltools.gnu-tools-for-stm32.9-2020-q2-update.win32_2.0.0.202105311346/tools/bin/../lib/gcc/arm-none-eabi/9.3.1/../../../../arm-none-eabi/lib/thumb/v7e-m+fp/hard\libc_nano.a(lib_a-sprintf.o)
 .ARM.attributes
                0x00000000000005f2       0x17 c:/st/stm32cubeide_1.8.0/stm32cubeide/plugins/com.st.stm32cube.ide.mcu.externaltools.gnu-tools-for-stm32.9-2020-q2-update.win32_2.0.0.202105311346/tools/bin/../lib/gcc/arm-none-eabi/9.3.1/../../../../arm-none-eabi/lib/thumb/v7e-m+fp/hard\libc_nano.a(lib_a-strlen.o)
 .ARM.attributes
                0x0000000000000609       0x34 c:/st/stm32cubeide_1.8.0/stm32cubeide/plugins/com.st.stm32cube.ide.mcu.externaltools.gnu-tools-for-stm32.9-2020-q2-update.win32_2.0.0.202105311346/tools/bin/../lib/gcc/arm-none-eabi/9.3.1/../../../../arm-none-eabi/lib/thumb/v7e-m+fp/hard\libc_nano.a(lib_a-fflush.o)
 .ARM.attributes
                0x000000000000063d       0x34 c:/st/stm32cubeide_1.8.0/stm32cubeide/plugins/com.st.stm32cube.ide.mcu.externaltools.gnu-tools-for-stm32.9-2020-q2-update.win32_2.0.0.202105311346/tools/bin/../lib/gcc/arm-none-eabi/9.3.1/../../../../arm-none-eabi/lib/thumb/v7e-m+fp/hard\libc_nano.a(lib_a-findfp.o)
 .ARM.attributes
                0x0000000000000671       0x34 c:/st/stm32cubeide_1.8.0/stm32cubeide/plugins/com.st.stm32cube.ide.mcu.externaltools.gnu-tools-for-stm32.9-2020-q2-update.win32_2.0.0.202105311346/tools/bin/../lib/gcc/arm-none-eabi/9.3.1/../../../../arm-none-eabi/lib/thumb/v7e-m+fp/hard\libc_nano.a(lib_a-fwalk.o)
 .ARM.attributes
                0x00000000000006a5       0x34 c:/st/stm32cubeide_1.8.0/stm32cubeide/plugins/com.st.stm32cube.ide.mcu.externaltools.gnu-tools-for-stm32.9-2020-q2-update.win32_2.0.0.202105311346/tools/bin/../lib/gcc/arm-none-eabi/9.3.1/../../../../arm-none-eabi/lib/thumb/v7e-m+fp/hard\libc_nano.a(lib_a-lock.o)
 .ARM.attributes
                0x00000000000006d9       0x34 c:/st/stm32cubeide_1.8.0/stm32cubeide/plugins/com.st.stm32cube.ide.mcu.externaltools.gnu-tools-for-stm32.9-2020-q2-update.win32_2.0.0.202105311346/tools/bin/../lib/gcc/arm-none-eabi/9.3.1/../../../../arm-none-eabi/lib/thumb/v7e-m+fp/hard\libc_nano.a(lib_a-makebuf.o)
 .ARM.attributes
                0x000000000000070d       0x34 c:/st/stm32cubeide_1.8.0/stm32cubeide/plugins/com.st.stm32cube.ide.mcu.externaltools.gnu-tools-for-stm32.9-2020-q2-update.win32_2.0.0.202105311346/tools/bin/../lib/gcc/arm-none-eabi/9.3.1/../../../../arm-none-eabi/lib/thumb/v7e-m+fp/hard\libc_nano.a(lib_a-malloc.o)
 .ARM.attributes
                0x0000000000000741       0x34 c:/st/stm32cubeide_1.8.0/stm32cubeide/plugins/com.st.stm32cube.ide.mcu.externaltools.gnu-tools-for-stm32.9-2020-q2-update.win32_2.0.0.202105311346/tools/bin/../lib/gcc/arm-none-eabi/9.3.1/../../../../arm-none-eabi/lib/thumb/v7e-m+fp/hard\libc_nano.a(lib_a-nano-freer.o)
 .ARM.attributes
                0x0000000000000775       0x34 c:/st/stm32cubeide_1.8.0/stm32cubeide/plugins/com.st.stm32cube.ide.mcu.externaltools.gnu-tools-for-stm32.9-2020-q2-update.win32_2.0.0.202105311346/tools/bin/../lib/gcc/arm-none-eabi/9.3.1/../../../../arm-none-eabi/lib/thumb/v7e-m+fp/hard\libc_nano.a(lib_a-nano-mallocr.o)
 .ARM.attributes
                0x00000000000007a9       0x34 c:/st/stm32cubeide_1.8.0/stm32cubeide/plugins/com.st.stm32cube.ide.mcu.externaltools.gnu-tools-for-stm32.9-2020-q2-update.win32_2.0.0.202105311346/tools/bin/../lib/gcc/arm-none-eabi/9.3.1/../../../../arm-none-eabi/lib/thumb/v7e-m+fp/hard\libc_nano.a(lib_a-nano-svfprintf.o)
 .ARM.attributes
                0x00000000000007dd       0x34 c:/st/stm32cubeide_1.8.0/stm32cubeide/plugins/com.st.stm32cube.ide.mcu.externaltools.gnu-tools-for-stm32.9-2020-q2-update.win32_2.0.0.202105311346/tools/bin/../lib/gcc/arm-none-eabi/9.3.1/../../../../arm-none-eabi/lib/thumb/v7e-m+fp/hard\libc_nano.a(lib_a-nano-vfprintf.o)
 .ARM.attributes
                0x0000000000000811       0x34 c:/st/stm32cubeide_1.8.0/stm32cubeide/plugins/com.st.stm32cube.ide.mcu.externaltools.gnu-tools-for-stm32.9-2020-q2-update.win32_2.0.0.202105311346/tools/bin/../lib/gcc/arm-none-eabi/9.3.1/../../../../arm-none-eabi/lib/thumb/v7e-m+fp/hard\libc_nano.a(lib_a-nano-vfprintf_i.o)
 .ARM.attributes
                0x0000000000000845       0x34 c:/st/stm32cubeide_1.8.0/stm32cubeide/plugins/com.st.stm32cube.ide.mcu.externaltools.gnu-tools-for-stm32.9-2020-q2-update.win32_2.0.0.202105311346/tools/bin/../lib/gcc/arm-none-eabi/9.3.1/../../../../arm-none-eabi/lib/thumb/v7e-m+fp/hard\libc_nano.a(lib_a-putc.o)
 .ARM.attributes
                0x0000000000000879       0x34 c:/st/stm32cubeide_1.8.0/stm32cubeide/plugins/com.st.stm32cube.ide.mcu.externaltools.gnu-tools-for-stm32.9-2020-q2-update.win32_2.0.0.202105311346/tools/bin/../lib/gcc/arm-none-eabi/9.3.1/../../../../arm-none-eabi/lib/thumb/v7e-m+fp/hard\libc_nano.a(lib_a-sbrkr.o)
 .ARM.attributes
                0x00000000000008ad       0x34 c:/st/stm32cubeide_1.8.0/stm32cubeide/plugins/com.st.stm32cube.ide.mcu.externaltools.gnu-tools-for-stm32.9-2020-q2-update.win32_2.0.0.202105311346/tools/bin/../lib/gcc/arm-none-eabi/9.3.1/../../../../arm-none-eabi/lib/thumb/v7e-m+fp/hard\libc_nano.a(lib_a-stdio.o)
 .ARM.attributes
                0x00000000000008e1       0x34 c:/st/stm32cubeide_1.8.0/stm32cubeide/plugins/com.st.stm32cube.ide.mcu.externaltools.gnu-tools-for-stm32.9-2020-q2-update.win32_2.0.0.202105311346/tools/bin/../lib/gcc/arm-none-eabi/9.3.1/../../../../arm-none-eabi/lib/thumb/v7e-m+fp/hard\libc_nano.a(lib_a-wbuf.o)
 .ARM.attributes
                0x0000000000000915       0x34 c:/st/stm32cubeide_1.8.0/stm32cubeide/plugins/com.st.stm32cube.ide.mcu.externaltools.gnu-tools-for-stm32.9-2020-q2-update.win32_2.0.0.202105311346/tools/bin/../lib/gcc/arm-none-eabi/9.3.1/../../../../arm-none-eabi/lib/thumb/v7e-m+fp/hard\libc_nano.a(lib_a-wsetup.o)
 .ARM.attributes
                0x0000000000000949       0x34 c:/st/stm32cubeide_1.8.0/stm32cubeide/plugins/com.st.stm32cube.ide.mcu.externaltools.gnu-tools-for-stm32.9-2020-q2-update.win32_2.0.0.202105311346/tools/bin/../lib/gcc/arm-none-eabi/9.3.1/../../../../arm-none-eabi/lib/thumb/v7e-m+fp/hard\libc_nano.a(lib_a-closer.o)
 .ARM.attributes
                0x000000000000097d       0x34 c:/st/stm32cubeide_1.8.0/stm32cubeide/plugins/com.st.stm32cube.ide.mcu.externaltools.gnu-tools-for-stm32.9-2020-q2-update.win32_2.0.0.202105311346/tools/bin/../lib/gcc/arm-none-eabi/9.3.1/../../../../arm-none-eabi/lib/thumb/v7e-m+fp/hard\libc_nano.a(lib_a-fstatr.o)
 .ARM.attributes
                0x00000000000009b1       0x34 c:/st/stm32cubeide_1.8.0/stm32cubeide/plugins/com.st.stm32cube.ide.mcu.externaltools.gnu-tools-for-stm32.9-2020-q2-update.win32_2.0.0.202105311346/tools/bin/../lib/gcc/arm-none-eabi/9.3.1/../../../../arm-none-eabi/lib/thumb/v7e-m+fp/hard\libc_nano.a(lib_a-isattyr.o)
 .ARM.attributes
                0x00000000000009e5       0x34 c:/st/stm32cubeide_1.8.0/stm32cubeide/plugins/com.st.stm32cube.ide.mcu.externaltools.gnu-tools-for-stm32.9-2020-q2-update.win32_2.0.0.202105311346/tools/bin/../lib/gcc/arm-none-eabi/9.3.1/../../../../arm-none-eabi/lib/thumb/v7e-m+fp/hard\libc_nano.a(lib_a-lseekr.o)
 .ARM.attributes
                0x0000000000000a19       0x1c c:/st/stm32cubeide_1.8.0/stm32cubeide/plugins/com.st.stm32cube.ide.mcu.externaltools.gnu-tools-for-stm32.9-2020-q2-update.win32_2.0.0.202105311346/tools/bin/../lib/gcc/arm-none-eabi/9.3.1/../../../../arm-none-eabi/lib/thumb/v7e-m+fp/hard\libc_nano.a(lib_a-memchr.o)
 .ARM.attributes
                0x0000000000000a35       0x34 c:/st/stm32cubeide_1.8.0/stm32cubeide/plugins/com.st.stm32cube.ide.mcu.externaltools.gnu-tools-for-stm32.9-2020-q2-update.win32_2.0.0.202105311346/tools/bin/../lib/gcc/arm-none-eabi/9.3.1/../../../../arm-none-eabi/lib/thumb/v7e-m+fp/hard\libc_nano.a(lib_a-memcpy-stub.o)
 .ARM.attributes
                0x0000000000000a69       0x34 c:/st/stm32cubeide_1.8.0/stm32cubeide/plugins/com.st.stm32cube.ide.mcu.externaltools.gnu-tools-for-stm32.9-2020-q2-update.win32_2.0.0.202105311346/tools/bin/../lib/gcc/arm-none-eabi/9.3.1/../../../../arm-none-eabi/lib/thumb/v7e-m+fp/hard\libc_nano.a(lib_a-memmove.o)
 .ARM.attributes
                0x0000000000000a9d       0x34 c:/st/stm32cubeide_1.8.0/stm32cubeide/plugins/com.st.stm32cube.ide.mcu.externaltools.gnu-tools-for-stm32.9-2020-q2-update.win32_2.0.0.202105311346/tools/bin/../lib/gcc/arm-none-eabi/9.3.1/../../../../arm-none-eabi/lib/thumb/v7e-m+fp/hard\libc_nano.a(lib_a-mlock.o)
 .ARM.attributes
                0x0000000000000ad1       0x34 c:/st/stm32cubeide_1.8.0/stm32cubeide/plugins/com.st.stm32cube.ide.mcu.externaltools.gnu-tools-for-stm32.9-2020-q2-update.win32_2.0.0.202105311346/tools/bin/../lib/gcc/arm-none-eabi/9.3.1/../../../../arm-none-eabi/lib/thumb/v7e-m+fp/hard\libc_nano.a(lib_a-nano-reallocr.o)
 .ARM.attributes
                0x0000000000000b05       0x34 c:/st/stm32cubeide_1.8.0/stm32cubeide/plugins/com.st.stm32cube.ide.mcu.externaltools.gnu-tools-for-stm32.9-2020-q2-update.win32_2.0.0.202105311346/tools/bin/../lib/gcc/arm-none-eabi/9.3.1/../../../../arm-none-eabi/lib/thumb/v7e-m+fp/hard\libc_nano.a(lib_a-readr.o)
 .ARM.attributes
                0x0000000000000b39       0x34 c:/st/stm32cubeide_1.8.0/stm32cubeide/plugins/com.st.stm32cube.ide.mcu.externaltools.gnu-tools-for-stm32.9-2020-q2-update.win32_2.0.0.202105311346/tools/bin/../lib/gcc/arm-none-eabi/9.3.1/../../../../arm-none-eabi/lib/thumb/v7e-m+fp/hard\libc_nano.a(lib_a-reent.o)
 .ARM.attributes
                0x0000000000000b6d       0x34 c:/st/stm32cubeide_1.8.0/stm32cubeide/plugins/com.st.stm32cube.ide.mcu.externaltools.gnu-tools-for-stm32.9-2020-q2-update.win32_2.0.0.202105311346/tools/bin/../lib/gcc/arm-none-eabi/9.3.1/../../../../arm-none-eabi/lib/thumb/v7e-m+fp/hard\libc_nano.a(lib_a-nano-msizer.o)
 .ARM.attributes
                0x0000000000000ba1       0x1e c:/st/stm32cubeide_1.8.0/stm32cubeide/plugins/com.st.stm32cube.ide.mcu.externaltools.gnu-tools-for-stm32.9-2020-q2-update.win32_2.0.0.202105311346/tools/bin/../lib/gcc/arm-none-eabi/9.3.1/thumb/v7e-m+fp/hard/crtn.o
OUTPUT(ExercisesEx0.elf elf32-littlearm)
LOAD linker stubs
LOAD c:/st/stm32cubeide_1.8.0/stm32cubeide/plugins/com.st.stm32cube.ide.mcu.externaltools.gnu-tools-for-stm32.9-2020-q2-update.win32_2.0.0.202105311346/tools/bin/../lib/gcc/arm-none-eabi/9.3.1/../../../../arm-none-eabi/lib/thumb/v7e-m+fp/hard\libc.a
LOAD c:/st/stm32cubeide_1.8.0/stm32cubeide/plugins/com.st.stm32cube.ide.mcu.externaltools.gnu-tools-for-stm32.9-2020-q2-update.win32_2.0.0.202105311346/tools/bin/../lib/gcc/arm-none-eabi/9.3.1/../../../../arm-none-eabi/lib/thumb/v7e-m+fp/hard\libm.a
LOAD c:/st/stm32cubeide_1.8.0/stm32cubeide/plugins/com.st.stm32cube.ide.mcu.externaltools.gnu-tools-for-stm32.9-2020-q2-update.win32_2.0.0.202105311346/tools/bin/../lib/gcc/arm-none-eabi/9.3.1/thumb/v7e-m+fp/hard\libgcc.a

.debug_info     0x0000000000000000     0xf006
 .debug_info    0x0000000000000000      0xb79 ./SPL/src/stm32f30x_rcc.o
 .debug_info    0x0000000000000b79      0xc39 ./SPL/src/stm32f30x_spi.o
 .debug_info    0x00000000000017b2      0xfb2 ./SPL/src/stm32f30x_usart.o
 .debug_info    0x0000000000002764     0x1415 ./Src/30010_io.o
 .debug_info    0x0000000000003b79      0xd66 ./Src/Joystick.o
 .debug_info    0x00000000000048df      0xe0a ./Src/LCD.o
 .debug_info    0x00000000000056e9      0xd60 ./Src/LCDgameplay.o
 .debug_info    0x0000000000006449      0xbe6 ./Src/LED.o
 .debug_info    0x000000000000702f      0xf5f ./Src/Window.o
 .debug_info    0x0000000000007f8e      0xbf7 ./Src/ansi.o
 .debug_info    0x0000000000008b85     0x13e2 ./Src/buzzer.o
 .debug_info    0x0000000000009f67       0x9f ./Src/charset.o
 .debug_info    0x000000000000a006      0xd12 ./Src/main.o
 .debug_info    0x000000000000ad18      0xeb3 ./Src/menu.o
 .debug_info    0x000000000000bbcb      0xfb4 ./Src/syscalls.o
 .debug_info    0x000000000000cb7f      0x9b5 ./Src/sysmem.o
 .debug_info    0x000000000000d534      0x4ad ./Src/system_stm32f30x.o
 .debug_info    0x000000000000d9e1     0x1603 ./Src/timer.o
 .debug_info    0x000000000000efe4       0x22 ./Startup/startup_stm32f302r8tx.o

.debug_abbrev   0x0000000000000000     0x2874
 .debug_abbrev  0x0000000000000000      0x229 ./SPL/src/stm32f30x_rcc.o
 .debug_abbrev  0x0000000000000229      0x1c7 ./SPL/src/stm32f30x_spi.o
 .debug_abbrev  0x00000000000003f0      0x1ab ./SPL/src/stm32f30x_usart.o
 .debug_abbrev  0x000000000000059b      0x375 ./Src/30010_io.o
 .debug_abbrev  0x0000000000000910      0x215 ./Src/Joystick.o
 .debug_abbrev  0x0000000000000b25      0x286 ./Src/LCD.o
 .debug_abbrev  0x0000000000000dab      0x274 ./Src/LCDgameplay.o
 .debug_abbrev  0x000000000000101f      0x1ea ./Src/LED.o
 .debug_abbrev  0x0000000000001209      0x26d ./Src/Window.o
 .debug_abbrev  0x0000000000001476      0x263 ./Src/ansi.o
 .debug_abbrev  0x00000000000016d9      0x2f5 ./Src/buzzer.o
 .debug_abbrev  0x00000000000019ce       0x59 ./Src/charset.o
 .debug_abbrev  0x0000000000001a27      0x246 ./Src/main.o
 .debug_abbrev  0x0000000000001c6d      0x2af ./Src/menu.o
 .debug_abbrev  0x0000000000001f1c      0x297 ./Src/syscalls.o
 .debug_abbrev  0x00000000000021b3      0x1e3 ./Src/sysmem.o
 .debug_abbrev  0x0000000000002396      0x154 ./Src/system_stm32f30x.o
 .debug_abbrev  0x00000000000024ea      0x378 ./Src/timer.o
 .debug_abbrev  0x0000000000002862       0x12 ./Startup/startup_stm32f302r8tx.o

.debug_aranges  0x0000000000000000      0x820
 .debug_aranges
                0x0000000000000000      0x150 ./SPL/src/stm32f30x_rcc.o
 .debug_aranges
                0x0000000000000150      0x118 ./SPL/src/stm32f30x_spi.o
 .debug_aranges
                0x0000000000000268      0x1a0 ./SPL/src/stm32f30x_usart.o
 .debug_aranges
                0x0000000000000408       0x78 ./Src/30010_io.o
 .debug_aranges
                0x0000000000000480       0x28 ./Src/Joystick.o
 .debug_aranges
                0x00000000000004a8       0x40 ./Src/LCD.o
 .debug_aranges
                0x00000000000004e8       0x48 ./Src/LCDgameplay.o
 .debug_aranges
                0x0000000000000530       0x28 ./Src/LED.o
 .debug_aranges
                0x0000000000000558       0x30 ./Src/Window.o
 .debug_aranges
                0x0000000000000588       0x60 ./Src/ansi.o
 .debug_aranges
                0x00000000000005e8       0x48 ./Src/buzzer.o
 .debug_aranges
                0x0000000000000630       0x18 ./Src/charset.o
 .debug_aranges
                0x0000000000000648       0x20 ./Src/main.o
 .debug_aranges
                0x0000000000000668       0x40 ./Src/menu.o
 .debug_aranges
                0x00000000000006a8       0xa8 ./Src/syscalls.o
 .debug_aranges
                0x0000000000000750       0x20 ./Src/sysmem.o
 .debug_aranges
                0x0000000000000770       0x30 ./Src/system_stm32f30x.o
 .debug_aranges
                0x00000000000007a0       0x58 ./Src/timer.o
 .debug_aranges
                0x00000000000007f8       0x28 ./Startup/startup_stm32f302r8tx.o

.debug_ranges   0x0000000000000000      0x6f0
 .debug_ranges  0x0000000000000000      0x140 ./SPL/src/stm32f30x_rcc.o
 .debug_ranges  0x0000000000000140      0x108 ./SPL/src/stm32f30x_spi.o
 .debug_ranges  0x0000000000000248      0x190 ./SPL/src/stm32f30x_usart.o
 .debug_ranges  0x00000000000003d8       0x68 ./Src/30010_io.o
 .debug_ranges  0x0000000000000440       0x18 ./Src/Joystick.o
 .debug_ranges  0x0000000000000458       0x30 ./Src/LCD.o
 .debug_ranges  0x0000000000000488       0x38 ./Src/LCDgameplay.o
 .debug_ranges  0x00000000000004c0       0x18 ./Src/LED.o
 .debug_ranges  0x00000000000004d8       0x20 ./Src/Window.o
 .debug_ranges  0x00000000000004f8       0x50 ./Src/ansi.o
 .debug_ranges  0x0000000000000548       0x38 ./Src/buzzer.o
 .debug_ranges  0x0000000000000580       0x10 ./Src/main.o
 .debug_ranges  0x0000000000000590       0x30 ./Src/menu.o
 .debug_ranges  0x00000000000005c0       0x98 ./Src/syscalls.o
 .debug_ranges  0x0000000000000658       0x10 ./Src/sysmem.o
 .debug_ranges  0x0000000000000668       0x20 ./Src/system_stm32f30x.o
 .debug_ranges  0x0000000000000688       0x48 ./Src/timer.o
 .debug_ranges  0x00000000000006d0       0x20 ./Startup/startup_stm32f302r8tx.o

.debug_macro    0x0000000000000000     0x4da7
 .debug_macro   0x0000000000000000      0x238 ./SPL/src/stm32f30x_rcc.o
 .debug_macro   0x0000000000000238      0x5c0 ./SPL/src/stm32f30x_rcc.o
 .debug_macro   0x00000000000007f8      0x1b0 ./SPL/src/stm32f30x_spi.o
 .debug_macro   0x00000000000009a8      0x3a5 ./SPL/src/stm32f30x_spi.o
 .debug_macro   0x0000000000000d4d      0x1b3 ./SPL/src/stm32f30x_usart.o
 .debug_macro   0x0000000000000f00      0x35e ./SPL/src/stm32f30x_usart.o
 .debug_macro   0x000000000000125e      0x305 ./Src/30010_io.o
 .debug_macro   0x0000000000001563       0x52 ./Src/30010_io.o
 .debug_macro   0x00000000000015b5       0x18 ./Src/30010_io.o
 .debug_macro   0x00000000000015cd       0x3c ./Src/30010_io.o
 .debug_macro   0x0000000000001609       0x34 ./Src/30010_io.o
 .debug_macro   0x000000000000163d       0x16 ./Src/30010_io.o
 .debug_macro   0x0000000000001653       0x97 ./Src/30010_io.o
 .debug_macro   0x00000000000016ea      0x339 ./Src/30010_io.o
 .debug_macro   0x0000000000001a23       0xfd ./Src/30010_io.o
 .debug_macro   0x0000000000001b20       0x10 ./Src/30010_io.o
 .debug_macro   0x0000000000001b30       0x16 ./Src/30010_io.o
 .debug_macro   0x0000000000001b46       0x43 ./Src/30010_io.o
 .debug_macro   0x0000000000001b89       0x34 ./Src/30010_io.o
 .debug_macro   0x0000000000001bbd       0x10 ./Src/30010_io.o
 .debug_macro   0x0000000000001bcd       0x58 ./Src/30010_io.o
 .debug_macro   0x0000000000001c25       0x71 ./Src/30010_io.o
 .debug_macro   0x0000000000001c96       0x1c ./Src/30010_io.o
 .debug_macro   0x0000000000001cb2      0x12a ./Src/30010_io.o
 .debug_macro   0x0000000000001ddc       0x10 ./Src/30010_io.o
 .debug_macro   0x0000000000001dec       0x1c ./Src/30010_io.o
 .debug_macro   0x0000000000001e08       0x52 ./Src/30010_io.o
 .debug_macro   0x0000000000001e5a       0x22 ./Src/30010_io.o
 .debug_macro   0x0000000000001e7c       0x10 ./Src/30010_io.o
 .debug_macro   0x0000000000001e8c       0x40 ./Src/30010_io.o
 .debug_macro   0x0000000000001ecc       0xd5 ./Src/30010_io.o
 .debug_macro   0x0000000000001fa1       0x1c ./Src/30010_io.o
 .debug_macro   0x0000000000001fbd       0x3d ./Src/30010_io.o
 .debug_macro   0x0000000000001ffa       0x16 ./Src/30010_io.o
 .debug_macro   0x0000000000002010      0x145 ./Src/30010_io.o
 .debug_macro   0x0000000000002155      0x31a ./Src/Joystick.o
 .debug_macro   0x000000000000246f       0x10 ./Src/Joystick.o
 .debug_macro   0x000000000000247f       0x10 ./Src/Joystick.o
 .debug_macro   0x000000000000248f       0x16 ./Src/Joystick.o
 .debug_macro   0x00000000000024a5      0x1f2 ./Src/LCD.o
 .debug_macro   0x0000000000002697      0x1fb ./Src/LCDgameplay.o
 .debug_macro   0x0000000000002892       0x16 ./Src/LCDgameplay.o
 .debug_macro   0x00000000000028a8      0x30c ./Src/LED.o
 .debug_macro   0x0000000000002bb4      0x1de ./Src/Window.o
 .debug_macro   0x0000000000002d92      0x1de ./Src/ansi.o
 .debug_macro   0x0000000000002f70      0x315 ./Src/buzzer.o
 .debug_macro   0x0000000000003285       0x1b ./Src/charset.o
 .debug_macro   0x00000000000032a0      0x347 ./Src/main.o
 .debug_macro   0x00000000000035e7      0x32d ./Src/menu.o
 .debug_macro   0x0000000000003914      0x24c ./Src/syscalls.o
 .debug_macro   0x0000000000003b60       0x4c ./Src/syscalls.o
 .debug_macro   0x0000000000003bac       0x94 ./Src/syscalls.o
 .debug_macro   0x0000000000003c40       0x57 ./Src/syscalls.o
 .debug_macro   0x0000000000003c97      0x174 ./Src/syscalls.o
 .debug_macro   0x0000000000003e0b       0x10 ./Src/syscalls.o
 .debug_macro   0x0000000000003e1b       0x35 ./Src/syscalls.o
 .debug_macro   0x0000000000003e50       0x10 ./Src/syscalls.o
 .debug_macro   0x0000000000003e60       0x10 ./Src/syscalls.o
 .debug_macro   0x0000000000003e70       0x35 ./Src/syscalls.o
 .debug_macro   0x0000000000003ea5      0x12c ./Src/syscalls.o
 .debug_macro   0x0000000000003fd1       0x16 ./Src/syscalls.o
 .debug_macro   0x0000000000003fe7       0x16 ./Src/syscalls.o
 .debug_macro   0x0000000000003ffd       0x29 ./Src/syscalls.o
 .debug_macro   0x0000000000004026       0x10 ./Src/syscalls.o
 .debug_macro   0x0000000000004036      0x241 ./Src/syscalls.o
 .debug_macro   0x0000000000004277       0x1c ./Src/syscalls.o
 .debug_macro   0x0000000000004293       0x10 ./Src/syscalls.o
 .debug_macro   0x00000000000042a3      0x189 ./Src/syscalls.o
 .debug_macro   0x000000000000442c       0x16 ./Src/syscalls.o
 .debug_macro   0x0000000000004442       0xce ./Src/syscalls.o
 .debug_macro   0x0000000000004510      0x1b1 ./Src/sysmem.o
 .debug_macro   0x00000000000046c1      0x23b ./Src/sysmem.o
 .debug_macro   0x00000000000048fc      0x197 ./Src/system_stm32f30x.o
 .debug_macro   0x0000000000004a93      0x314 ./Src/timer.o

.debug_line     0x0000000000000000     0xa5a8
 .debug_line    0x0000000000000000      0xea2 ./SPL/src/stm32f30x_rcc.o
 .debug_line    0x0000000000000ea2      0xc4f ./SPL/src/stm32f30x_spi.o
 .debug_line    0x0000000000001af1      0xdf0 ./SPL/src/stm32f30x_usart.o
 .debug_line    0x00000000000028e1      0xc1f ./Src/30010_io.o
 .debug_line    0x0000000000003500      0x94c ./Src/Joystick.o
 .debug_line    0x0000000000003e4c      0x88d ./Src/LCD.o
 .debug_line    0x00000000000046d9      0x78b ./Src/LCDgameplay.o
 .debug_line    0x0000000000004e64      0x8fe ./Src/LED.o
 .debug_line    0x0000000000005762      0x7fc ./Src/Window.o
 .debug_line    0x0000000000005f5e      0x6c2 ./Src/ansi.o
 .debug_line    0x0000000000006620      0x9b6 ./Src/buzzer.o
 .debug_line    0x0000000000006fd6       0x8c ./Src/charset.o
 .debug_line    0x0000000000007062      0x944 ./Src/main.o
 .debug_line    0x00000000000079a6      0xaf5 ./Src/menu.o
 .debug_line    0x000000000000849b      0x7fd ./Src/syscalls.o
 .debug_line    0x0000000000008c98      0x585 ./Src/sysmem.o
 .debug_line    0x000000000000921d      0x7aa ./Src/system_stm32f30x.o
 .debug_line    0x00000000000099c7      0xb5d ./Src/timer.o
 .debug_line    0x000000000000a524       0x84 ./Startup/startup_stm32f302r8tx.o

.debug_str      0x0000000000000000    0x5a8c6
 .debug_str     0x0000000000000000    0x53568 ./SPL/src/stm32f30x_rcc.o
                                      0x53724 (size before relaxing)
 .debug_str     0x0000000000053568      0x51f ./SPL/src/stm32f30x_spi.o
                                      0x53301 (size before relaxing)
 .debug_str     0x0000000000053a87      0x7e8 ./SPL/src/stm32f30x_usart.o
                                      0x535f8 (size before relaxing)
 .debug_str     0x000000000005426f     0x489e ./Src/30010_io.o
                                      0x57876 (size before relaxing)
 .debug_str     0x0000000000058b0d      0x11f ./Src/Joystick.o
                                      0x57237 (size before relaxing)
 .debug_str     0x0000000000058c2c       0xc8 ./Src/LCD.o
                                       0x82fe (size before relaxing)
 .debug_str     0x0000000000058cf4       0xb1 ./Src/LCDgameplay.o
                                       0x834d (size before relaxing)
 .debug_str     0x0000000000058da5       0x1e ./Src/LED.o
                                      0x571aa (size before relaxing)
 .debug_str     0x0000000000058dc3       0x4f ./Src/Window.o
                                       0x8268 (size before relaxing)
 .debug_str     0x0000000000058e12       0x56 ./Src/ansi.o
                                       0x827c (size before relaxing)
 .debug_str     0x0000000000058e68      0x131 ./Src/buzzer.o
                                      0x577e2 (size before relaxing)
 .debug_str     0x0000000000058f99       0x11 ./Src/charset.o
                                       0x2e35 (size before relaxing)
 .debug_str     0x0000000000058faa       0x3e ./Src/main.o
                                      0x572ae (size before relaxing)
 .debug_str     0x0000000000058fe8       0x49 ./Src/menu.o
                                      0x5724f (size before relaxing)
 .debug_str     0x0000000000059031     0x175c ./Src/syscalls.o
                                       0x8f11 (size before relaxing)
 .debug_str     0x000000000005a78d       0x31 ./Src/sysmem.o
                                       0x7be7 (size before relaxing)
 .debug_str     0x000000000005a7be       0x7f ./Src/system_stm32f30x.o
                                      0x52da6 (size before relaxing)
 .debug_str     0x000000000005a83d       0x58 ./Src/timer.o
                                      0x577db (size before relaxing)
 .debug_str     0x000000000005a895       0x31 ./Startup/startup_stm32f302r8tx.o
                                         0x81 (size before relaxing)

.comment        0x0000000000000000       0x53
 .comment       0x0000000000000000       0x53 ./SPL/src/stm32f30x_rcc.o
                                         0x54 (size before relaxing)
 .comment       0x0000000000000053       0x54 ./SPL/src/stm32f30x_spi.o
 .comment       0x0000000000000053       0x54 ./SPL/src/stm32f30x_usart.o
 .comment       0x0000000000000053       0x54 ./Src/30010_io.o
 .comment       0x0000000000000053       0x54 ./Src/Joystick.o
 .comment       0x0000000000000053       0x54 ./Src/LCD.o
 .comment       0x0000000000000053       0x54 ./Src/LCDgameplay.o
 .comment       0x0000000000000053       0x54 ./Src/LED.o
 .comment       0x0000000000000053       0x54 ./Src/Window.o
 .comment       0x0000000000000053       0x54 ./Src/ansi.o
 .comment       0x0000000000000053       0x54 ./Src/buzzer.o
 .comment       0x0000000000000053       0x54 ./Src/charset.o
 .comment       0x0000000000000053       0x54 ./Src/main.o
 .comment       0x0000000000000053       0x54 ./Src/menu.o
 .comment       0x0000000000000053       0x54 ./Src/syscalls.o
 .comment       0x0000000000000053       0x54 ./Src/sysmem.o
 .comment       0x0000000000000053       0x54 ./Src/system_stm32f30x.o
 .comment       0x0000000000000053       0x54 ./Src/timer.o

.debug_frame    0x0000000000000000     0x2970
 .debug_frame   0x0000000000000000      0x60c ./SPL/src/stm32f30x_rcc.o
 .debug_frame   0x000000000000060c      0x508 ./SPL/src/stm32f30x_spi.o
 .debug_frame   0x0000000000000b14      0x7b0 ./SPL/src/stm32f30x_usart.o
 .debug_frame   0x00000000000012c4      0x1b4 ./Src/30010_io.o
 .debug_frame   0x0000000000001478       0x58 ./Src/Joystick.o
 .debug_frame   0x00000000000014d0       0xc4 ./Src/LCD.o
 .debug_frame   0x0000000000001594       0xe4 ./Src/LCDgameplay.o
 .debug_frame   0x0000000000001678       0x50 ./Src/LED.o
 .debug_frame   0x00000000000016c8       0x80 ./Src/Window.o
 .debug_frame   0x0000000000001748      0x13c ./Src/ansi.o
 .debug_frame   0x0000000000001884       0xe0 ./Src/buzzer.o
 .debug_frame   0x0000000000001964       0x30 ./Src/main.o
 .debug_frame   0x0000000000001994       0xbc ./Src/menu.o
 .debug_frame   0x0000000000001a50      0x2ac ./Src/syscalls.o
 .debug_frame   0x0000000000001cfc       0x34 ./Src/sysmem.o
 .debug_frame   0x0000000000001d30       0x74 ./Src/system_stm32f30x.o
 .debug_frame   0x0000000000001da4      0x130 ./Src/timer.o
 .debug_frame   0x0000000000001ed4       0x20 c:/st/stm32cubeide_1.8.0/stm32cubeide/plugins/com.st.stm32cube.ide.mcu.externaltools.gnu-tools-for-stm32.9-2020-q2-update.win32_2.0.0.202105311346/tools/bin/../lib/gcc/arm-none-eabi/9.3.1/../../../../arm-none-eabi/lib/thumb/v7e-m+fp/hard\libc_nano.a(lib_a-errno.o)
 .debug_frame   0x0000000000001ef4       0x2c c:/st/stm32cubeide_1.8.0/stm32cubeide/plugins/com.st.stm32cube.ide.mcu.externaltools.gnu-tools-for-stm32.9-2020-q2-update.win32_2.0.0.202105311346/tools/bin/../lib/gcc/arm-none-eabi/9.3.1/../../../../arm-none-eabi/lib/thumb/v7e-m+fp/hard\libc_nano.a(lib_a-init.o)
 .debug_frame   0x0000000000001f20       0x20 c:/st/stm32cubeide_1.8.0/stm32cubeide/plugins/com.st.stm32cube.ide.mcu.externaltools.gnu-tools-for-stm32.9-2020-q2-update.win32_2.0.0.202105311346/tools/bin/../lib/gcc/arm-none-eabi/9.3.1/../../../../arm-none-eabi/lib/thumb/v7e-m+fp/hard\libc_nano.a(lib_a-memset.o)
 .debug_frame   0x0000000000001f40       0x74 c:/st/stm32cubeide_1.8.0/stm32cubeide/plugins/com.st.stm32cube.ide.mcu.externaltools.gnu-tools-for-stm32.9-2020-q2-update.win32_2.0.0.202105311346/tools/bin/../lib/gcc/arm-none-eabi/9.3.1/../../../../arm-none-eabi/lib/thumb/v7e-m+fp/hard\libc_nano.a(lib_a-printf.o)
 .debug_frame   0x0000000000001fb4       0x50 c:/st/stm32cubeide_1.8.0/stm32cubeide/plugins/com.st.stm32cube.ide.mcu.externaltools.gnu-tools-for-stm32.9-2020-q2-update.win32_2.0.0.202105311346/tools/bin/../lib/gcc/arm-none-eabi/9.3.1/../../../../arm-none-eabi/lib/thumb/v7e-m+fp/hard\libc_nano.a(lib_a-putchar.o)
 .debug_frame   0x0000000000002004       0x20 c:/st/stm32cubeide_1.8.0/stm32cubeide/plugins/com.st.stm32cube.ide.mcu.externaltools.gnu-tools-for-stm32.9-2020-q2-update.win32_2.0.0.202105311346/tools/bin/../lib/gcc/arm-none-eabi/9.3.1/../../../../arm-none-eabi/lib/thumb/v7e-m+fp/hard\libc_nano.a(lib_a-setbuf.o)
 .debug_frame   0x0000000000002024       0x38 c:/st/stm32cubeide_1.8.0/stm32cubeide/plugins/com.st.stm32cube.ide.mcu.externaltools.gnu-tools-for-stm32.9-2020-q2-update.win32_2.0.0.202105311346/tools/bin/../lib/gcc/arm-none-eabi/9.3.1/../../../../arm-none-eabi/lib/thumb/v7e-m+fp/hard\libc_nano.a(lib_a-setvbuf.o)
 .debug_frame   0x000000000000205c       0x6c c:/st/stm32cubeide_1.8.0/stm32cubeide/plugins/com.st.stm32cube.ide.mcu.externaltools.gnu-tools-for-stm32.9-2020-q2-update.win32_2.0.0.202105311346/tools/bin/../lib/gcc/arm-none-eabi/9.3.1/../../../../arm-none-eabi/lib/thumb/v7e-m+fp/hard\libc_nano.a(lib_a-sprintf.o)
 .debug_frame   0x00000000000020c8       0x5c c:/st/stm32cubeide_1.8.0/stm32cubeide/plugins/com.st.stm32cube.ide.mcu.externaltools.gnu-tools-for-stm32.9-2020-q2-update.win32_2.0.0.202105311346/tools/bin/../lib/gcc/arm-none-eabi/9.3.1/../../../../arm-none-eabi/lib/thumb/v7e-m+fp/hard\libc_nano.a(lib_a-fflush.o)
 .debug_frame   0x0000000000002124      0x14c c:/st/stm32cubeide_1.8.0/stm32cubeide/plugins/com.st.stm32cube.ide.mcu.externaltools.gnu-tools-for-stm32.9-2020-q2-update.win32_2.0.0.202105311346/tools/bin/../lib/gcc/arm-none-eabi/9.3.1/../../../../arm-none-eabi/lib/thumb/v7e-m+fp/hard\libc_nano.a(lib_a-findfp.o)
 .debug_frame   0x0000000000002270       0x54 c:/st/stm32cubeide_1.8.0/stm32cubeide/plugins/com.st.stm32cube.ide.mcu.externaltools.gnu-tools-for-stm32.9-2020-q2-update.win32_2.0.0.202105311346/tools/bin/../lib/gcc/arm-none-eabi/9.3.1/../../../../arm-none-eabi/lib/thumb/v7e-m+fp/hard\libc_nano.a(lib_a-fwalk.o)
 .debug_frame   0x00000000000022c4       0xb0 c:/st/stm32cubeide_1.8.0/stm32cubeide/plugins/com.st.stm32cube.ide.mcu.externaltools.gnu-tools-for-stm32.9-2020-q2-update.win32_2.0.0.202105311346/tools/bin/../lib/gcc/arm-none-eabi/9.3.1/../../../../arm-none-eabi/lib/thumb/v7e-m+fp/hard\libc_nano.a(lib_a-lock.o)
 .debug_frame   0x0000000000002374       0x58 c:/st/stm32cubeide_1.8.0/stm32cubeide/plugins/com.st.stm32cube.ide.mcu.externaltools.gnu-tools-for-stm32.9-2020-q2-update.win32_2.0.0.202105311346/tools/bin/../lib/gcc/arm-none-eabi/9.3.1/../../../../arm-none-eabi/lib/thumb/v7e-m+fp/hard\libc_nano.a(lib_a-makebuf.o)
 .debug_frame   0x00000000000023cc       0x30 c:/st/stm32cubeide_1.8.0/stm32cubeide/plugins/com.st.stm32cube.ide.mcu.externaltools.gnu-tools-for-stm32.9-2020-q2-update.win32_2.0.0.202105311346/tools/bin/../lib/gcc/arm-none-eabi/9.3.1/../../../../arm-none-eabi/lib/thumb/v7e-m+fp/hard\libc_nano.a(lib_a-malloc.o)
 .debug_frame   0x00000000000023fc       0x38 c:/st/stm32cubeide_1.8.0/stm32cubeide/plugins/com.st.stm32cube.ide.mcu.externaltools.gnu-tools-for-stm32.9-2020-q2-update.win32_2.0.0.202105311346/tools/bin/../lib/gcc/arm-none-eabi/9.3.1/../../../../arm-none-eabi/lib/thumb/v7e-m+fp/hard\libc_nano.a(lib_a-nano-freer.o)
 .debug_frame   0x0000000000002434       0x30 c:/st/stm32cubeide_1.8.0/stm32cubeide/plugins/com.st.stm32cube.ide.mcu.externaltools.gnu-tools-for-stm32.9-2020-q2-update.win32_2.0.0.202105311346/tools/bin/../lib/gcc/arm-none-eabi/9.3.1/../../../../arm-none-eabi/lib/thumb/v7e-m+fp/hard\libc_nano.a(lib_a-nano-mallocr.o)
 .debug_frame   0x0000000000002464       0x90 c:/st/stm32cubeide_1.8.0/stm32cubeide/plugins/com.st.stm32cube.ide.mcu.externaltools.gnu-tools-for-stm32.9-2020-q2-update.win32_2.0.0.202105311346/tools/bin/../lib/gcc/arm-none-eabi/9.3.1/../../../../arm-none-eabi/lib/thumb/v7e-m+fp/hard\libc_nano.a(lib_a-nano-svfprintf.o)
 .debug_frame   0x00000000000024f4       0xac c:/st/stm32cubeide_1.8.0/stm32cubeide/plugins/com.st.stm32cube.ide.mcu.externaltools.gnu-tools-for-stm32.9-2020-q2-update.win32_2.0.0.202105311346/tools/bin/../lib/gcc/arm-none-eabi/9.3.1/../../../../arm-none-eabi/lib/thumb/v7e-m+fp/hard\libc_nano.a(lib_a-nano-vfprintf.o)
 .debug_frame   0x00000000000025a0       0x60 c:/st/stm32cubeide_1.8.0/stm32cubeide/plugins/com.st.stm32cube.ide.mcu.externaltools.gnu-tools-for-stm32.9-2020-q2-update.win32_2.0.0.202105311346/tools/bin/../lib/gcc/arm-none-eabi/9.3.1/../../../../arm-none-eabi/lib/thumb/v7e-m+fp/hard\libc_nano.a(lib_a-nano-vfprintf_i.o)
 .debug_frame   0x0000000000002600       0x3c c:/st/stm32cubeide_1.8.0/stm32cubeide/plugins/com.st.stm32cube.ide.mcu.externaltools.gnu-tools-for-stm32.9-2020-q2-update.win32_2.0.0.202105311346/tools/bin/../lib/gcc/arm-none-eabi/9.3.1/../../../../arm-none-eabi/lib/thumb/v7e-m+fp/hard\libc_nano.a(lib_a-putc.o)
 .debug_frame   0x000000000000263c       0x2c c:/st/stm32cubeide_1.8.0/stm32cubeide/plugins/com.st.stm32cube.ide.mcu.externaltools.gnu-tools-for-stm32.9-2020-q2-update.win32_2.0.0.202105311346/tools/bin/../lib/gcc/arm-none-eabi/9.3.1/../../../../arm-none-eabi/lib/thumb/v7e-m+fp/hard\libc_nano.a(lib_a-sbrkr.o)
 .debug_frame   0x0000000000002668       0x88 c:/st/stm32cubeide_1.8.0/stm32cubeide/plugins/com.st.stm32cube.ide.mcu.externaltools.gnu-tools-for-stm32.9-2020-q2-update.win32_2.0.0.202105311346/tools/bin/../lib/gcc/arm-none-eabi/9.3.1/../../../../arm-none-eabi/lib/thumb/v7e-m+fp/hard\libc_nano.a(lib_a-stdio.o)