GameScreen.c:4:6:startWindow	40	static
GameScreen.c:32:6:spaceship	72	static
GameScreen.c:140:6:spaceshipDelete	56	static
GameScreen.c:175:6:fire	56	static
GameScreen.c:319:6:fireDelete	48	static
GameScreen.c:343:6:playerInShipR	24	static
GameScreen.c:393:6:playerInShipL	24	static
GameScreen.c:443:6:playerInSpaceR	24	static
GameScreen.c:501:6:playerInSpaceL	24	static
GameScreen.c:559:6:playerInSpaceUSDL	24	static
GameScreen.c:617:6:playerInSpaceUSDR	24	static
GameScreen.c:675:6:goDuckUP1	24	static
GameScreen.c:705:6:goDuckUPMove1	24	static
GameScreen.c:722:6:goDuckUP2	24	static
GameScreen.c:751:6:goDuckUPMove2	24	static
GameScreen.c:761:6:goDuckMID1	24	static
GameScreen.c:791:6:goDuckMID2	24	static
GameScreen.c:820:6:goDuckMIDMove2	24	static
GameScreen.c:836:6:goDuckUSD1	24	static
GameScreen.c:866:6:goDuckUSD2	24	static
GameScreen.c:895:6:goDuckUSDMove2	24	static
GameScreen.c:911:6:fat	16	static
GameScreen.c:920:6:playerDelete	40	static
GameScreen.c:936:6:canonFire	32	static
GameScreen.c:985:6:Broken	32	static
GameScreen.c:1044:6:duckExplotion	96	static
